Component: ARM Compiler 5.06 update 6 (build 750) Tool: armlink [4d35ed]

==============================================================================

Section Cross References

    system_stm32f10x.o(i.SetSysClock) refers to system_stm32f10x.o(i.SetSysClockTo72) for SetSysClockTo72
    system_stm32f10x.o(i.SystemCoreClockUpdate) refers to system_stm32f10x.o(.data) for SystemCoreClock
    system_stm32f10x.o(i.SystemInit) refers to system_stm32f10x.o(i.SetSysClock) for SetSysClock
    startup_stm32f10x_md.o(STACK) refers (Special) to heapauxi.o(.text) for __use_two_region_memory
    startup_stm32f10x_md.o(HEAP) refers (Special) to heapauxi.o(.text) for __use_two_region_memory
    startup_stm32f10x_md.o(RESET) refers (Special) to heapauxi.o(.text) for __use_two_region_memory
    startup_stm32f10x_md.o(RESET) refers to startup_stm32f10x_md.o(STACK) for __initial_sp
    startup_stm32f10x_md.o(RESET) refers to startup_stm32f10x_md.o(.text) for Reset_Handler
    startup_stm32f10x_md.o(RESET) refers to stm32f10x_it.o(i.NMI_Handler) for NMI_Handler
    startup_stm32f10x_md.o(RESET) refers to stm32f10x_it.o(i.HardFault_Handler) for HardFault_Handler
    startup_stm32f10x_md.o(RESET) refers to stm32f10x_it.o(i.MemManage_Handler) for MemManage_Handler
    startup_stm32f10x_md.o(RESET) refers to stm32f10x_it.o(i.BusFault_Handler) for BusFault_Handler
    startup_stm32f10x_md.o(RESET) refers to stm32f10x_it.o(i.UsageFault_Handler) for UsageFault_Handler
    startup_stm32f10x_md.o(RESET) refers to stm32f10x_it.o(i.SVC_Handler) for SVC_Handler
    startup_stm32f10x_md.o(RESET) refers to stm32f10x_it.o(i.DebugMon_Handler) for DebugMon_Handler
    startup_stm32f10x_md.o(RESET) refers to stm32f10x_it.o(i.PendSV_Handler) for PendSV_Handler
    startup_stm32f10x_md.o(RESET) refers to stm32f10x_it.o(i.SysTick_Handler) for SysTick_Handler
    startup_stm32f10x_md.o(RESET) refers to timer.o(i.TIM2_IRQHandler) for TIM2_IRQHandler
    startup_stm32f10x_md.o(RESET) refers to pub_timer.o(i.TIM3_IRQHandler) for TIM3_IRQHandler
    startup_stm32f10x_md.o(RESET) refers to usart1.o(i.USART1_IRQHandler) for USART1_IRQHandler
    startup_stm32f10x_md.o(RESET) refers to usart2.o(i.USART2_IRQHandler) for USART2_IRQHandler
    startup_stm32f10x_md.o(RESET) refers to bc26rx.o(i.USART3_IRQHandler) for USART3_IRQHandler
    startup_stm32f10x_md.o(RESET) refers to rtc.o(i.RTCAlarm_IRQHandler) for RTCAlarm_IRQHandler
    startup_stm32f10x_md.o(.text) refers (Special) to heapauxi.o(.text) for __use_two_region_memory
    startup_stm32f10x_md.o(.text) refers to system_stm32f10x.o(i.SystemInit) for SystemInit
    startup_stm32f10x_md.o(.text) refers to __main.o(!!!main) for __main
    startup_stm32f10x_md.o(.text) refers to startup_stm32f10x_md.o(HEAP) for Heap_Mem
    startup_stm32f10x_md.o(.text) refers to startup_stm32f10x_md.o(STACK) for Stack_Mem
    stm32f10x_adc.o(i.ADC_DeInit) refers to stm32f10x_rcc.o(i.RCC_APB2PeriphResetCmd) for RCC_APB2PeriphResetCmd
    stm32f10x_bkp.o(i.BKP_DeInit) refers to stm32f10x_rcc.o(i.RCC_BackupResetCmd) for RCC_BackupResetCmd
    stm32f10x_can.o(i.CAN_DeInit) refers to stm32f10x_rcc.o(i.RCC_APB1PeriphResetCmd) for RCC_APB1PeriphResetCmd
    stm32f10x_can.o(i.CAN_GetITStatus) refers to stm32f10x_can.o(i.CheckITStatus) for CheckITStatus
    stm32f10x_cec.o(i.CEC_DeInit) refers to stm32f10x_rcc.o(i.RCC_APB1PeriphResetCmd) for RCC_APB1PeriphResetCmd
    stm32f10x_dac.o(i.DAC_DeInit) refers to stm32f10x_rcc.o(i.RCC_APB1PeriphResetCmd) for RCC_APB1PeriphResetCmd
    stm32f10x_flash.o(i.FLASH_EnableWriteProtection) refers to stm32f10x_flash.o(i.FLASH_WaitForLastOperation) for FLASH_WaitForLastOperation
    stm32f10x_flash.o(i.FLASH_EraseAllBank1Pages) refers to stm32f10x_flash.o(i.FLASH_WaitForLastBank1Operation) for FLASH_WaitForLastBank1Operation
    stm32f10x_flash.o(i.FLASH_EraseAllPages) refers to stm32f10x_flash.o(i.FLASH_WaitForLastOperation) for FLASH_WaitForLastOperation
    stm32f10x_flash.o(i.FLASH_EraseOptionBytes) refers to stm32f10x_flash.o(i.FLASH_GetReadOutProtectionStatus) for FLASH_GetReadOutProtectionStatus
    stm32f10x_flash.o(i.FLASH_EraseOptionBytes) refers to stm32f10x_flash.o(i.FLASH_WaitForLastOperation) for FLASH_WaitForLastOperation
    stm32f10x_flash.o(i.FLASH_ErasePage) refers to stm32f10x_flash.o(i.FLASH_WaitForLastOperation) for FLASH_WaitForLastOperation
    stm32f10x_flash.o(i.FLASH_ProgramHalfWord) refers to stm32f10x_flash.o(i.FLASH_WaitForLastOperation) for FLASH_WaitForLastOperation
    stm32f10x_flash.o(i.FLASH_ProgramOptionByteData) refers to stm32f10x_flash.o(i.FLASH_WaitForLastOperation) for FLASH_WaitForLastOperation
    stm32f10x_flash.o(i.FLASH_ProgramWord) refers to stm32f10x_flash.o(i.FLASH_WaitForLastOperation) for FLASH_WaitForLastOperation
    stm32f10x_flash.o(i.FLASH_ReadOutProtection) refers to stm32f10x_flash.o(i.FLASH_WaitForLastOperation) for FLASH_WaitForLastOperation
[...]
    __rt_lib_init_alloca_1                   0x0800024f   Thumb Code     0  libinit2.o(.ARM.Collect$$libinit$$0000002E)
    __rt_lib_init_argv_1                     0x0800024f   Thumb Code     0  libinit2.o(.ARM.Collect$$libinit$$0000002C)
    __rt_lib_init_atexit_1                   0x0800024f   Thumb Code     0  libinit2.o(.ARM.Collect$$libinit$$0000001B)
    __rt_lib_init_clock_1                    0x0800024f   Thumb Code     0  libinit2.o(.ARM.Collect$$libinit$$00000021)
    __rt_lib_init_cpp_1                      0x0800024f   Thumb Code     0  libinit2.o(.ARM.Collect$$libinit$$00000032)
    __rt_lib_init_exceptions_1               0x0800024f   Thumb Code     0  libinit2.o(.ARM.Collect$$libinit$$00000030)
    __rt_lib_init_fp_trap_1                  0x0800024f   Thumb Code     0  libinit2.o(.ARM.Collect$$libinit$$0000001F)
    __rt_lib_init_getenv_1                   0x0800024f   Thumb Code     0  libinit2.o(.ARM.Collect$$libinit$$00000023)
    __rt_lib_init_lc_numeric_1               0x0800024f   Thumb Code     0  libinit2.o(.ARM.Collect$$libinit$$00000017)
    __rt_lib_init_lc_time_1                  0x0800024f   Thumb Code     0  libinit2.o(.ARM.Collect$$libinit$$00000019)
    __rt_lib_init_return                     0x0800024f   Thumb Code     0  libinit2.o(.ARM.Collect$$libinit$$00000033)
    __rt_lib_init_signal_1                   0x0800024f   Thumb Code     0  libinit2.o(.ARM.Collect$$libinit$$0000001D)
    __rt_lib_init_stdio_1                    0x0800024f   Thumb Code     0  libinit2.o(.ARM.Collect$$libinit$$00000025)
    __rt_lib_shutdown                        0x08000251   Thumb Code     0  libshutdown.o(.ARM.Collect$$libshutdown$$00000000)
    __rt_lib_shutdown_cpp_1                  0x08000253   Thumb Code     0  libshutdown2.o(.ARM.Collect$$libshutdown$$00000002)
    __rt_lib_shutdown_fp_trap_1              0x08000253   Thumb Code     0  libshutdown2.o(.ARM.Collect$$libshutdown$$00000007)
    __rt_lib_shutdown_heap_1                 0x08000253   Thumb Code     0  libshutdown2.o(.ARM.Collect$$libshutdown$$0000000F)
    __rt_lib_shutdown_return                 0x08000253   Thumb Code     0  libshutdown2.o(.ARM.Collect$$libshutdown$$00000010)
    __rt_lib_shutdown_signal_1               0x08000253   Thumb Code     0  libshutdown2.o(.ARM.Collect$$libshutdown$$0000000A)
    __rt_lib_shutdown_stdio_1                0x08000253   Thumb Code     0  libshutdown2.o(.ARM.Collect$$libshutdown$$00000004)
    __rt_lib_shutdown_user_alloc_1           0x08000253   Thumb Code     0  libshutdown2.o(.ARM.Collect$$libshutdown$$0000000C)
    __rt_entry                               0x08000255   Thumb Code     0  __rtentry.o(.ARM.Collect$$rtentry$$00000000)
    __rt_entry_presh_1                       0x08000255   Thumb Code     0  __rtentry2.o(.ARM.Collect$$rtentry$$00000002)
    __rt_entry_sh                            0x08000255   Thumb Code     0  __rtentry4.o(.ARM.Collect$$rtentry$$00000004)
    __rt_entry_li                            0x0800025b   Thumb Code     0  __rtentry2.o(.ARM.Collect$$rtentry$$0000000A)
    __rt_entry_postsh_1                      0x0800025b   Thumb Code     0  __rtentry2.o(.ARM.Collect$$rtentry$$00000009)
    __rt_entry_main                          0x0800025f   Thumb Code     0  __rtentry2.o(.ARM.Collect$$rtentry$$0000000D)
    __rt_entry_postli_1                      0x0800025f   Thumb Code     0  __rtentry2.o(.ARM.Collect$$rtentry$$0000000C)
    __rt_exit                                0x08000267   Thumb Code     0  rtexit.o(.ARM.Collect$$rtexit$$00000000)
    __rt_exit_ls                             0x08000269   Thumb Code     0  rtexit2.o(.ARM.Collect$$rtexit$$00000003)
    __rt_exit_prels_1                        0x08000269   Thumb Code     0  rtexit2.o(.ARM.Collect$$rtexit$$00000002)
    __rt_exit_exit                           0x0800026d   Thumb Code     0  rtexit2.o(.ARM.Collect$$rtexit$$00000004)
    Reset_Handler                            0x08000275   Thumb Code     8  startup_stm32f10x_md.o(.text)
    ADC1_2_IRQHandler                        0x0800028f   Thumb Code     0  startup_stm32f10x_md.o(.text)
    CAN1_RX1_IRQHandler                      0x0800028f   Thumb Code     0  startup_stm32f10x_md.o(.text)
    CAN1_SCE_IRQHandler                      0x0800028f   Thumb Code     0  startup_stm32f10x_md.o(.text)
    DMA1_Channel1_IRQHandler                 0x0800028f   Thumb Code     0  startup_stm32f10x_md.o(.text)
    DMA1_Channel2_IRQHandler                 0x0800028f   Thumb Code     0  startup_stm32f10x_md.o(.text)
    DMA1_Channel3_IRQHandler                 0x0800028f   Thumb Code     0  startup_stm32f10x_md.o(.text)
    DMA1_Channel4_IRQHandler                 0x0800028f   Thumb Code     0  startup_stm32f10x_md.o(.text)
    DMA1_Channel5_IRQHandler                 0x0800028f   Thumb Code     0  startup_stm32f10x_md.o(.text)
    DMA1_Channel6_IRQHandler                 0x0800028f   Thumb Code     0  startup_stm32f10x_md.o(.text)
    DMA1_Channel7_IRQHandler                 0x0800028f   Thumb Code     0  startup_stm32f10x_md.o(.text)
    EXTI0_IRQHandler                         0x0800028f   Thumb Code     0  startup_stm32f10x_md.o(.text)
    EXTI15_10_IRQHandler                     0x0800028f   Thumb Code     0  startup_stm32f10x_md.o(.text)
    EXTI1_IRQHandler                         0x0800028f   Thumb Code     0  startup_stm32f10x_md.o(.text)
    EXTI2_IRQHandler                         0x0800028f   Thumb Code     0  startup_stm32f10x_md.o(.text)
    EXTI3_IRQHandler                         0x0800028f   Thumb Code     0  startup_stm32f10x_md.o(.text)
    EXTI4_IRQHandler                         0x0800028f   Thumb Code     0  startup_stm32f10x_md.o(.text)
    EXTI9_5_IRQHandler                       0x0800028f   Thumb Code     0  startup_stm32f10x_md.o(.text)
    FLASH_IRQHandler                         0x0800028f   Thumb Code     0  startup_stm32f10x_md.o(.text)
    I2C1_ER_IRQHandler                       0x0800028f   Thumb Code     0  startup_stm32f10x_md.o(.text)
    I2C1_EV_IRQHandler                       0x0800028f   Thumb Code     0  startup_stm32f10x_md.o(.text)
    I2C2_ER_IRQHandler                       0x0800028f   Thumb Code     0  startup_stm32f10x_md.o(.text)
    I2C2_EV_IRQHandler                       0x0800028f   Thumb Code     0  startup_stm32f10x_md.o(.text)
    PVD_IRQHandler                           0x0800028f   Thumb Code     0  startup_stm32f10x_md.o(.text)
    RCC_IRQHandler                           0x0800028f   Thumb Code     0  startup_stm32f10x_md.o(.text)
    RTC_IRQHandler                           0x0800028f   Thumb Code     0  startup_stm32f10x_md.o(.text)
    SPI1_IRQHandler                          0x0800028f   Thumb Code     0  startup_stm32f10x_md.o(.text)
    SPI2_IRQHandler                          0x0800028f   Thumb Code     0  startup_stm32f10x_md.o(.text)
    TAMPER_IRQHandler                        0x0800028f   Thumb Code     0  startup_stm32f10x_md.o(.text)
    TIM1_BRK_IRQHandler                      0x0800028f   Thumb Code     0  startup_stm32f10x_md.o(.text)
    TIM1_CC_IRQHandler                       0x0800028f   Thumb Code     0  startup_stm32f10x_md.o(.text)
    TIM1_TRG_COM_IRQHandler                  0x0800028f   Thumb Code     0  startup_stm32f10x_md.o(.text)
    TIM1_UP_IRQHandler                       0x0800028f   Thumb Code     0  startup_stm32f10x_md.o(.text)
    TIM4_IRQHandler                          0x0800028f   Thumb Code     0  startup_stm32f10x_md.o(.text)
    USBWakeUp_IRQHandler                     0x0800028f   Thumb Code     0  startup_stm32f10x_md.o(.text)
    USB_HP_CAN1_TX_IRQHandler                0x0800028f   Thumb Code     0  startup_stm32f10x_md.o(.text)
    USB_LP_CAN1_RX0_IRQHandler               0x0800028f   Thumb Code     0  startup_stm32f10x_md.o(.text)
    WWDG_IRQHandler                          0x0800028f   Thumb Code     0  startup_stm32f10x_md.o(.text)
    __user_initial_stackheap                 0x08000291   Thumb Code     0  startup_stm32f10x_md.o(.text)
    vsprintf                                 0x080002b5   Thumb Code    32  vsprintf.o(.text)
    strstr                                   0x080002d9   Thumb Code    36  strstr.o(.text)
    strcat                                   0x080002fd   Thumb Code    24  strcat.o(.text)
    __use_two_region_memory                  0x08000315   Thumb Code     2  heapauxi.o(.text)
    __rt_heap_escrow$2region                 0x08000317   Thumb Code     2  heapauxi.o(.text)
    __rt_heap_expand$2region                 0x08000319   Thumb Code     2  heapauxi.o(.text)
    _printf_pre_padding                      0x0800031b   Thumb Code    44  _printf_pad.o(.text)
    _printf_post_padding                     0x08000347   Thumb Code    34  _printf_pad.o(.text)
    _printf_truncate_signed                  0x08000369   Thumb Code    18  _printf_truncate.o(.text)
    _printf_truncate_unsigned                0x0800037b   Thumb Code    18  _printf_truncate.o(.text)
    _printf_str                              0x0800038d   Thumb Code    82  _printf_str.o(.text)
    _printf_int_dec                          0x080003e1   Thumb Code   104  _printf_dec.o(.text)
    _printf_charcount                        0x08000459   Thumb Code    40  _printf_charcount.o(.text)
    _printf_char_common                      0x0800048b   Thumb Code    32  _printf_char_common.o(.text)
    _sputc                                   0x080004b1   Thumb Code    10  _sputc.o(.text)
    _printf_wctomb                           0x080004bd   Thumb Code   182  _printf_wctomb.o(.text)
    _printf_longlong_dec                     0x08000579   Thumb Code   108  _printf_longlong_dec.o(.text)
    _printf_longlong_oct                     0x080005f5   Thumb Code    66  _printf_oct_int_ll.o(.text)
    _printf_int_oct                          0x08000637   Thumb Code    24  _printf_oct_int_ll.o(.text)
    _printf_ll_oct                           0x0800064f   Thumb Code    12  _printf_oct_int_ll.o(.text)
    _printf_longlong_hex                     0x08000665   Thumb Code    86  _printf_hex_int_ll_ptr.o(.text)
    _printf_int_hex                          0x080006bb   Thumb Code    28  _printf_hex_int_ll_ptr.o(.text)
    _printf_ll_hex                           0x080006d7   Thumb Code    12  _printf_hex_int_ll_ptr.o(.text)
    _printf_hex_ptr                          0x080006e3   Thumb Code    18  _printf_hex_int_ll_ptr.o(.text)
    __printf                                 0x080006f9   Thumb Code   388  __printf_flags_ss_wp.o(.text)
    _ll_udiv10                               0x08000881   Thumb Code   138  lludiv10.o(.text)
    _printf_int_common                       0x0800090b   Thumb Code   178  _printf_intcommon.o(.text)
    __lib_sel_fp_printf                      0x080009bd   Thumb Code     2  _printf_fp_dec.o(.text)
    _printf_fp_dec_real                      0x08000b6f   Thumb Code   620  _printf_fp_dec.o(.text)
    _printf_fp_hex_real                      0x08000ddd   Thumb Code   756  _printf_fp_hex.o(.text)
    _printf_cs_common                        0x080010d9   Thumb Code    20  _printf_char.o(.text)
    _printf_char                             0x080010ed   Thumb Code    16  _printf_char.o(.text)
    _printf_string                           0x080010fd   Thumb Code     8  _printf_char.o(.text)
    _printf_lcs_common                       0x08001105   Thumb Code    20  _printf_wchar.o(.text)
    _printf_wchar                            0x08001119   Thumb Code    16  _printf_wchar.o(.text)
    _printf_wstring                          0x08001129   Thumb Code     8  _printf_wchar.o(.text)
    _wcrtomb                                 0x08001131   Thumb Code    64  _wcrtomb.o(.text)
    __user_setup_stackheap                   0x08001171   Thumb Code    74  sys_stackheap_outer.o(.text)
    __rt_ctype_table                         0x080011bd   Thumb Code    16  rt_ctype_table.o(.text)
    __rt_locale                              0x080011cd   Thumb Code     8  rt_locale_intlibspace.o(.text)
    _printf_fp_infnan                        0x080011d5   Thumb Code   112  _printf_fp_infnan.o(.text)
    _btod_etento                             0x08001255   Thumb Code   224  bigflt0.o(.text)
    exit                                     0x08001339   Thumb Code    18  exit.o(.text)
    __user_libspace                          0x0800134d   Thumb Code     8  libspace.o(.text)
    __user_perproc_libspace                  0x0800134d   Thumb Code     0  libspace.o(.text)
    __user_perthread_libspace                0x0800134d   Thumb Code     0  libspace.o(.text)
    strcmp                                   0x08001355   Thumb Code   128  strcmpv7m.o(.text)
    _sys_exit                                0x080013d5   Thumb Code     8  sys_exit.o(.text)
    __I$use$semihosting                      0x080013e1   Thumb Code     0  use_no_semi.o(.text)
    __use_no_semihosting_swi                 0x080013e1   Thumb Code     2  use_no_semi.o(.text)
    __semihosting_library_function           0x080013e3   Thumb Code     0  indicate_semi.o(.text)
    _btod_d2e                                0x080013e3   Thumb Code    62  btod.o(CL$$btod_d2e)
    _d2e_denorm_low                          0x08001421   Thumb Code    70  btod.o(CL$$btod_d2e_denorm_low)
    _d2e_norm_op1                            0x08001467   Thumb Code    96  btod.o(CL$$btod_d2e_norm_op1)
    __btod_div_common                        0x080014c7   Thumb Code   696  btod.o(CL$$btod_div_common)
    _e2e                                     0x080017ff   Thumb Code   220  btod.o(CL$$btod_e2e)
    _btod_ediv                               0x080018db   Thumb Code    42  btod.o(CL$$btod_ediv)
    _btod_emul                               0x08001905   Thumb Code    42  btod.o(CL$$btod_emul)
    __btod_mult_common                       0x0800192f   Thumb Code   580  btod.o(CL$$btod_mult_common)
    ADC_Cmd                                  0x08001b73   Thumb Code    22  stm32f10x_adc.o(i.ADC_Cmd)
    ADC_GetCalibrationStatus                 0x08001b89   Thumb Code    20  stm32f10x_adc.o(i.ADC_GetCalibrationStatus)
    ADC_GetConversionValue                   0x08001b9d   Thumb Code     8  stm32f10x_adc.o(i.ADC_GetConversionValue)
    ADC_GetFlagStatus                        0x08001ba5   Thumb Code    18  stm32f10x_adc.o(i.ADC_GetFlagStatus)
    ADC_GetResetCalibrationStatus            0x08001bb7   Thumb Code    20  stm32f10x_adc.o(i.ADC_GetResetCalibrationStatus)
    ADC_Init                                 0x08001bcd   Thumb Code    70  stm32f10x_adc.o(i.ADC_Init)
    ADC_RegularChannelConfig                 0x08001c1d   Thumb Code   184  stm32f10x_adc.o(i.ADC_RegularChannelConfig)
    ADC_ResetCalibration                     0x08001cd5   Thumb Code    10  stm32f10x_adc.o(i.ADC_ResetCalibration)
    ADC_SoftwareStartConvCmd                 0x08001cdf   Thumb Code    22  stm32f10x_adc.o(i.ADC_SoftwareStartConvCmd)
    ADC_StartCalibration                     0x08001cf5   Thumb Code    10  stm32f10x_adc.o(i.ADC_StartCalibration)
    BC26CardCheck                            0x08001d01   Thumb Code    60  bc26cardchecktask.o(i.BC26CardCheck)
    BC26CardCheckErrorOut                    0x08001d75   Thumb Code    46  bc26cardchecktask.o(i.BC26CardCheckErrorOut)
    BC26CardCheckResultHandle                0x08001db1   Thumb Code   104  bc26cardchecktask.o(i.BC26CardCheckResultHandle)
    BC26Check                                0x08001e5d   Thumb Code    42  bc26checktask.o(i.BC26Check)
    BC26CheckResultHandle                    0x08001e9d   Thumb Code    18  bc26checktask.o(i.BC26CheckResultHandle)
    BC26Connect                              0x08001ec9   Thumb Code    96  bc26connecttask.o(i.BC26Connect)
    BC26ConnectErrorOut                      0x08001f8d   Thumb Code    44  bc26connecttask.o(i.BC26ConnectErrorOut)
    BC26ConnectResultHandle                  0x08001fc5   Thumb Code   182  bc26connecttask.o(i.BC26ConnectResultHandle)
    BC26GpioInit                             0x080020ed   Thumb Code   120  bc26.o(i.BC26GpioInit)
    BC26IPCheck                              0x0800218d   Thumb Code    60  bc26ipchecktask.o(i.BC26IPCheck)
    BC26IPCheckErrorOut                      0x08002201   Thumb Code    44  bc26ipchecktask.o(i.BC26IPCheckErrorOut)
    BC26IPCheckResultHandle                  0x08002239   Thumb Code   104  bc26ipchecktask.o(i.BC26IPCheckResultHandle)
    BC26MQTTInitCheck                        0x080022dd   Thumb Code   108  bc26mqttinittask.o(i.BC26MQTTInitCheck)
    BC26MQTTInitResultHandle                 0x080023f1   Thumb Code    38  bc26mqttinittask.o(i.BC26MQTTInitResultHandle)
    BC26Open                                 0x08002435   Thumb Code    92  bc26opentask.o(i.BC26Open)
    BC26OpenErrorOut                         0x080024e9   Thumb Code    44  bc26opentask.o(i.BC26OpenErrorOut)
    BC26OpenResultHandle                     0x08002521   Thumb Code   182  bc26opentask.o(i.BC26OpenResultHandle)
    BC26Pub                                  0x08002631   Thumb Code   564  bc26pubtask.o(i.BC26Pub)
    BC26PubErrorOut                          0x08002959   Thumb Code    44  bc26pubtask.o(i.BC26PubErrorOut)
    BC26PubResultHandle                      0x08002991   Thumb Code   158  bc26pubtask.o(i.BC26PubResultHandle)
    BC26RXPBufferReader                      0x08002a75   Thumb Code   280  bc26rx.o(i.BC26RXPBufferReader)
    BC26ResetMission                         0x08002c0d   Thumb Code   126  bc26.o(i.BC26ResetMission)
    BC26TXATCommandViaUsart                  0x08002cbd   Thumb Code    12  bc26tx.o(i.BC26TXATCommandViaUsart)
    BC26TXFinish                             0x08002cd1   Thumb Code    10  bc26tx.o(i.BC26TXFinish)
    BC26TXRepeat                             0x08002ce1   Thumb Code    10  bc26tx.o(i.BC26TXRepeat)
    BC26TXRequest                            0x08002cf1   Thumb Code    52  bc26tx.o(i.BC26TXRequest)
    BC26TxAtCommand                          0x08002d29   Thumb Code    94  bc26tx.o(i.BC26TxAtCommand)
    BC26UsartInit                            0x08002d91   Thumb Code   270  bc26rx.o(i.BC26UsartInit)
    BusFault_Handler                         0x08002eb1   Thumb Code     4  stm32f10x_it.o(i.BusFault_Handler)
    DMA_Cmd                                  0x08002eb5   Thumb Code    24  stm32f10x_dma.o(i.DMA_Cmd)
    DMA_DeInit                               0x08002ecd   Thumb Code   324  stm32f10x_dma.o(i.DMA_DeInit)
    DMA_Init                                 0x08003019   Thumb Code    60  stm32f10x_dma.o(i.DMA_Init)
    DMA_SetCurrDataCounter                   0x08003055   Thumb Code     4  stm32f10x_dma.o(i.DMA_SetCurrDataCounter)
    DebugMon_Handler                         0x08003059   Thumb Code     2  stm32f10x_it.o(i.DebugMon_Handler)
    DelayInit                                0x0800305b   Thumb Code    18  delay.o(i.DelayInit)
    DelayMs                                  0x0800306d   Thumb Code    52  delay.o(i.DelayMs)
    DelayUs                                  0x080030a1   Thumb Code    50  delay.o(i.DelayUs)
    EXTI_ClearITPendingBit                   0x080030d5   Thumb Code     6  stm32f10x_exti.o(i.EXTI_ClearITPendingBit)
    GETDevicesID                             0x080030e1   Thumb Code   184  flash.o(i.GETDevicesID)
    GPIO_Init                                0x080031a1   Thumb Code   278  stm32f10x_gpio.o(i.GPIO_Init)
    GPIO_ReadInputDataBit                    0x080032b7   Thumb Code    18  stm32f10x_gpio.o(i.GPIO_ReadInputDataBit)
    GPIO_ResetBits                           0x080032c9   Thumb Code     4  stm32f10x_gpio.o(i.GPIO_ResetBits)
    GPIO_SetBits                             0x080032cd   Thumb Code     4  stm32f10x_gpio.o(i.GPIO_SetBits)
    HardFault_Handler                        0x080032d1   Thumb Code     4  stm32f10x_it.o(i.HardFault_Handler)
    IIC_Init                                 0x080032d5   Thumb Code    46  myiic.o(i.IIC_Init)
    IIC_Send_Byte                            0x08003309   Thumb Code    68  myiic.o(i.IIC_Send_Byte)
    IIC_Start                                0x08003359   Thumb Code    62  myiic.o(i.IIC_Start)
    IIC_Stop                                 0x080033a5   Thumb Code    60  myiic.o(i.IIC_Stop)
    IIC_Wait_Ack                             0x080033ed   Thumb Code    86  myiic.o(i.IIC_Wait_Ack)
    InitDevicesDatas                         0x08003451   Thumb Code   320  flash.o(i.InitDevicesDatas)
    MemManage_Handler                        0x08003629   Thumb Code     4  stm32f10x_it.o(i.MemManage_Handler)
    NMI_Handler                              0x0800362d   Thumb Code     2  stm32f10x_it.o(i.NMI_Handler)
    NVIC_Init                                0x08003631   Thumb Code   100  misc.o(i.NVIC_Init)
    NVIC_PriorityGroupConfig                 0x080036a1   Thumb Code    10  misc.o(i.NVIC_PriorityGroupConfig)
    OLED_Clear                               0x080036b5   Thumb Code    42  oled.o(i.OLED_Clear)
    OLED_DrawPoint                           0x080036e5   Thumb Code   100  oled.o(i.OLED_DrawPoint)
    OLED_Fill                                0x0800374d   Thumb Code    58  oled.o(i.OLED_Fill)
    OLED_Init                                0x08003787   Thumb Code   168  oled.o(i.OLED_Init)
    OLED_Refresh_Gram                        0x08003831   Thumb Code    62  oled.o(i.OLED_Refresh_Gram)
    OLED_ShowChar                            0x08003875   Thumb Code   254  oled.o(i.OLED_ShowChar)
    OLED_ShowString                          0x08003981   Thumb Code    94  oled.o(i.OLED_ShowString)
    OLED_WR_Byte                             0x080039df   Thumb Code    44  oled.o(i.OLED_WR_Byte)
    OLED_WR_Cmd                              0x08003a0b   Thumb Code    44  oled.o(i.OLED_WR_Cmd)
    PendSV_Handler                           0x08003a37   Thumb Code     2  stm32f10x_it.o(i.PendSV_Handler)
    QueueAdd                                 0x08003a39   Thumb Code    54  circularqueue.o(i.QueueAdd)
    QueueSub                                 0x08003a6f   Thumb Code    52  circularqueue.o(i.QueueSub)
    RCC_ADCCLKConfig                         0x08003aa5   Thumb Code    18  stm32f10x_rcc.o(i.RCC_ADCCLKConfig)
    RCC_AHBPeriphClockCmd                    0x08003abd   Thumb Code    26  stm32f10x_rcc.o(i.RCC_AHBPeriphClockCmd)
    RCC_APB1PeriphClockCmd                   0x08003add   Thumb Code    26  stm32f10x_rcc.o(i.RCC_APB1PeriphClockCmd)
    RCC_APB1PeriphResetCmd                   0x08003afd   Thumb Code    26  stm32f10x_rcc.o(i.RCC_APB1PeriphResetCmd)
    RCC_APB2PeriphClockCmd                   0x08003b1d   Thumb Code    26  stm32f10x_rcc.o(i.RCC_APB2PeriphClockCmd)
    RCC_APB2PeriphResetCmd                   0x08003b3d   Thumb Code    26  stm32f10x_rcc.o(i.RCC_APB2PeriphResetCmd)
    RCC_GetClocksFreq                        0x08003b5d   Thumb Code   192  stm32f10x_rcc.o(i.RCC_GetClocksFreq)
    RTCAlarm_IRQHandler                      0x08003c31   Thumb Code    42  rtc.o(i.RTCAlarm_IRQHandler)
    RTC_ClearITPendingBit                    0x08003c5d   Thumb Code    12  stm32f10x_rtc.o(i.RTC_ClearITPendingBit)
    RTC_EnterConfigMode                      0x08003c6d   Thumb Code    14  stm32f10x_rtc.o(i.RTC_EnterConfigMode)
    RTC_ExitConfigMode                       0x08003c81   Thumb Code    16  stm32f10x_rtc.o(i.RTC_ExitConfigMode)
    RTC_SetAlarm                             0x08003c95   Thumb Code    24  stm32f10x_rtc.o(i.RTC_SetAlarm)
    RTC_SetCounter                           0x08003cb1   Thumb Code    24  stm32f10x_rtc.o(i.RTC_SetCounter)
    RTC_WaitForLastTask                      0x08003ccd   Thumb Code    16  stm32f10x_rtc.o(i.RTC_WaitForLastTask)
    RXARespondHandle                         0x08003ce1   Thumb Code   246  bc26rx.o(i.RXARespondHandle)
    RXPRespondHandle                         0x08003ddd   Thumb Code   134  bc26rx.o(i.RXPRespondHandle)
    ReadFlashSeriesStrings                   0x08003e6d   Thumb Code    76  flash.o(i.ReadFlashSeriesStrings)
    RunTaskQueue                             0x08003ec5   Thumb Code    52  task.o(i.RunTaskQueue)
    SMOKE_Display                            0x08003ef9   Thumb Code    46  smoke.o(i.SMOKE_Display)
    STRESS_Display                           0x08003f2d   Thumb Code    46  hx711.o(i.STRESS_Display)
    SVC_Handler                              0x08003f61   Thumb Code     2  stm32f10x_it.o(i.SVC_Handler)
    SysTick_Handler                          0x0800404d   Thumb Code     2  stm32f10x_it.o(i.SysTick_Handler)
    SystemHardwareInit                       0x08004051   Thumb Code    56  systeminit.o(i.SystemHardwareInit)
    SystemInit                               0x0800408d   Thumb Code    78  system_stm32f10x.o(i.SystemInit)
    SystemTaskInit                           0x080040ed   Thumb Code   154  systeminit.o(i.SystemTaskInit)
    SystickStops                             0x080041dd   Thumb Code    12  delay.o(i.SystickStops)
    TIM2_IRQHandler                          0x080041e9   Thumb Code    78  timer.o(i.TIM2_IRQHandler)
    TIM3_IRQHandler                          0x08004241   Thumb Code   180  pub_timer.o(i.TIM3_IRQHandler)
    TIM_ClearITPendingBit                    0x08004335   Thumb Code     6  stm32f10x_tim.o(i.TIM_ClearITPendingBit)
    TIM_Cmd                                  0x0800433b   Thumb Code    24  stm32f10x_tim.o(i.TIM_Cmd)
    TIM_GetITStatus                          0x08004353   Thumb Code    34  stm32f10x_tim.o(i.TIM_GetITStatus)
    TIM_ITConfig                             0x08004375   Thumb Code    18  stm32f10x_tim.o(i.TIM_ITConfig)
    TIM_SetCounter                           0x08004387   Thumb Code     4  stm32f10x_tim.o(i.TIM_SetCounter)
    TIM_TimeBaseInit                         0x0800438d   Thumb Code   122  stm32f10x_tim.o(i.TIM_TimeBaseInit)
    TaskAdd                                  0x08004431   Thumb Code    30  task.o(i.TaskAdd)
    TimeInit                                 0x0800444f   Thumb Code   106  timer.o(i.TimeInit)
    TimerAdd                                 0x080044b9   Thumb Code   116  timer.o(i.TimerAdd)
    TimerLoopTimeOut                         0x08004531   Thumb Code   102  timer.o(i.TimerLoopTimeOut)
    TimerSub                                 0x08004599   Thumb Code    94  timer.o(i.TimerSub)
    USART1_IRQHandler                        0x080045fd   Thumb Code   278  usart1.o(i.USART1_IRQHandler)
    USART2_IRQHandler                        0x08004739   Thumb Code   280  usart2.o(i.USART2_IRQHandler)
    USART3_IRQHandler                        0x08004875   Thumb Code   304  bc26rx.o(i.USART3_IRQHandler)
    USART_ClearFlag                          0x080049c1   Thumb Code    18  stm32f10x_usart.o(i.USART_ClearFlag)
    USART_ClearITPendingBit                  0x080049d3   Thumb Code    30  stm32f10x_usart.o(i.USART_ClearITPendingBit)
    USART_Cmd                                0x080049f1   Thumb Code    24  stm32f10x_usart.o(i.USART_Cmd)
    USART_DMACmd                             0x08004a09   Thumb Code    18  stm32f10x_usart.o(i.USART_DMACmd)
    USART_DeInit                             0x08004a1d   Thumb Code   134  stm32f10x_usart.o(i.USART_DeInit)
    USART_GetFlagStatus                      0x08004ab9   Thumb Code    26  stm32f10x_usart.o(i.USART_GetFlagStatus)
    USART_GetITStatus                        0x08004ad3   Thumb Code    84  stm32f10x_usart.o(i.USART_GetITStatus)
    USART_ITConfig                           0x08004b27   Thumb Code    74  stm32f10x_usart.o(i.USART_ITConfig)
    USART_Init                               0x08004b71   Thumb Code   210  stm32f10x_usart.o(i.USART_Init)
    USART_ReceiveData                        0x08004c49   Thumb Code    10  stm32f10x_usart.o(i.USART_ReceiveData)
    USART_SendData                           0x08004c53   Thumb Code     8  stm32f10x_usart.o(i.USART_SendData)
    UsageFault_Handler                       0x08004c5b   Thumb Code     4  stm32f10x_it.o(i.UsageFault_Handler)
    Usart1Init                               0x08004c61   Thumb Code   264  usart1.o(i.Usart1Init)
    UsartSentData                            0x08004d79   Thumb Code    30  usart.o(i.UsartSentData)
    UsartSentDatas                           0x08004d97   Thumb Code    30  usart.o(i.UsartSentDatas)
    WATER_Display                            0x08004db5   Thumb Code    46  water.o(i.WATER_Display)
    WakeUpNextTask                           0x08004ded   Thumb Code    20  task.o(i.WakeUpNextTask)
    __ARM_fpclassify                         0x08004e01   Thumb Code    40  fpclassify.o(i.__ARM_fpclassify)
    _is_digit                                0x08004e29   Thumb Code    14  __printf_wp.o(i._is_digit)
    all_sensor_init                          0x08004e39   Thumb Code    56  datasum.o(i.all_sensor_init)
    change_pub_status                        0x08004e91   Thumb Code    24  pub_timer.o(i.change_pub_status)
    choose_water                             0x08004ead   Thumb Code   130  water.o(i.choose_water)
    clear_water_data                         0x08004f35   Thumb Code    18  water.o(i.clear_water_data)
    collect_data                             0x08004f4d   Thumb Code   184  datasum.o(i.collect_data)
    get_hx711_data                           0x08005035   Thumb Code   182  hx711.o(i.get_hx711_data)
    get_hx711_origin_data                    0x080050f9   Thumb Code    26  datasum.o(i.get_hx711_origin_data)
    get_infrared_origin_data                 0x0800511d   Thumb Code    12  datasum.o(i.get_infrared_origin_data)
    get_smoke_data                           0x0800512d   Thumb Code    80  smoke.o(i.get_smoke_data)
    get_smoke_orign_data                     0x08005185   Thumb Code    24  datasum.o(i.get_smoke_orign_data)
    get_water_data                           0x080051a1   Thumb Code   126  water.o(i.get_water_data)
    get_water_level                          0x08005235   Thumb Code    72  water.o(i.get_water_level)
    get_water_orign_data                     0x0800527d   Thumb Code    18  datasum.o(i.get_water_orign_data)
    get_water_state                          0x08005295   Thumb Code    64  water.o(i.get_water_state)
    hx711_calib                              0x080052d9   Thumb Code    34  hx711.o(i.hx711_calib)
    hx711_init                               0x08005301   Thumb Code    64  hx711.o(i.hx711_init)
    infrared_detect                          0x08005345   Thumb Code    14  infrared.o(i.infrared_detect)
    infrared_dislay                          0x08005359   Thumb Code    50  infrared.o(i.infrared_dislay)
    infrared_init                            0x0800539d   Thumb Code    38  infrared.o(i.infrared_init)
    main                                     0x080053c9   Thumb Code    22  main.o(i.main)
    my_itoa                                  0x080053e5   Thumb Code   112  myitoa.o(i.my_itoa)
    my_utoa                                  0x08005459   Thumb Code    84  myitoa.o(i.my_utoa)
    pub_timer_init                           0x080054b1   Thumb Code    80  pub_timer.o(i.pub_timer_init)
    show_status                              0x08005505   Thumb Code   112  datasum.o(i.show_status)
    smoke_init                               0x080055b5   Thumb Code   152  smoke.o(i.smoke_init)
    test_func                                0x08005655   Thumb Code    38  test1.o(i.test_func)
    water_init                               0x0800567d   Thumb Code   178  water.o(i.water_init)
    _get_lc_numeric                          0x0800573d   Thumb Code    44  lc_numeric_c.o(locale$$code)
    _get_lc_ctype                            0x08005769   Thumb Code    44  lc_ctype_c.o(locale$$code)
    __aeabi_ddiv                             0x08005795   Thumb Code     0  ddiv.o(x$fpl$ddiv)
    _ddiv                                    0x08005795   Thumb Code   552  ddiv.o(x$fpl$ddiv)
    __aeabi_d2uiz                            0x08005a45   Thumb Code     0  dfixu.o(x$fpl$dfixu)
    _dfixu                                   0x08005a45   Thumb Code    90  dfixu.o(x$fpl$dfixu)
    __aeabi_ui2d                             0x08005a9f   Thumb Code     0  dflt_clz.o(x$fpl$dfltu)
    _dfltu                                   0x08005a9f   Thumb Code    38  dflt_clz.o(x$fpl$dfltu)
    __aeabi_dmul                             0x08005ac5   Thumb Code     0  dmul.o(x$fpl$dmul)
    _dmul                                    0x08005ac5   Thumb Code   332  dmul.o(x$fpl$dmul)
    __fpl_dnaninf                            0x08005c19   Thumb Code   156  dnaninf.o(x$fpl$dnaninf)
    __fpl_dretinf                            0x08005cb5   Thumb Code    12  dretinf.o(x$fpl$dretinf)
    __aeabi_fadd                             0x08005cc1   Thumb Code     0  faddsub_clz.o(x$fpl$fadd)
    _fadd                                    0x08005cc1   Thumb Code   196  faddsub_clz.o(x$fpl$fadd)
    __aeabi_fdiv                             0x08005d85   Thumb Code     0  fdiv.o(x$fpl$fdiv)
    _fdiv                                    0x08005d85   Thumb Code   384  fdiv.o(x$fpl$fdiv)
    __aeabi_f2iz                             0x08005f09   Thumb Code     0  ffix.o(x$fpl$ffix)
    _ffix                                    0x08005f09   Thumb Code    54  ffix.o(x$fpl$ffix)
    __aeabi_f2uiz                            0x08005f41   Thumb Code     0  ffixu.o(x$fpl$ffixu)
    _ffixu                                   0x08005f41   Thumb Code    62  ffixu.o(x$fpl$ffixu)
    __aeabi_ui2f                             0x08005f81   Thumb Code     0  fflt_clz.o(x$fpl$ffltu)
    _ffltu                                   0x08005f81   Thumb Code    38  fflt_clz.o(x$fpl$ffltu)
    __fpl_fnaninf                            0x08005fa7   Thumb Code   140  fnaninf.o(x$fpl$fnaninf)
    __fpl_fretinf                            0x08006033   Thumb Code    10  fretinf.o(x$fpl$fretinf)
    __aeabi_fsub                             0x0800603d   Thumb Code     0  faddsub_clz.o(x$fpl$fsub)
    _fsub                                    0x0800603d   Thumb Code   234  faddsub_clz.o(x$fpl$fsub)
    _printf_fp_dec                           0x08006127   Thumb Code     4  printf1.o(x$fpl$printf1)
    _printf_fp_hex                           0x0800612b   Thumb Code     4  printf2.o(x$fpl$printf2)
    __I$use$fp                               0x0800612e   Number         0  usenofp.o(x$fpl$usenofp)
    asc2_1206                                0x0800612e   Data        1140  oled.o(.constdata)
    asc2_1608                                0x080065a2   Data        1520  oled.o(.constdata)
    asc2_2412                                0x08006b92   Data        3420  oled.o(.constdata)
    Region$$Table$$Base                      0x080079ec   Number         0  anon$$obj.o(Region$$Table)
    Region$$Table$$Limit                     0x08007a0c   Number         0  anon$$obj.o(Region$$Table)
    __ctype                                  0x08007a35   Data           0  lc_ctype_c.o(locale$$data)
    StartTimer                               0x20000014   Data           4  timer.o(.data)
    TimerTemp                                0x20000018   Data           4  timer.o(.data)
    NeedReAdd                                0x2000001c   Data           1  timer.o(.data)
    ClientID                                 0x2000001d   Data          17  lock.o(.data)
    Status                                   0x2000002e   Data          17  lock.o(.data)
    HeartTimes                               0x2000003f   Data          17  lock.o(.data)
    AuthCode                                 0x20000050   Data          17  lock.o(.data)
    BTPassword                               0x20000061   Data          17  lock.o(.data)
    IDChanged                                0x20000072   Data           1  lock.o(.data)
    ReceiveNum                               0x20000084   Data           6  usart.o(.data)
    ReadStart                                0x2000008a   Data           6  usart.o(.data)
    USART123                                 0x20000090   Data          12  usart.o(.data)
    BC26TX                                   0x2000009c   Data         180  bc26tx.o(.data)
    BC26RX                                   0x20000150   Data         556  bc26rx.o(.data)
    SystemStartTask                          0x20000384   Data           4  systeminit.o(.data)
    BC26CheckResult                          0x20000388   Data           1  bc26checktask.o(.data)
    BC26IPCheckResult                        0x20000389   Data           1  bc26ipchecktask.o(.data)
    BC26CardCheckResult                      0x2000038c   Data           1  bc26cardchecktask.o(.data)
    BC26MQTTInitIndex                        0x20000390   Data           1  bc26mqttinittask.o(.data)
    IPAddr                                   0x20000398   Data          16  bc26opentask.o(.data)
    Port                                     0x200003a8   Data           6  bc26opentask.o(.data)
    BC26OpenIndex                            0x200003ae   Data           1  bc26opentask.o(.data)
    BC26SuccessOpen                          0x200003af   Data           1  bc26opentask.o(.data)
    Password                                 0x200003b1   Data          17  bc26connecttask.o(.data)
    UserName                                 0x200003c2   Data          17  bc26connecttask.o(.data)
    BC26ConnectIndex                         0x200003d3   Data           1  bc26connecttask.o(.data)
    BC26SuccessConnect                       0x200003d4   Data           1  bc26connecttask.o(.data)
    BC26Subed                                0x200003d6   Data           1  bc26subtask.o(.data)
    BC26SubOK                                0x200003d7   Data           1  bc26subtask.o(.data)
    BC26SubIndex                             0x200003d8   Data           1  bc26subtask.o(.data)
    BC26Unsubed                              0x200003da   Data           1  bc26unsubtask.o(.data)
    BC26UnsubOK                              0x200003db   Data           1  bc26unsubtask.o(.data)
    BC26UnsubIndex                           0x200003dc   Data           1  bc26unsubtask.o(.data)
    BC26CanPub                               0x200003de   Data           1  bc26pubtask.o(.data)
    BC26PubOK                                0x200003df   Data           1  bc26pubtask.o(.data)
    BC26PubIndex                             0x200003e0   Data           1  bc26pubtask.o(.data)
    pub_times                                0x200003e1   Data           1  bc26pubtask.o(.data)
    MQTTPublish                              0x200003e2   Data         186  bc26pubtask.o(.data)
    hx711_Condition                          0x2000049d   Data           1  hx711.o(.data)
    hx711_init_val                           0x2000049e   Data           1  hx711.o(.data)
    water_data                               0x2000049f   Data           6  water.o(.data)
    Water_Condition                          0x200004a5   Data           1  water.o(.data)
    ReceiveBufferTemp                        0x200004ac   Data         384  usart.o(.bss)
    ReceiveBuffer                            0x2000062c   Data        1536  usart.o(.bss)
    StringTemp                               0x20000c2c   Data         128  systeminit.o(.bss)
    BC26CheckTask                            0x20000cac   Data          28  bc26checktask.o(.bss)
    BC26IPCheckTask                          0x20000cc8   Data          28  bc26ipchecktask.o(.bss)
    BC26IPCheckTimer                         0x20000ce4   Data          44  bc26ipchecktask.o(.bss)
    BC26CardCheckTask                        0x20000d10   Data          28  bc26cardchecktask.o(.bss)
    BC26CardCheckTimer                       0x20000d2c   Data          44  bc26cardchecktask.o(.bss)
    BC26MQTTInitTask                         0x20000d58   Data          28  bc26mqttinittask.o(.bss)
    DevicesID                                0x20000d74   Data          25  flash.o(.bss)
    BC26OpenTask                             0x20000d90   Data          28  bc26opentask.o(.bss)
    BC26OpenTimer                            0x20000dac   Data          44  bc26opentask.o(.bss)
    BC26ConnectTask                          0x20000dd8   Data          28  bc26connecttask.o(.bss)
    BC26ConnectTimer                         0x20000df4   Data          44  bc26connecttask.o(.bss)
    BC26PubTask                              0x20000e20   Data          28  bc26pubtask.o(.bss)
    BC26PubTimer                             0x20000e3c   Data          44  bc26pubtask.o(.bss)
    BC26ResetTask                            0x20000e68   Data          28  bc26.o(.bss)
    test                                     0x20000eb0   Data          28  test1.o(.bss)
    OLED_GRAM                                0x20000ecc   Data        1024  oled.o(.bss)
    SensorData                               0x200012cc   Data          56  datasum.o(.bss)
    __libspace_start                         0x200013cc   Data          96  libspace.o(.bss)
    __temporary_stack_top$libspace           0x2000142c   Data           0  libspace.o(.bss)



==============================================================================

Memory Map of the image

  Image Entry point : 0x080000ed

  Load Region LR_IROM1 (Base: 0x08000000, Size: 0x00007fe4, Max: 0x00010000, ABSOLUTE, COMPRESSED[0x00007bc4])

    Execution Region ER_IROM1 (Exec base: 0x08000000, Load base: 0x08000000, Size: 0x00007b38, Max: 0x00010000, ABSOLUTE)

    Exec Addr    Load Addr    Size         Type   Attr      Idx    E Section Name        Object

    0x08000000   0x08000000   0x000000ec   Data   RO          199    RESET               startup_stm32f10x_md.o
    0x080000ec   0x080000ec   0x00000008   Code   RO         4935  * !!!main             c_w.l(__main.o)
    0x080000f4   0x080000f4   0x00000034   Code   RO         5314    !!!scatter          c_w.l(__scatter.o)
    0x08000128   0x08000128   0x0000005a   Code   RO         5312    !!dczerorl2         c_w.l(__dczerorl2.o)
    0x08000182   0x08000182   0x00000002   PAD
    0x08000184   0x08000184   0x0000001c   Code   RO         5316    !!handler_zi        c_w.l(__scatter_zi.o)
    0x080001a0   0x080001a0   0x00000000   Code   RO         5065    .ARM.Collect$$_printf_percent$$00000000  c_w.l(_printf_percent.o)
    0x080001a0   0x080001a0   0x00000006   Code   RO         5054    .ARM.Collect$$_printf_percent$$00000001  c_w.l(_printf_n.o)
    0x080001a6   0x080001a6   0x00000006   Code   RO         5056    .ARM.Collect$$_printf_percent$$00000002  c_w.l(_printf_p.o)
    0x080001ac   0x080001ac   0x00000006   Code   RO         5061    .ARM.Collect$$_printf_percent$$00000003  c_w.l(_printf_f.o)
    0x080001b2   0x080001b2   0x00000006   Code   RO         5062    .ARM.Collect$$_printf_percent$$00000004  c_w.l(_printf_e.o)
    0x080001b8   0x080001b8   0x00000006   Code   RO         5063    .ARM.Collect$$_printf_percent$$00000005  c_w.l(_printf_g.o)
    0x080001be   0x080001be   0x00000006   Code   RO         5064    .ARM.Collect$$_printf_percent$$00000006  c_w.l(_printf_a.o)
    0x080001c4   0x080001c4   0x0000000a   Code   RO         5069    .ARM.Collect$$_printf_percent$$00000007  c_w.l(_printf_ll.o)
    0x080001ce   0x080001ce   0x00000006   Code   RO         5058    .ARM.Collect$$_printf_percent$$00000008  c_w.l(_printf_i.o)
    0x080001d4   0x080001d4   0x00000006   Code   RO         5059    .ARM.Collect$$_printf_percent$$00000009  c_w.l(_printf_d.o)
    0x080001da   0x080001da   0x00000006   Code   RO         5060    .ARM.Collect$$_printf_percent$$0000000A  c_w.l(_printf_u.o)
    0x080001e0   0x080001e0   0x00000006   Code   RO         5057    .ARM.Collect$$_printf_percent$$0000000B  c_w.l(_printf_o.o)
    0x080001e6   0x080001e6   0x00000006   Code   RO         5055    .ARM.Collect$$_printf_percent$$0000000C  c_w.l(_printf_x.o)
    0x080001ec   0x080001ec   0x00000006   Code   RO         5066    .ARM.Collect$$_printf_percent$$0000000D  c_w.l(_printf_lli.o)
    0x080001f2   0x080001f2   0x00000006   Code   RO         5067    .ARM.Collect$$_printf_percent$$0000000E  c_w.l(_printf_lld.o)
    0x080001f8   0x080001f8   0x00000006   Code   RO         5068    .ARM.Collect$$_printf_percent$$0000000F  c_w.l(_printf_llu.o)
    0x080001fe   0x080001fe   0x00000006   Code   RO         5073    .ARM.Collect$$_printf_percent$$00000010  c_w.l(_printf_llo.o)
    0x08000204   0x08000204   0x00000006   Code   RO         5074    .ARM.Collect$$_printf_percent$$00000011  c_w.l(_printf_llx.o)
    0x0800020a   0x0800020a   0x0000000a   Code   RO         5070    .ARM.Collect$$_printf_percent$$00000012  c_w.l(_printf_l.o)
    0x08000214   0x08000214   0x00000006   Code   RO         5052    .ARM.Collect$$_printf_percent$$00000013  c_w.l(_printf_c.o)
    0x0800021a   0x0800021a   0x00000006   Code   RO         5053    .ARM.Collect$$_printf_percent$$00000014  c_w.l(_printf_s.o)
    0x08000220   0x08000220   0x00000006   Code   RO         5071    .ARM.Collect$$_printf_percent$$00000015  c_w.l(_printf_lc.o)
    0x08000226   0x08000226   0x00000006   Code   RO         5072    .ARM.Collect$$_printf_percent$$00000016  c_w.l(_printf_ls.o)
    0x0800022c   0x0800022c   0x00000004   Code   RO         5124    .ARM.Collect$$_printf_percent$$00000017  c_w.l(_printf_percent_end.o)
    0x08000230   0x08000230   0x00000002   Code   RO         5173    .ARM.Collect$$libinit$$00000000  c_w.l(libinit.o)
    0x08000232   0x08000232   0x00000000   Code   RO         5189    .ARM.Collect$$libinit$$00000002  c_w.l(libinit2.o)
    0x08000232   0x08000232   0x00000000   Code   RO         5191    .ARM.Collect$$libinit$$00000004  c_w.l(libinit2.o)
    0x08000232   0x08000232   0x00000000   Code   RO         5194    .ARM.Collect$$libinit$$0000000A  c_w.l(libinit2.o)
    0x08000232   0x08000232   0x00000000   Code   RO         5196    .ARM.Collect$$libinit$$0000000C  c_w.l(libinit2.o)
    0x08000232   0x08000232   0x00000000   Code   RO         5198    .ARM.Collect$$libinit$$0000000E  c_w.l(libinit2.o)
    0x08000232   0x08000232   0x00000006   Code   RO         5199    .ARM.Collect$$libinit$$0000000F  c_w.l(libinit2.o)
    0x08000238   0x08000238   0x00000000   Code   RO         5201    .ARM.Collect$$libinit$$00000011  c_w.l(libinit2.o)
    0x08000238   0x08000238   0x0000000c   Code   RO         5202    .ARM.Collect$$libinit$$00000012  c_w.l(libinit2.o)
    0x08000244   0x08000244   0x00000000   Code   RO         5203    .ARM.Collect$$libinit$$00000013  c_w.l(libinit2.o)
    0x08000244   0x08000244   0x00000000   Code   RO         5205    .ARM.Collect$$libinit$$00000015  c_w.l(libinit2.o)
    0x08000244   0x08000244   0x0000000a   Code   RO         5206    .ARM.Collect$$libinit$$00000016  c_w.l(libinit2.o)
    0x0800024e   0x0800024e   0x00000000   Code   RO         5207    .ARM.Collect$$libinit$$00000017  c_w.l(libinit2.o)
    0x0800024e   0x0800024e   0x00000000   Code   RO         5209    .ARM.Collect$$libinit$$00000019  c_w.l(libinit2.o)
    0x0800024e   0x0800024e   0x00000000   Code   RO         5211    .ARM.Collect$$libinit$$0000001B  c_w.l(libinit2.o)
    0x0800024e   0x0800024e   0x00000000   Code   RO         5213    .ARM.Collect$$libinit$$0000001D  c_w.l(libinit2.o)
    0x0800024e   0x0800024e   0x00000000   Code   RO         5215    .ARM.Collect$$libinit$$0000001F  c_w.l(libinit2.o)
    0x0800024e   0x0800024e   0x00000000   Code   RO         5217    .ARM.Collect$$libinit$$00000021  c_w.l(libinit2.o)
    0x0800024e   0x0800024e   0x00000000   Code   RO         5219    .ARM.Collect$$libinit$$00000023  c_w.l(libinit2.o)
    0x0800024e   0x0800024e   0x00000000   Code   RO         5221    .ARM.Collect$$libinit$$00000025  c_w.l(libinit2.o)
    0x0800024e   0x0800024e   0x00000000   Code   RO         5225    .ARM.Collect$$libinit$$0000002C  c_w.l(libinit2.o)
    0x0800024e   0x0800024e   0x00000000   Code   RO         5227    .ARM.Collect$$libinit$$0000002E  c_w.l(libinit2.o)
    0x0800024e   0x0800024e   0x00000000   Code   RO         5229    .ARM.Collect$$libinit$$00000030  c_w.l(libinit2.o)
    0x0800024e   0x0800024e   0x00000000   Code   RO         5231    .ARM.Collect$$libinit$$00000032  c_w.l(libinit2.o)
    0x0800024e   0x0800024e   0x00000002   Code   RO         5232    .ARM.Collect$$libinit$$00000033  c_w.l(libinit2.o)
    0x08000250   0x08000250   0x00000002   Code   RO         5252    .ARM.Collect$$libshutdown$$00000000  c_w.l(libshutdown.o)
    0x08000252   0x08000252   0x00000000   Code   RO         5265    .ARM.Collect$$libshutdown$$00000002  c_w.l(libshutdown2.o)
    0x08000252   0x08000252   0x00000000   Code   RO         5267    .ARM.Collect$$libshutdown$$00000004  c_w.l(libshutdown2.o)
    0x08000252   0x08000252   0x00000000   Code   RO         5270    .ARM.Collect$$libshutdown$$00000007  c_w.l(libshutdown2.o)
    0x08000252   0x08000252   0x00000000   Code   RO         5273    .ARM.Collect$$libshutdown$$0000000A  c_w.l(libshutdown2.o)
    0x08000252   0x08000252   0x00000000   Code   RO         5275    .ARM.Collect$$libshutdown$$0000000C  c_w.l(libshutdown2.o)
    0x08000252   0x08000252   0x00000000   Code   RO         5278    .ARM.Collect$$libshutdown$$0000000F  c_w.l(libshutdown2.o)
    0x08000252   0x08000252   0x00000002   Code   RO         5279    .ARM.Collect$$libshutdown$$00000010  c_w.l(libshutdown2.o)
    0x08000254   0x08000254   0x00000000   Code   RO         4983    .ARM.Collect$$rtentry$$00000000  c_w.l(__rtentry.o)
    0x08000254   0x08000254   0x00000000   Code   RO         5095    .ARM.Collect$$rtentry$$00000002  c_w.l(__rtentry2.o)
    0x08000254   0x08000254   0x00000006   Code   RO         5107    .ARM.Collect$$rtentry$$00000004  c_w.l(__rtentry4.o)
    0x0800025a   0x0800025a   0x00000000   Code   RO         5097    .ARM.Collect$$rtentry$$00000009  c_w.l(__rtentry2.o)
    0x0800025a   0x0800025a   0x00000004   Code   RO         5098    .ARM.Collect$$rtentry$$0000000A  c_w.l(__rtentry2.o)
    0x0800025e   0x0800025e   0x00000000   Code   RO         5100    .ARM.Collect$$rtentry$$0000000C  c_w.l(__rtentry2.o)
    0x0800025e   0x0800025e   0x00000008   Code   RO         5101    .ARM.Collect$$rtentry$$0000000D  c_w.l(__rtentry2.o)
    0x08000266   0x08000266   0x00000002   Code   RO         5181    .ARM.Collect$$rtexit$$00000000  c_w.l(rtexit.o)
    0x08000268   0x08000268   0x00000000   Code   RO         5234    .ARM.Collect$$rtexit$$00000002  c_w.l(rtexit2.o)
    0x08000268   0x08000268   0x00000004   Code   RO         5235    .ARM.Collect$$rtexit$$00000003  c_w.l(rtexit2.o)
    0x0800026c   0x0800026c   0x00000006   Code   RO         5236    .ARM.Collect$$rtexit$$00000004  c_w.l(rtexit2.o)
    0x08000272   0x08000272   0x00000002   PAD
    0x08000274   0x08000274   0x00000040   Code   RO          200    .text               startup_stm32f10x_md.o
    0x080002b4   0x080002b4   0x00000024   Code   RO         4927    .text               c_w.l(vsprintf.o)
    0x080002d8   0x080002d8   0x00000024   Code   RO         4929    .text               c_w.l(strstr.o)
    0x080002fc   0x080002fc   0x00000018   Code   RO         4931    .text               c_w.l(strcat.o)
    0x08000314   0x08000314   0x00000006   Code   RO         4933    .text               c_w.l(heapauxi.o)
    0x0800031a   0x0800031a   0x0000004e   Code   RO         4986    .text               c_w.l(_printf_pad.o)
    0x08000368   0x08000368   0x00000024   Code   RO         4988    .text               c_w.l(_printf_truncate.o)
    0x0800038c   0x0800038c   0x00000052   Code   RO         4990    .text               c_w.l(_printf_str.o)
    0x080003de   0x080003de   0x00000002   PAD
    0x080003e0   0x080003e0   0x00000078   Code   RO         4992    .text               c_w.l(_printf_dec.o)
    0x08000458   0x08000458   0x00000028   Code   RO         4994    .text               c_w.l(_printf_charcount.o)
    0x08000480   0x08000480   0x00000030   Code   RO         4996    .text               c_w.l(_printf_char_common.o)
    0x080004b0   0x080004b0   0x0000000a   Code   RO         4998    .text               c_w.l(_sputc.o)
    0x080004ba   0x080004ba   0x00000002   PAD
    0x080004bc   0x080004bc   0x000000bc   Code   RO         5000    .text               c_w.l(_printf_wctomb.o)
    0x08000578   0x08000578   0x0000007c   Code   RO         5003    .text               c_w.l(_printf_longlong_dec.o)
    0x080005f4   0x080005f4   0x00000070   Code   RO         5009    .text               c_w.l(_printf_oct_int_ll.o)
    0x08000664   0x08000664   0x00000094   Code   RO         5029    .text               c_w.l(_printf_hex_int_ll_ptr.o)
    0x080006f8   0x080006f8   0x00000188   Code   RO         5049    .text               c_w.l(__printf_flags_ss_wp.o)
    0x08000880   0x08000880   0x0000008a   Code   RO         5109    .text               c_w.l(lludiv10.o)
    0x0800090a   0x0800090a   0x000000b2   Code   RO         5111    .text               c_w.l(_printf_intcommon.o)
    0x080009bc   0x080009bc   0x0000041e   Code   RO         5113    .text               c_w.l(_printf_fp_dec.o)
    0x08000dda   0x08000dda   0x00000002   PAD
    0x08000ddc   0x08000ddc   0x000002fc   Code   RO         5115    .text               c_w.l(_printf_fp_hex.o)
    0x080010d8   0x080010d8   0x0000002c   Code   RO         5120    .text               c_w.l(_printf_char.o)
    0x08001104   0x08001104   0x0000002c   Code   RO         5122    .text               c_w.l(_printf_wchar.o)
    0x08001130   0x08001130   0x00000040   Code   RO         5125    .text               c_w.l(_wcrtomb.o)
    0x08001170   0x08001170   0x0000004a   Code   RO         5127    .text               c_w.l(sys_stackheap_outer.o)
    0x080011ba   0x080011ba   0x00000002   PAD
    0x080011bc   0x080011bc   0x00000010   Code   RO         5129    .text               c_w.l(rt_ctype_table.o)
    0x080011cc   0x080011cc   0x00000008   Code   RO         5134    .text               c_w.l(rt_locale_intlibspace.o)
    0x080011d4   0x080011d4   0x00000080   Code   RO         5136    .text               c_w.l(_printf_fp_infnan.o)
    0x08001254   0x08001254   0x000000e4   Code   RO         5138    .text               c_w.l(bigflt0.o)
    0x08001338   0x08001338   0x00000012   Code   RO         5166    .text               c_w.l(exit.o)
    0x0800134a   0x0800134a   0x00000002   PAD
    0x0800134c   0x0800134c   0x00000008   Code   RO         5178    .text               c_w.l(libspace.o)
    0x08001354   0x08001354   0x00000080   Code   RO         5186    .text               c_w.l(strcmpv7m.o)
    0x080013d4   0x080013d4   0x0000000c   Code   RO         5244    .text               c_w.l(sys_exit.o)
    0x080013e0   0x080013e0   0x00000002   Code   RO         5255    .text               c_w.l(use_no_semi.o)
    0x080013e2   0x080013e2   0x00000000   Code   RO         5257    .text               c_w.l(indicate_semi.o)
    0x080013e2   0x080013e2   0x0000003e   Code   RO         5141    CL$$btod_d2e        c_w.l(btod.o)
    0x08001420   0x08001420   0x00000046   Code   RO         5143    CL$$btod_d2e_denorm_low  c_w.l(btod.o)
    0x08001466   0x08001466   0x00000060   Code   RO         5142    CL$$btod_d2e_norm_op1  c_w.l(btod.o)
    0x080014c6   0x080014c6   0x00000338   Code   RO         5151    CL$$btod_div_common  c_w.l(btod.o)
    0x080017fe   0x080017fe   0x000000dc   Code   RO         5148    CL$$btod_e2e        c_w.l(btod.o)
    0x080018da   0x080018da   0x0000002a   Code   RO         5145    CL$$btod_ediv       c_w.l(btod.o)
    0x08001904   0x08001904   0x0000002a   Code   RO         5144    CL$$btod_emul       c_w.l(btod.o)
    0x0800192e   0x0800192e   0x00000244   Code   RO         5150    CL$$btod_mult_common  c_w.l(btod.o)
    0x08001b72   0x08001b72   0x00000016   Code   RO          246    i.ADC_Cmd           stm32f10x_adc.o
    0x08001b88   0x08001b88   0x00000014   Code   RO          254    i.ADC_GetCalibrationStatus  stm32f10x_adc.o
    0x08001b9c   0x08001b9c   0x00000008   Code   RO          255    i.ADC_GetConversionValue  stm32f10x_adc.o
    0x08001ba4   0x08001ba4   0x00000012   Code   RO          257    i.ADC_GetFlagStatus  stm32f10x_adc.o
    0x08001bb6   0x08001bb6   0x00000014   Code   RO          260    i.ADC_GetResetCalibrationStatus  stm32f10x_adc.o
    0x08001bca   0x08001bca   0x00000002   PAD
    0x08001bcc   0x08001bcc   0x00000050   Code   RO          264    i.ADC_Init          stm32f10x_adc.o
    0x08001c1c   0x08001c1c   0x000000b8   Code   RO          268    i.ADC_RegularChannelConfig  stm32f10x_adc.o
    0x08001cd4   0x08001cd4   0x0000000a   Code   RO          269    i.ADC_ResetCalibration  stm32f10x_adc.o
    0x08001cde   0x08001cde   0x00000016   Code   RO          271    i.ADC_SoftwareStartConvCmd  stm32f10x_adc.o
    0x08001cf4   0x08001cf4   0x0000000a   Code   RO          273    i.ADC_StartCalibration  stm32f10x_adc.o
    0x08001cfe   0x08001cfe   0x00000002   PAD
    0x08001d00   0x08001d00   0x00000074   Code   RO         3934    i.BC26CardCheck     bc26cardchecktask.o
    0x08001d74   0x08001d74   0x0000003c   Code   RO         3935    i.BC26CardCheckErrorOut  bc26cardchecktask.o
    0x08001db0   0x08001db0   0x000000ac   Code   RO         3936    i.BC26CardCheckResultHandle  bc26cardchecktask.o
    0x08001e5c   0x08001e5c   0x00000040   Code   RO         3864    i.BC26Check         bc26checktask.o
    0x08001e9c   0x08001e9c   0x0000002c   Code   RO         3865    i.BC26CheckResultHandle  bc26checktask.o
    0x08001ec8   0x08001ec8   0x000000c4   Code   RO         4106    i.BC26Connect       bc26connecttask.o
    0x08001f8c   0x08001f8c   0x00000038   Code   RO         4107    i.BC26ConnectErrorOut  bc26connecttask.o
    0x08001fc4   0x08001fc4   0x00000128   Code   RO         4108    i.BC26ConnectResultHandle  bc26connecttask.o
    0x080020ec   0x080020ec   0x000000a0   Code   RO         4234    i.BC26GpioInit      bc26.o
    0x0800218c   0x0800218c   0x00000074   Code   RO         3902    i.BC26IPCheck       bc26ipchecktask.o
    0x08002200   0x08002200   0x00000038   Code   RO         3903    i.BC26IPCheckErrorOut  bc26ipchecktask.o
    0x08002238   0x08002238   0x000000a4   Code   RO         3904    i.BC26IPCheckResultHandle  bc26ipchecktask.o
    0x080022dc   0x080022dc   0x00000114   Code   RO         3992    i.BC26MQTTInitCheck  bc26mqttinittask.o
    0x080023f0   0x080023f0   0x00000044   Code   RO         3993    i.BC26MQTTInitResultHandle  bc26mqttinittask.o
    0x08002434   0x08002434   0x000000b4   Code   RO         4074    i.BC26Open          bc26opentask.o
    0x080024e8   0x080024e8   0x00000038   Code   RO         4075    i.BC26OpenErrorOut  bc26opentask.o
    0x08002520   0x08002520   0x00000110   Code   RO         4076    i.BC26OpenResultHandle  bc26opentask.o
    0x08002630   0x08002630   0x00000328   Code   RO         4202    i.BC26Pub           bc26pubtask.o
    0x08002958   0x08002958   0x00000038   Code   RO         4203    i.BC26PubErrorOut   bc26pubtask.o
    0x08002990   0x08002990   0x000000e4   Code   RO         4204    i.BC26PubResultHandle  bc26pubtask.o
    0x08002a74   0x08002a74   0x00000198   Code   RO         3616    i.BC26RXPBufferReader  bc26rx.o
    0x08002c0c   0x08002c0c   0x000000b0   Code   RO         4235    i.BC26ResetMission  bc26.o
    0x08002cbc   0x08002cbc   0x00000014   Code   RO         3556    i.BC26TXATCommandViaUsart  bc26tx.o
    0x08002cd0   0x08002cd0   0x00000010   Code   RO         3557    i.BC26TXFinish      bc26tx.o
    0x08002ce0   0x08002ce0   0x00000010   Code   RO         3558    i.BC26TXRepeat      bc26tx.o
    0x08002cf0   0x08002cf0   0x00000038   Code   RO         3559    i.BC26TXRequest     bc26tx.o
    0x08002d28   0x08002d28   0x00000068   Code   RO         3560    i.BC26TxAtCommand   bc26tx.o
    0x08002d90   0x08002d90   0x00000120   Code   RO         3617    i.BC26UsartInit     bc26rx.o
    0x08002eb0   0x08002eb0   0x00000004   Code   RO           17    i.BusFault_Handler  stm32f10x_it.o
    0x08002eb4   0x08002eb4   0x00000018   Code   RO          931    i.DMA_Cmd           stm32f10x_dma.o
    0x08002ecc   0x08002ecc   0x0000014c   Code   RO          932    i.DMA_DeInit        stm32f10x_dma.o
    0x08003018   0x08003018   0x0000003c   Code   RO          937    i.DMA_Init          stm32f10x_dma.o
    0x08003054   0x08003054   0x00000004   Code   RO          938    i.DMA_SetCurrDataCounter  stm32f10x_dma.o
    0x08003058   0x08003058   0x00000002   Code   RO           18    i.DebugMon_Handler  stm32f10x_it.o
    0x0800305a   0x0800305a   0x00000012   Code   RO         3192    i.DelayInit         delay.o
    0x0800306c   0x0800306c   0x00000034   Code   RO         3193    i.DelayMs           delay.o
    0x080030a0   0x080030a0   0x00000032   Code   RO         3194    i.DelayUs           delay.o
    0x080030d2   0x080030d2   0x00000002   PAD
    0x080030d4   0x080030d4   0x0000000c   Code   RO         1002    i.EXTI_ClearITPendingBit  stm32f10x_exti.o
    0x080030e0   0x080030e0   0x000000c0   Code   RO         4019    i.GETDevicesID      flash.o
    0x080031a0   0x080031a0   0x00000116   Code   RO         1355    i.GPIO_Init         stm32f10x_gpio.o
    0x080032b6   0x080032b6   0x00000012   Code   RO         1359    i.GPIO_ReadInputDataBit  stm32f10x_gpio.o
    0x080032c8   0x080032c8   0x00000004   Code   RO         1362    i.GPIO_ResetBits    stm32f10x_gpio.o
    0x080032cc   0x080032cc   0x00000004   Code   RO         1363    i.GPIO_SetBits      stm32f10x_gpio.o
    0x080032d0   0x080032d0   0x00000004   Code   RO           19    i.HardFault_Handler  stm32f10x_it.o
    0x080032d4   0x080032d4   0x00000034   Code   RO         4449    i.IIC_Init          myiic.o
    0x08003308   0x08003308   0x00000050   Code   RO         4452    i.IIC_Send_Byte     myiic.o
    0x08003358   0x08003358   0x0000004c   Code   RO         4453    i.IIC_Start         myiic.o
    0x080033a4   0x080033a4   0x00000048   Code   RO         4454    i.IIC_Stop          myiic.o
    0x080033ec   0x080033ec   0x00000064   Code   RO         4455    i.IIC_Wait_Ack      myiic.o
    0x08003450   0x08003450   0x000001d8   Code   RO         4020    i.InitDevicesDatas  flash.o
    0x08003628   0x08003628   0x00000004   Code   RO           20    i.MemManage_Handler  stm32f10x_it.o
    0x0800362c   0x0800362c   0x00000002   Code   RO           21    i.NMI_Handler       stm32f10x_it.o
    0x0800362e   0x0800362e   0x00000002   PAD
    0x08003630   0x08003630   0x00000070   Code   RO          204    i.NVIC_Init         misc.o
    0x080036a0   0x080036a0   0x00000014   Code   RO          205    i.NVIC_PriorityGroupConfig  misc.o
    0x080036b4   0x080036b4   0x00000030   Code   RO         4563    i.OLED_Clear        oled.o
    0x080036e4   0x080036e4   0x00000068   Code   RO         4566    i.OLED_DrawPoint    oled.o
    0x0800374c   0x0800374c   0x0000003a   Code   RO         4567    i.OLED_Fill         oled.o
    0x08003786   0x08003786   0x000000a8   Code   RO         4568    i.OLED_Init         oled.o
    0x0800382e   0x0800382e   0x00000002   PAD
    0x08003830   0x08003830   0x00000044   Code   RO         4569    i.OLED_Refresh_Gram  oled.o
    0x08003874   0x08003874   0x0000010c   Code   RO         4570    i.OLED_ShowChar     oled.o
    0x08003980   0x08003980   0x0000005e   Code   RO         4572    i.OLED_ShowString   oled.o
    0x080039de   0x080039de   0x0000002c   Code   RO         4573    i.OLED_WR_Byte      oled.o
    0x08003a0a   0x08003a0a   0x0000002c   Code   RO         4574    i.OLED_WR_Cmd       oled.o
    0x08003a36   0x08003a36   0x00000002   Code   RO           22    i.PendSV_Handler    stm32f10x_it.o
    0x08003a38   0x08003a38   0x00000036   Code   RO         3171    i.QueueAdd          circularqueue.o
    0x08003a6e   0x08003a6e   0x00000034   Code   RO         3172    i.QueueSub          circularqueue.o
    0x08003aa2   0x08003aa2   0x00000002   PAD
    0x08003aa4   0x08003aa4   0x00000018   Code   RO         1769    i.RCC_ADCCLKConfig  stm32f10x_rcc.o
    0x08003abc   0x08003abc   0x00000020   Code   RO         1770    i.RCC_AHBPeriphClockCmd  stm32f10x_rcc.o
    0x08003adc   0x08003adc   0x00000020   Code   RO         1771    i.RCC_APB1PeriphClockCmd  stm32f10x_rcc.o
    0x08003afc   0x08003afc   0x00000020   Code   RO         1772    i.RCC_APB1PeriphResetCmd  stm32f10x_rcc.o
    0x08003b1c   0x08003b1c   0x00000020   Code   RO         1773    i.RCC_APB2PeriphClockCmd  stm32f10x_rcc.o
    0x08003b3c   0x08003b3c   0x00000020   Code   RO         1774    i.RCC_APB2PeriphResetCmd  stm32f10x_rcc.o
    0x08003b5c   0x08003b5c   0x000000d4   Code   RO         1781    i.RCC_GetClocksFreq  stm32f10x_rcc.o
    0x08003c30   0x08003c30   0x0000002a   Code   RO         3331    i.RTCAlarm_IRQHandler  rtc.o
    0x08003c5a   0x08003c5a   0x00000002   PAD
    0x08003c5c   0x08003c5c   0x00000010   Code   RO         1970    i.RTC_ClearITPendingBit  stm32f10x_rtc.o
    0x08003c6c   0x08003c6c   0x00000014   Code   RO         1971    i.RTC_EnterConfigMode  stm32f10x_rtc.o
    0x08003c80   0x08003c80   0x00000014   Code   RO         1972    i.RTC_ExitConfigMode  stm32f10x_rtc.o
    0x08003c94   0x08003c94   0x0000001c   Code   RO         1978    i.RTC_SetAlarm      stm32f10x_rtc.o
    0x08003cb0   0x08003cb0   0x0000001c   Code   RO         1979    i.RTC_SetCounter    stm32f10x_rtc.o
    0x08003ccc   0x08003ccc   0x00000014   Code   RO         1981    i.RTC_WaitForLastTask  stm32f10x_rtc.o
    0x08003ce0   0x08003ce0   0x000000fc   Code   RO         3618    i.RXARespondHandle  bc26rx.o
    0x08003ddc   0x08003ddc   0x00000090   Code   RO         3619    i.RXPRespondHandle  bc26rx.o
    0x08003e6c   0x08003e6c   0x00000058   Code   RO         4022    i.ReadFlashSeriesStrings  flash.o
    0x08003ec4   0x08003ec4   0x00000034   Code   RO         3280    i.RunTaskQueue      task.o
    0x08003ef8   0x08003ef8   0x00000034   Code   RO         4658    i.SMOKE_Display     smoke.o
    0x08003f2c   0x08003f2c   0x00000034   Code   RO         4394    i.STRESS_Display    hx711.o
    0x08003f60   0x08003f60   0x00000002   Code   RO           23    i.SVC_Handler       stm32f10x_it.o
    0x08003f62   0x08003f62   0x00000008   Code   RO          163    i.SetSysClock       system_stm32f10x.o
    0x08003f6a   0x08003f6a   0x00000002   PAD
    0x08003f6c   0x08003f6c   0x000000e0   Code   RO          164    i.SetSysClockTo72   system_stm32f10x.o
    0x0800404c   0x0800404c   0x00000002   Code   RO           24    i.SysTick_Handler   stm32f10x_it.o
    0x0800404e   0x0800404e   0x00000002   PAD
    0x08004050   0x08004050   0x0000003c   Code   RO         3746    i.SystemHardwareInit  systeminit.o
    0x0800408c   0x0800408c   0x00000060   Code   RO          166    i.SystemInit        system_stm32f10x.o
    0x080040ec   0x080040ec   0x000000f0   Code   RO         3747    i.SystemTaskInit    systeminit.o
    0x080041dc   0x080041dc   0x0000000c   Code   RO         3195    i.SystickStops      delay.o
    0x080041e8   0x080041e8   0x00000058   Code   RO         3225    i.TIM2_IRQHandler   timer.o
    0x08004240   0x08004240   0x000000f4   Code   RO         4841    i.TIM3_IRQHandler   pub_timer.o
    0x08004334   0x08004334   0x00000006   Code   RO         2400    i.TIM_ClearITPendingBit  stm32f10x_tim.o
    0x0800433a   0x0800433a   0x00000018   Code   RO         2405    i.TIM_Cmd           stm32f10x_tim.o
    0x08004352   0x08004352   0x00000022   Code   RO         2426    i.TIM_GetITStatus   stm32f10x_tim.o
    0x08004374   0x08004374   0x00000012   Code   RO         2430    i.TIM_ITConfig      stm32f10x_tim.o
    0x08004386   0x08004386   0x00000004   Code   RO         2470    i.TIM_SetCounter    stm32f10x_tim.o
    0x0800438a   0x0800438a   0x00000002   PAD
    0x0800438c   0x0800438c   0x000000a4   Code   RO         2476    i.TIM_TimeBaseInit  stm32f10x_tim.o
    0x08004430   0x08004430   0x0000001e   Code   RO         3281    i.TaskAdd           task.o
    0x0800444e   0x0800444e   0x0000006a   Code   RO         3226    i.TimeInit          timer.o
    0x080044b8   0x080044b8   0x00000078   Code   RO         3227    i.TimerAdd          timer.o
    0x08004530   0x08004530   0x00000066   Code   RO         3228    i.TimerLoopTimeOut  timer.o
    0x08004596   0x08004596   0x00000002   PAD
    0x08004598   0x08004598   0x00000064   Code   RO         3229    i.TimerSub          timer.o
    0x080045fc   0x080045fc   0x0000013c   Code   RO         3498    i.USART1_IRQHandler  usart1.o
    0x08004738   0x08004738   0x0000013c   Code   RO         3380    i.USART2_IRQHandler  usart2.o
    0x08004874   0x08004874   0x0000014c   Code   RO         3620    i.USART3_IRQHandler  bc26rx.o
    0x080049c0   0x080049c0   0x00000012   Code   RO         2937    i.USART_ClearFlag   stm32f10x_usart.o
    0x080049d2   0x080049d2   0x0000001e   Code   RO         2938    i.USART_ClearITPendingBit  stm32f10x_usart.o
    0x080049f0   0x080049f0   0x00000018   Code   RO         2941    i.USART_Cmd         stm32f10x_usart.o
    0x08004a08   0x08004a08   0x00000012   Code   RO         2942    i.USART_DMACmd      stm32f10x_usart.o
    0x08004a1a   0x08004a1a   0x00000002   PAD
    0x08004a1c   0x08004a1c   0x0000009c   Code   RO         2943    i.USART_DeInit      stm32f10x_usart.o
    0x08004ab8   0x08004ab8   0x0000001a   Code   RO         2944    i.USART_GetFlagStatus  stm32f10x_usart.o
    0x08004ad2   0x08004ad2   0x00000054   Code   RO         2945    i.USART_GetITStatus  stm32f10x_usart.o
    0x08004b26   0x08004b26   0x0000004a   Code   RO         2947    i.USART_ITConfig    stm32f10x_usart.o
    0x08004b70   0x08004b70   0x000000d8   Code   RO         2948    i.USART_Init        stm32f10x_usart.o
    0x08004c48   0x08004c48   0x0000000a   Code   RO         2955    i.USART_ReceiveData  stm32f10x_usart.o
    0x08004c52   0x08004c52   0x00000008   Code   RO         2958    i.USART_SendData    stm32f10x_usart.o
    0x08004c5a   0x08004c5a   0x00000004   Code   RO           25    i.UsageFault_Handler  stm32f10x_it.o
    0x08004c5e   0x08004c5e   0x00000002   PAD
    0x08004c60   0x08004c60   0x00000118   Code   RO         3499    i.Usart1Init        usart1.o
    0x08004d78   0x08004d78   0x0000001e   Code   RO         3529    i.UsartSentData     usart.o
    0x08004d96   0x08004d96   0x0000001e   Code   RO         3530    i.UsartSentDatas    usart.o
    0x08004db4   0x08004db4   0x00000038   Code   RO         4707    i.WATER_Display     water.o
    0x08004dec   0x08004dec   0x00000014   Code   RO         3283    i.WakeUpNextTask    task.o
    0x08004e00   0x08004e00   0x00000028   Code   RO         5176    i.__ARM_fpclassify  m_ws.l(fpclassify.o)
    0x08004e28   0x08004e28   0x0000000e   Code   RO         5042    i._is_digit         c_w.l(__printf_wp.o)
    0x08004e36   0x08004e36   0x00000002   PAD
    0x08004e38   0x08004e38   0x00000058   Code   RO         4766    i.all_sensor_init   datasum.o
    0x08004e90   0x08004e90   0x0000001c   Code   RO         4842    i.change_pub_status  pub_timer.o
    0x08004eac   0x08004eac   0x00000088   Code   RO         4708    i.choose_water      water.o
    0x08004f34   0x08004f34   0x00000018   Code   RO         4709    i.clear_water_data  water.o
    0x08004f4c   0x08004f4c   0x000000e8   Code   RO         4767    i.collect_data      datasum.o
    0x08005034   0x08005034   0x000000c4   Code   RO         4396    i.get_hx711_data    hx711.o
    0x080050f8   0x080050f8   0x00000024   Code   RO         4768    i.get_hx711_origin_data  datasum.o
    0x0800511c   0x0800511c   0x00000010   Code   RO         4769    i.get_infrared_origin_data  datasum.o
    0x0800512c   0x0800512c   0x00000058   Code   RO         4660    i.get_smoke_data    smoke.o
    0x08005184   0x08005184   0x0000001c   Code   RO         4770    i.get_smoke_orign_data  datasum.o
    0x080051a0   0x080051a0   0x00000094   Code   RO         4710    i.get_water_data    water.o
    0x08005234   0x08005234   0x00000048   Code   RO         4711    i.get_water_level   water.o
    0x0800527c   0x0800527c   0x00000018   Code   RO         4771    i.get_water_orign_data  datasum.o
    0x08005294   0x08005294   0x00000044   Code   RO         4712    i.get_water_state   water.o
    0x080052d8   0x080052d8   0x00000028   Code   RO         4398    i.hx711_calib       hx711.o
    0x08005300   0x08005300   0x00000044   Code   RO         4399    i.hx711_init        hx711.o
    0x08005344   0x08005344   0x00000014   Code   RO         4506    i.infrared_detect   infrared.o
    0x08005358   0x08005358   0x00000044   Code   RO         4507    i.infrared_dislay   infrared.o
    0x0800539c   0x0800539c   0x0000002c   Code   RO         4508    i.infrared_init     infrared.o
    0x080053c8   0x080053c8   0x0000001c   Code   RO         4364    i.main              main.o
    0x080053e4   0x080053e4   0x00000074   Code   RO         4872    i.my_itoa           myitoa.o
    0x08005458   0x08005458   0x00000058   Code   RO         4873    i.my_utoa           myitoa.o
    0x080054b0   0x080054b0   0x00000054   Code   RO         4843    i.pub_timer_init    pub_timer.o
    0x08005504   0x08005504   0x000000b0   Code   RO         4772    i.show_status       datasum.o
    0x080055b4   0x080055b4   0x000000a0   Code   RO         4662    i.smoke_init        smoke.o
    0x08005654   0x08005654   0x00000026   Code   RO         4313    i.test_func         test1.o
    0x0800567a   0x0800567a   0x00000002   PAD
    0x0800567c   0x0800567c   0x000000c0   Code   RO         4713    i.water_init        water.o
    0x0800573c   0x0800573c   0x0000002c   Code   RO         5164    locale$$code        c_w.l(lc_numeric_c.o)
    0x08005768   0x08005768   0x0000002c   Code   RO         5184    locale$$code        c_w.l(lc_ctype_c.o)
    0x08005794   0x08005794   0x000002b0   Code   RO         4938    x$fpl$ddiv          fz_ws.l(ddiv.o)
    0x08005a44   0x08005a44   0x0000005a   Code   RO         4941    x$fpl$dfixu         fz_ws.l(dfixu.o)
    0x08005a9e   0x08005a9e   0x00000026   Code   RO         4945    x$fpl$dfltu         fz_ws.l(dflt_clz.o)
    0x08005ac4   0x08005ac4   0x00000154   Code   RO         4951    x$fpl$dmul          fz_ws.l(dmul.o)
    0x08005c18   0x08005c18   0x0000009c   Code   RO         5075    x$fpl$dnaninf       fz_ws.l(dnaninf.o)
    0x08005cb4   0x08005cb4   0x0000000c   Code   RO         5077    x$fpl$dretinf       fz_ws.l(dretinf.o)
    0x08005cc0   0x08005cc0   0x000000c4   Code   RO         4953    x$fpl$fadd          fz_ws.l(faddsub_clz.o)
    0x08005d84   0x08005d84   0x00000184   Code   RO         4960    x$fpl$fdiv          fz_ws.l(fdiv.o)
    0x08005f08   0x08005f08   0x00000036   Code   RO         4963    x$fpl$ffix          fz_ws.l(ffix.o)
    0x08005f3e   0x08005f3e   0x00000002   PAD
    0x08005f40   0x08005f40   0x0000003e   Code   RO         4967    x$fpl$ffixu         fz_ws.l(ffixu.o)
    0x08005f7e   0x08005f7e   0x00000002   PAD
    0x08005f80   0x08005f80   0x00000026   Code   RO         4971    x$fpl$ffltu         fz_ws.l(fflt_clz.o)
    0x08005fa6   0x08005fa6   0x0000008c   Code   RO         5081    x$fpl$fnaninf       fz_ws.l(fnaninf.o)
    0x08006032   0x08006032   0x0000000a   Code   RO         5083    x$fpl$fretinf       fz_ws.l(fretinf.o)
    0x0800603c   0x0800603c   0x000000ea   Code   RO         4955    x$fpl$fsub          fz_ws.l(faddsub_clz.o)
    0x08006126   0x08006126   0x00000004   Code   RO         5085    x$fpl$printf1       fz_ws.l(printf1.o)
    0x0800612a   0x0800612a   0x00000004   Code   RO         5087    x$fpl$printf2       fz_ws.l(printf2.o)
    0x0800612e   0x0800612e   0x00000000   Code   RO         5093    x$fpl$usenofp       fz_ws.l(usenofp.o)
    0x0800612e   0x0800612e   0x000017c0   Data   RO         4577    .constdata          oled.o
    0x080078ee   0x080078ee   0x00000002   PAD
    0x080078f0   0x080078f0   0x00000008   Data   RO         5001    .constdata          c_w.l(_printf_wctomb.o)
    0x080078f8   0x080078f8   0x00000028   Data   RO         5030    .constdata          c_w.l(_printf_hex_int_ll_ptr.o)
    0x08007920   0x08007920   0x00000011   Data   RO         5050    .constdata          c_w.l(__printf_flags_ss_wp.o)
    0x08007931   0x08007931   0x00000026   Data   RO         5116    .constdata          c_w.l(_printf_fp_hex.o)
    0x08007957   0x08007957   0x00000001   PAD
    0x08007958   0x08007958   0x00000094   Data   RO         5139    .constdata          c_w.l(bigflt0.o)
    0x080079ec   0x080079ec   0x00000020   Data   RO         5310    Region$$Table       anon$$obj.o
    0x08007a0c   0x08007a0c   0x0000001c   Data   RO         5163    locale$$data        c_w.l(lc_numeric_c.o)
    0x08007a28   0x08007a28   0x00000110   Data   RO         5183    locale$$data        c_w.l(lc_ctype_c.o)


    Execution Region RW_IRAM1 (Exec base: 0x20000000, Load base: 0x08007b38, Size: 0x00001a30, Max: 0x00005000, ABSOLUTE, COMPRESSED[0x0000008c])

    Exec Addr    Load Addr    Size         Type   Attr      Idx    E Section Name        Object

    0x20000000   COMPRESSED   0x00000014   Data   RW         1801    .data               stm32f10x_rcc.o
    0x20000014   COMPRESSED   0x00000009   Data   RW         3230    .data               timer.o
    0x2000001d   COMPRESSED   0x00000056   Data   RW         3358    .data               lock.o
    0x20000073   COMPRESSED   0x00000001   PAD
    0x20000074   COMPRESSED   0x00000007   Data   RW         3382    .data               usart2.o
    0x2000007b   COMPRESSED   0x00000001   PAD
    0x2000007c   COMPRESSED   0x00000007   Data   RW         3501    .data               usart1.o
    0x20000083   COMPRESSED   0x00000001   PAD
    0x20000084   COMPRESSED   0x00000018   Data   RW         3532    .data               usart.o
    0x2000009c   COMPRESSED   0x000000b4   Data   RW         3562    .data               bc26tx.o
    0x20000150   COMPRESSED   0x00000234   Data   RW         3621    .data               bc26rx.o
    0x20000384   COMPRESSED   0x00000004   Data   RW         3750    .data               systeminit.o
    0x20000388   COMPRESSED   0x00000001   Data   RW         3867    .data               bc26checktask.o
    0x20000389   COMPRESSED   0x00000002   Data   RW         3906    .data               bc26ipchecktask.o
    0x2000038b   COMPRESSED   0x00000001   PAD
    0x2000038c   COMPRESSED   0x00000004   Data   RW         3938    .data               bc26cardchecktask.o
    0x20000390   COMPRESSED   0x00000001   Data   RW         3995    .data               bc26mqttinittask.o
    0x20000391   COMPRESSED   0x00000003   PAD
    0x20000394   COMPRESSED   0x00000004   Data   RW         4025    .data               flash.o
    0x20000398   COMPRESSED   0x00000019   Data   RW         4078    .data               bc26opentask.o
    0x200003b1   COMPRESSED   0x00000025   Data   RW         4110    .data               bc26connecttask.o
    0x200003d6   COMPRESSED   0x00000004   Data   RW         4142    .data               bc26subtask.o
    0x200003da   COMPRESSED   0x00000004   Data   RW         4174    .data               bc26unsubtask.o
    0x200003de   COMPRESSED   0x000000bf   Data   RW         4206    .data               bc26pubtask.o
    0x2000049d   COMPRESSED   0x00000002   Data   RW         4401    .data               hx711.o
    0x2000049f   COMPRESSED   0x00000007   Data   RW         4714    .data               water.o
    0x200004a6   COMPRESSED   0x00000004   Data   RW         4844    .data               pub_timer.o
    0x200004aa   COMPRESSED   0x00000002   PAD
    0x200004ac        -       0x00000780   Zero   RW         3531    .bss                usart.o
    0x20000c2c        -       0x00000080   Zero   RW         3749    .bss                systeminit.o
    0x20000cac        -       0x0000001c   Zero   RW         3866    .bss                bc26checktask.o
    0x20000cc8        -       0x00000048   Zero   RW         3905    .bss                bc26ipchecktask.o
    0x20000d10        -       0x00000048   Zero   RW         3937    .bss                bc26cardchecktask.o
    0x20000d58        -       0x0000001c   Zero   RW         3994    .bss                bc26mqttinittask.o
    0x20000d74        -       0x00000019   Zero   RW         4024    .bss                flash.o
    0x20000d8d   COMPRESSED   0x00000003   PAD
    0x20000d90        -       0x00000048   Zero   RW         4077    .bss                bc26opentask.o
    0x20000dd8        -       0x00000048   Zero   RW         4109    .bss                bc26connecttask.o
    0x20000e20        -       0x00000048   Zero   RW         4205    .bss                bc26pubtask.o
    0x20000e68        -       0x00000048   Zero   RW         4236    .bss                bc26.o
    0x20000eb0        -       0x0000001c   Zero   RW         4314    .bss                test1.o
    0x20000ecc        -       0x00000400   Zero   RW         4576    .bss                oled.o
    0x200012cc        -       0x00000038   Zero   RW         4774    .bss                datasum.o
    0x20001304        -       0x000000c8   Zero   RW         4875    .bss                myitoa.o
    0x200013cc        -       0x00000060   Zero   RW         5179    .bss                c_w.l(libspace.o)
    0x2000142c   COMPRESSED   0x00000004   PAD
    0x20001430        -       0x00000200   Zero   RW          198    HEAP                startup_stm32f10x_md.o
    0x20001630        -       0x00000400   Zero   RW          197    STACK               startup_stm32f10x_md.o


==============================================================================

Image component sizes


      Code (inc. data)   RO Data    RW Data    ZI Data      Debug   Object Name

       336         90          0          0         72       3542   bc26.o
       348        138          0          4         72       2575   bc26cardchecktask.o
       108         48          0          1         28       1684   bc26checktask.o
       548        226          0         37         72       2743   bc26connecttask.o
       336        128          0          2         72       2507   bc26ipchecktask.o
       344        204          0          1         28       2056   bc26mqttinittask.o
       508        190          0         25         72       2664   bc26opentask.o
      1092        334          0        191         72       4498   bc26pubtask.o
      1424        190          0        564          0       6373   bc26rx.o
         0          0          0          4          0        970   bc26subtask.o
       212         34          0        180          0       4703   bc26tx.o
         0          0          0          4          0        998   bc26unsubtask.o
       106          0          0          0          0       1990   circularqueue.o
         0          0          0          0          0       4540   core_cm3.o
       600        168          0          0         56       4625   datasum.o
       132          0          0          0          0       1959   delay.o
       752        172          0          4         25       2687   flash.o
       356         30          0          2          0       2965   hx711.o
       132         30          0          0          0       1588   infrared.o
         0          0          0         86          0        920   lock.o
        28          6          0          0          0        751   main.o
       132         22          0          0          0       1507   misc.o
       380         58          0          0          0       2621   myiic.o
       204          8          0          0        200       1356   myitoa.o
       896         30       6080          0       1024       7031   oled.o
       356         72          0          4          0       1883   pub_timer.o
        42          0          0          0          0        494   rtc.o
       300         22          0          0          0       2146   smoke.o
        64         26        236          0       1536        804   startup_stm32f10x_md.o
       394         10          0          0          0       7973   stm32f10x_adc.o
       420          8          0          0          0       3947   stm32f10x_dma.o
        12          6          0          0          0        517   stm32f10x_exti.o
       304          0          0          0          0       3624   stm32f10x_gpio.o
        26          0          0          0          0     269706   stm32f10x_it.o
       396         56          0         20          0       6643   stm32f10x_rcc.o
       132         26          0          0          0       3021   stm32f10x_rtc.o
       250         42          0          0          0       4039   stm32f10x_tim.o
       664         28          0          0          0       8495   stm32f10x_usart.o
       328         28          0          0          0       1913   system_stm32f10x.o
       300         90          0          4        128       2275   systeminit.o
       102          0          0          0          0       3178   task.o
        38          0          0          0         28       1519   test1.o
       516         20          0          9          0       5387   timer.o
        60          0          0         24       1920       2033   usart.o
       596         54          0          7          0       1425   usart1.o
       316         36          0          7          0     212488   usart2.o
       696         62          0          7          0       4945   water.o

    ----------------------------------------------------------------------
     15314       2692       6350       1196       5408     618308   Object Totals
         0          0         32          0          0          0   (incl. Generated)
        28          0          2          9          3          0   (incl. Padding)

    ----------------------------------------------------------------------

      Code (inc. data)   RO Data    RW Data    ZI Data      Debug   Library Member Name

        90          0          0          0          0          0   __dczerorl2.o
         8          0          0          0          0         68   __main.o
       392          4         17          0          0         92   __printf_flags_ss_wp.o
        14          0          0          0          0         68   __printf_wp.o
         0          0          0          0          0          0   __rtentry.o
        12          0          0          0          0          0   __rtentry2.o
         6          0          0          0          0          0   __rtentry4.o
        52          8          0          0          0          0   __scatter.o
        28          0          0          0          0          0   __scatter_zi.o
         6          0          0          0          0          0   _printf_a.o
         6          0          0          0          0          0   _printf_c.o
        44          0          0          0          0        108   _printf_char.o
        48          6          0          0          0         96   _printf_char_common.o
        40          0          0          0          0         68   _printf_charcount.o
         6          0          0          0          0          0   _printf_d.o
       120         16          0          0          0         92   _printf_dec.o
         6          0          0          0          0          0   _printf_e.o
         6          0          0          0          0          0   _printf_f.o
      1054          0          0          0          0        216   _printf_fp_dec.o
       764          8         38          0          0        100   _printf_fp_hex.o
       128         16          0          0          0         84   _printf_fp_infnan.o
         6          0          0          0          0          0   _printf_g.o
       148          4         40          0          0        160   _printf_hex_int_ll_ptr.o
         6          0          0          0          0          0   _printf_i.o
       178          0          0          0          0         88   _printf_intcommon.o
        10          0          0          0          0          0   _printf_l.o
         6          0          0          0          0          0   _printf_lc.o
        10          0          0          0          0          0   _printf_ll.o
         6          0          0          0          0          0   _printf_lld.o
         6          0          0          0          0          0   _printf_lli.o
         6          0          0          0          0          0   _printf_llo.o
         6          0          0          0          0          0   _printf_llu.o
         6          0          0          0          0          0   _printf_llx.o
       124         16          0          0          0         92   _printf_longlong_dec.o
         6          0          0          0          0          0   _printf_ls.o
         6          0          0          0          0          0   _printf_n.o
         6          0          0          0          0          0   _printf_o.o
       112         10          0          0          0        124   _printf_oct_int_ll.o
         6          0          0          0          0          0   _printf_p.o
        78          0          0          0          0        108   _printf_pad.o
         0          0          0          0          0          0   _printf_percent.o
         4          0          0          0          0          0   _printf_percent_end.o
         6          0          0          0          0          0   _printf_s.o
        82          0          0          0          0         80   _printf_str.o
        36          0          0          0          0         84   _printf_truncate.o
         6          0          0          0          0          0   _printf_u.o
        44          0          0          0          0        108   _printf_wchar.o
       188          6          8          0          0         92   _printf_wctomb.o
         6          0          0          0          0          0   _printf_x.o
        10          0          0          0          0         68   _sputc.o
        64          0          0          0          0         92   _wcrtomb.o
       228          4        148          0          0         96   bigflt0.o
      1936        128          0          0          0        672   btod.o
        18          0          0          0          0         80   exit.o
         6          0          0          0          0        152   heapauxi.o
         0          0          0          0          0          0   indicate_semi.o
        44         10        272          0          0         76   lc_ctype_c.o
        44         10         28          0          0         76   lc_numeric_c.o
         2          0          0          0          0          0   libinit.o
        30          0          0          0          0          0   libinit2.o
         2          0          0          0          0          0   libshutdown.o
         2          0          0          0          0          0   libshutdown2.o
         8          4          0          0         96         68   libspace.o
       138          0          0          0          0         80   lludiv10.o
        16          4          0          0          0         76   rt_ctype_table.o
         8          4          0          0          0         68   rt_locale_intlibspace.o
         2          0          0          0          0          0   rtexit.o
        10          0          0          0          0          0   rtexit2.o
        24          0          0          0          0         68   strcat.o
       128          0          0          0          0         68   strcmpv7m.o
        36          0          0          0          0         80   strstr.o
        12          4          0          0          0         68   sys_exit.o
        74          0          0          0          0         80   sys_stackheap_outer.o
         2          0          0          0          0         68   use_no_semi.o
        36          4          0          0          0         76   vsprintf.o
       688        140          0          0          0        208   ddiv.o
        90          4          0          0          0         92   dfixu.o
        38          0          0          0          0         68   dflt_clz.o
       340         12          0          0          0        104   dmul.o
       156          4          0          0          0         92   dnaninf.o
        12          0          0          0          0         68   dretinf.o
       430          8          0          0          0        168   faddsub_clz.o
       388         76          0          0          0         96   fdiv.o
        54          4          0          0          0         84   ffix.o
        62          4          0          0          0         84   ffixu.o
        38          0          0          0          0         68   fflt_clz.o
       140          4          0          0          0         84   fnaninf.o
        10          0          0          0          0         68   fretinf.o
         4          0          0          0          0         68   printf1.o
         4          0          0          0          0         68   printf2.o
         0          0          0          0          0          0   usenofp.o
        40          0          0          0          0         68   fpclassify.o

    ----------------------------------------------------------------------
      9328        522        552          0        100       5528   Library Totals
        20          0          1          0          4          0   (incl. Padding)

    ----------------------------------------------------------------------

      Code (inc. data)   RO Data    RW Data    ZI Data      Debug   Library Name

      6814        266        551          0         96       4040   c_w.l
      2454        256          0          0          0       1420   fz_ws.l
        40          0          0          0          0         68   m_ws.l

    ----------------------------------------------------------------------
      9328        522        552          0        100       5528   Library Totals

    ----------------------------------------------------------------------

==============================================================================


      Code (inc. data)   RO Data    RW Data    ZI Data      Debug   

     24642       3214       6902       1196       5508     612496   Grand Totals
     24642       3214       6902        140       5508     612496   ELF Image Totals (compressed)
     24642       3214       6902        140          0          0   ROM Totals

==============================================================================

    Total RO  Size (Code + RO Data)                31544 (  30.80kB)
    Total RW  Size (RW Data + ZI Data)              6704 (   6.55kB)
    Total ROM Size (Code + RO Data + RW Data)      31684 (  30.94kB)

==============================================================================

