Component: ARM Compiler 5.06 update 6 (build 750) Tool: armlink [4d35ed]

==============================================================================

Section Cross References

    stm32f10x_it.o(i.HardFault_Handler) refers to usart.o(i.UsartSentDatas) for UsartSentDatas
    system_stm32f10x.o(i.SetSysClock) refers to system_stm32f10x.o(i.SetSysClockTo72) for SetSysClockTo72
    system_stm32f10x.o(i.SystemCoreClockUpdate) refers to system_stm32f10x.o(.data) for SystemCoreClock
    system_stm32f10x.o(i.SystemInit) refers to system_stm32f10x.o(i.SetSysClock) for SetSysClock
    startup_stm32f10x_md.o(STACK) refers (Special) to heapauxi.o(.text) for __use_two_region_memory
    startup_stm32f10x_md.o(HEAP) refers (Special) to heapauxi.o(.text) for __use_two_region_memory
    startup_stm32f10x_md.o(RESET) refers (Special) to heapauxi.o(.text) for __use_two_region_memory
    startup_stm32f10x_md.o(RESET) refers to startup_stm32f10x_md.o(STACK) for __initial_sp
    startup_stm32f10x_md.o(RESET) refers to startup_stm32f10x_md.o(.text) for Reset_Handler
    startup_stm32f10x_md.o(RESET) refers to stm32f10x_it.o(i.NMI_Handler) for NMI_Handler
    startup_stm32f10x_md.o(RESET) refers to stm32f10x_it.o(i.HardFault_Handler) for HardFault_Handler
    startup_stm32f10x_md.o(RESET) refers to stm32f10x_it.o(i.MemManage_Handler) for MemManage_Handler
    startup_stm32f10x_md.o(RESET) refers to stm32f10x_it.o(i.BusFault_Handler) for BusFault_Handler
    startup_stm32f10x_md.o(RESET) refers to stm32f10x_it.o(i.UsageFault_Handler) for UsageFault_Handler
    startup_stm32f10x_md.o(RESET) refers to stm32f10x_it.o(i.SVC_Handler) for SVC_Handler
    startup_stm32f10x_md.o(RESET) refers to stm32f10x_it.o(i.DebugMon_Handler) for DebugMon_Handler
    startup_stm32f10x_md.o(RESET) refers to stm32f10x_it.o(i.PendSV_Handler) for PendSV_Handler
    startup_stm32f10x_md.o(RESET) refers to stm32f10x_it.o(i.SysTick_Handler) for SysTick_Handler
    startup_stm32f10x_md.o(RESET) refers to timer.o(i.TIM2_IRQHandler) for TIM2_IRQHandler
    startup_stm32f10x_md.o(RESET) refers to pub_timer.o(i.TIM3_IRQHandler) for TIM3_IRQHandler
    startup_stm32f10x_md.o(RESET) refers to usart2.o(i.USART2_IRQHandler) for USART2_IRQHandler
    startup_stm32f10x_md.o(RESET) refers to bc26rx.o(i.USART3_IRQHandler) for USART3_IRQHandler
    startup_stm32f10x_md.o(.text) refers (Special) to heapauxi.o(.text) for __use_two_region_memory
    startup_stm32f10x_md.o(.text) refers to system_stm32f10x.o(i.SystemInit) for SystemInit
    startup_stm32f10x_md.o(.text) refers to __main.o(!!!main) for __main
    startup_stm32f10x_md.o(.text) refers to startup_stm32f10x_md.o(HEAP) for Heap_Mem
    startup_stm32f10x_md.o(.text) refers to startup_stm32f10x_md.o(STACK) for Stack_Mem
    stm32f10x_adc.o(i.ADC_DeInit) refers to stm32f10x_rcc.o(i.RCC_APB2PeriphResetCmd) for RCC_APB2PeriphResetCmd
    stm32f10x_bkp.o(i.BKP_DeInit) refers to stm32f10x_rcc.o(i.RCC_BackupResetCmd) for RCC_BackupResetCmd
    stm32f10x_can.o(i.CAN_DeInit) refers to stm32f10x_rcc.o(i.RCC_APB1PeriphResetCmd) for RCC_APB1PeriphResetCmd
    stm32f10x_can.o(i.CAN_GetITStatus) refers to stm32f10x_can.o(i.CheckITStatus) for CheckITStatus
    stm32f10x_cec.o(i.CEC_DeInit) refers to stm32f10x_rcc.o(i.RCC_APB1PeriphResetCmd) for RCC_APB1PeriphResetCmd
    stm32f10x_dac.o(i.DAC_DeInit) refers to stm32f10x_rcc.o(i.RCC_APB1PeriphResetCmd) for RCC_APB1PeriphResetCmd
    stm32f10x_flash.o(i.FLASH_EnableWriteProtection) refers to stm32f10x_flash.o(i.FLASH_WaitForLastOperation) for FLASH_WaitForLastOperation
    stm32f10x_flash.o(i.FLASH_EraseAllBank1Pages) refers to stm32f10x_flash.o(i.FLASH_WaitForLastBank1Operation) for FLASH_WaitForLastBank1Operation
    stm32f10x_flash.o(i.FLASH_EraseAllPages) refers to stm32f10x_flash.o(i.FLASH_WaitForLastOperation) for FLASH_WaitForLastOperation
    stm32f10x_flash.o(i.FLASH_EraseOptionBytes) refers to stm32f10x_flash.o(i.FLASH_GetReadOutProtectionStatus) for FLASH_GetReadOutProtectionStatus
    stm32f10x_flash.o(i.FLASH_EraseOptionBytes) refers to stm32f10x_flash.o(i.FLASH_WaitForLastOperation) for FLASH_WaitForLastOperation
    stm32f10x_flash.o(i.FLASH_ErasePage) refers to stm32f10x_flash.o(i.FLASH_WaitForLastOperation) for FLASH_WaitForLastOperation
    stm32f10x_flash.o(i.FLASH_ProgramHalfWord) refers to stm32f10x_flash.o(i.FLASH_WaitForLastOperation) for FLASH_WaitForLastOperation
    stm32f10x_flash.o(i.FLASH_ProgramOptionByteData) refers to stm32f10x_flash.o(i.FLASH_WaitForLastOperation) for FLASH_WaitForLastOperation
    stm32f10x_flash.o(i.FLASH_ProgramWord) refers to stm32f10x_flash.o(i.FLASH_WaitForLastOperation) for FLASH_WaitForLastOperation
    stm32f10x_flash.o(i.FLASH_ReadOutProtection) refers to stm32f10x_flash.o(i.FLASH_WaitForLastOperation) for FLASH_WaitForLastOperation
    stm32f10x_flash.o(i.FLASH_UserOptionByteConfig) refers to stm32f10x_flash.o(i.FLASH_WaitForLastOperation) for FLASH_WaitForLastOperation
[...]
    _printf_u                                0x080001db   Thumb Code     0  _printf_u.o(.ARM.Collect$$_printf_percent$$0000000A)
    _printf_o                                0x080001e1   Thumb Code     0  _printf_o.o(.ARM.Collect$$_printf_percent$$0000000B)
    _printf_x                                0x080001e7   Thumb Code     0  _printf_x.o(.ARM.Collect$$_printf_percent$$0000000C)
    _printf_lli                              0x080001ed   Thumb Code     0  _printf_lli.o(.ARM.Collect$$_printf_percent$$0000000D)
    _printf_lld                              0x080001f3   Thumb Code     0  _printf_lld.o(.ARM.Collect$$_printf_percent$$0000000E)
    _printf_llu                              0x080001f9   Thumb Code     0  _printf_llu.o(.ARM.Collect$$_printf_percent$$0000000F)
    _printf_llo                              0x080001ff   Thumb Code     0  _printf_llo.o(.ARM.Collect$$_printf_percent$$00000010)
    _printf_llx                              0x08000205   Thumb Code     0  _printf_llx.o(.ARM.Collect$$_printf_percent$$00000011)
    _printf_l                                0x0800020b   Thumb Code     0  _printf_l.o(.ARM.Collect$$_printf_percent$$00000012)
    _printf_c                                0x08000215   Thumb Code     0  _printf_c.o(.ARM.Collect$$_printf_percent$$00000013)
    _printf_s                                0x0800021b   Thumb Code     0  _printf_s.o(.ARM.Collect$$_printf_percent$$00000014)
    _printf_lc                               0x08000221   Thumb Code     0  _printf_lc.o(.ARM.Collect$$_printf_percent$$00000015)
    _printf_ls                               0x08000227   Thumb Code     0  _printf_ls.o(.ARM.Collect$$_printf_percent$$00000016)
    _printf_percent_end                      0x0800022d   Thumb Code     0  _printf_percent_end.o(.ARM.Collect$$_printf_percent$$00000017)
    __rt_lib_init                            0x08000231   Thumb Code     0  libinit.o(.ARM.Collect$$libinit$$00000000)
    __rt_lib_init_fp_1                       0x08000233   Thumb Code     0  libinit2.o(.ARM.Collect$$libinit$$00000002)
    __rt_lib_init_heap_1                     0x08000233   Thumb Code     0  libinit2.o(.ARM.Collect$$libinit$$0000000A)
    __rt_lib_init_lc_common                  0x08000233   Thumb Code     0  libinit2.o(.ARM.Collect$$libinit$$0000000F)
    __rt_lib_init_preinit_1                  0x08000233   Thumb Code     0  libinit2.o(.ARM.Collect$$libinit$$00000004)
    __rt_lib_init_rand_1                     0x08000233   Thumb Code     0  libinit2.o(.ARM.Collect$$libinit$$0000000E)
    __rt_lib_init_user_alloc_1               0x08000233   Thumb Code     0  libinit2.o(.ARM.Collect$$libinit$$0000000C)
    __rt_lib_init_lc_collate_1               0x08000239   Thumb Code     0  libinit2.o(.ARM.Collect$$libinit$$00000011)
    __rt_lib_init_lc_ctype_2                 0x08000239   Thumb Code     0  libinit2.o(.ARM.Collect$$libinit$$00000012)
    __rt_lib_init_lc_ctype_1                 0x08000245   Thumb Code     0  libinit2.o(.ARM.Collect$$libinit$$00000013)
    __rt_lib_init_lc_monetary_1              0x08000245   Thumb Code     0  libinit2.o(.ARM.Collect$$libinit$$00000015)
    __rt_lib_init_lc_numeric_2               0x08000245   Thumb Code     0  libinit2.o(.ARM.Collect$$libinit$$00000016)
    __rt_lib_init_alloca_1                   0x0800024f   Thumb Code     0  libinit2.o(.ARM.Collect$$libinit$$0000002E)
    __rt_lib_init_argv_1                     0x0800024f   Thumb Code     0  libinit2.o(.ARM.Collect$$libinit$$0000002C)
    __rt_lib_init_atexit_1                   0x0800024f   Thumb Code     0  libinit2.o(.ARM.Collect$$libinit$$0000001B)
    __rt_lib_init_clock_1                    0x0800024f   Thumb Code     0  libinit2.o(.ARM.Collect$$libinit$$00000021)
    __rt_lib_init_cpp_1                      0x0800024f   Thumb Code     0  libinit2.o(.ARM.Collect$$libinit$$00000032)
    __rt_lib_init_exceptions_1               0x0800024f   Thumb Code     0  libinit2.o(.ARM.Collect$$libinit$$00000030)
    __rt_lib_init_fp_trap_1                  0x0800024f   Thumb Code     0  libinit2.o(.ARM.Collect$$libinit$$0000001F)
    __rt_lib_init_getenv_1                   0x0800024f   Thumb Code     0  libinit2.o(.ARM.Collect$$libinit$$00000023)
    __rt_lib_init_lc_numeric_1               0x0800024f   Thumb Code     0  libinit2.o(.ARM.Collect$$libinit$$00000017)
    __rt_lib_init_lc_time_1                  0x0800024f   Thumb Code     0  libinit2.o(.ARM.Collect$$libinit$$00000019)
    __rt_lib_init_return                     0x0800024f   Thumb Code     0  libinit2.o(.ARM.Collect$$libinit$$00000033)
    __rt_lib_init_signal_1                   0x0800024f   Thumb Code     0  libinit2.o(.ARM.Collect$$libinit$$0000001D)
    __rt_lib_init_stdio_1                    0x0800024f   Thumb Code     0  libinit2.o(.ARM.Collect$$libinit$$00000025)
    __rt_lib_shutdown                        0x08000251   Thumb Code     0  libshutdown.o(.ARM.Collect$$libshutdown$$00000000)
    __rt_lib_shutdown_cpp_1                  0x08000253   Thumb Code     0  libshutdown2.o(.ARM.Collect$$libshutdown$$00000002)
    __rt_lib_shutdown_fp_trap_1              0x08000253   Thumb Code     0  libshutdown2.o(.ARM.Collect$$libshutdown$$00000007)
    __rt_lib_shutdown_heap_1                 0x08000253   Thumb Code     0  libshutdown2.o(.ARM.Collect$$libshutdown$$0000000F)
    __rt_lib_shutdown_return                 0x08000253   Thumb Code     0  libshutdown2.o(.ARM.Collect$$libshutdown$$00000010)
    __rt_lib_shutdown_signal_1               0x08000253   Thumb Code     0  libshutdown2.o(.ARM.Collect$$libshutdown$$0000000A)
    __rt_lib_shutdown_stdio_1                0x08000253   Thumb Code     0  libshutdown2.o(.ARM.Collect$$libshutdown$$00000004)
    __rt_lib_shutdown_user_alloc_1           0x08000253   Thumb Code     0  libshutdown2.o(.ARM.Collect$$libshutdown$$0000000C)
    __rt_entry                               0x08000255   Thumb Code     0  __rtentry.o(.ARM.Collect$$rtentry$$00000000)
    __rt_entry_presh_1                       0x08000255   Thumb Code     0  __rtentry2.o(.ARM.Collect$$rtentry$$00000002)
    __rt_entry_sh                            0x08000255   Thumb Code     0  __rtentry4.o(.ARM.Collect$$rtentry$$00000004)
    __rt_entry_li                            0x0800025b   Thumb Code     0  __rtentry2.o(.ARM.Collect$$rtentry$$0000000A)
    __rt_entry_postsh_1                      0x0800025b   Thumb Code     0  __rtentry2.o(.ARM.Collect$$rtentry$$00000009)
    __rt_entry_main                          0x0800025f   Thumb Code     0  __rtentry2.o(.ARM.Collect$$rtentry$$0000000D)
    __rt_entry_postli_1                      0x0800025f   Thumb Code     0  __rtentry2.o(.ARM.Collect$$rtentry$$0000000C)
    __rt_exit                                0x08000267   Thumb Code     0  rtexit.o(.ARM.Collect$$rtexit$$00000000)
    __rt_exit_ls                             0x08000269   Thumb Code     0  rtexit2.o(.ARM.Collect$$rtexit$$00000003)
    __rt_exit_prels_1                        0x08000269   Thumb Code     0  rtexit2.o(.ARM.Collect$$rtexit$$00000002)
    __rt_exit_exit                           0x0800026d   Thumb Code     0  rtexit2.o(.ARM.Collect$$rtexit$$00000004)
    Reset_Handler                            0x08000275   Thumb Code     8  startup_stm32f10x_md.o(.text)
    ADC1_2_IRQHandler                        0x0800028f   Thumb Code     0  startup_stm32f10x_md.o(.text)
    CAN1_RX1_IRQHandler                      0x0800028f   Thumb Code     0  startup_stm32f10x_md.o(.text)
    CAN1_SCE_IRQHandler                      0x0800028f   Thumb Code     0  startup_stm32f10x_md.o(.text)
    DMA1_Channel1_IRQHandler                 0x0800028f   Thumb Code     0  startup_stm32f10x_md.o(.text)
    DMA1_Channel2_IRQHandler                 0x0800028f   Thumb Code     0  startup_stm32f10x_md.o(.text)
    DMA1_Channel3_IRQHandler                 0x0800028f   Thumb Code     0  startup_stm32f10x_md.o(.text)
    DMA1_Channel4_IRQHandler                 0x0800028f   Thumb Code     0  startup_stm32f10x_md.o(.text)
    DMA1_Channel5_IRQHandler                 0x0800028f   Thumb Code     0  startup_stm32f10x_md.o(.text)
    DMA1_Channel6_IRQHandler                 0x0800028f   Thumb Code     0  startup_stm32f10x_md.o(.text)
    DMA1_Channel7_IRQHandler                 0x0800028f   Thumb Code     0  startup_stm32f10x_md.o(.text)
    EXTI0_IRQHandler                         0x0800028f   Thumb Code     0  startup_stm32f10x_md.o(.text)
    EXTI15_10_IRQHandler                     0x0800028f   Thumb Code     0  startup_stm32f10x_md.o(.text)
    EXTI1_IRQHandler                         0x0800028f   Thumb Code     0  startup_stm32f10x_md.o(.text)
    EXTI2_IRQHandler                         0x0800028f   Thumb Code     0  startup_stm32f10x_md.o(.text)
    EXTI3_IRQHandler                         0x0800028f   Thumb Code     0  startup_stm32f10x_md.o(.text)
    EXTI4_IRQHandler                         0x0800028f   Thumb Code     0  startup_stm32f10x_md.o(.text)
    EXTI9_5_IRQHandler                       0x0800028f   Thumb Code     0  startup_stm32f10x_md.o(.text)
    FLASH_IRQHandler                         0x0800028f   Thumb Code     0  startup_stm32f10x_md.o(.text)
    I2C1_ER_IRQHandler                       0x0800028f   Thumb Code     0  startup_stm32f10x_md.o(.text)
    I2C1_EV_IRQHandler                       0x0800028f   Thumb Code     0  startup_stm32f10x_md.o(.text)
    I2C2_ER_IRQHandler                       0x0800028f   Thumb Code     0  startup_stm32f10x_md.o(.text)
    I2C2_EV_IRQHandler                       0x0800028f   Thumb Code     0  startup_stm32f10x_md.o(.text)
    PVD_IRQHandler                           0x0800028f   Thumb Code     0  startup_stm32f10x_md.o(.text)
    RCC_IRQHandler                           0x0800028f   Thumb Code     0  startup_stm32f10x_md.o(.text)
    RTCAlarm_IRQHandler                      0x0800028f   Thumb Code     0  startup_stm32f10x_md.o(.text)
    RTC_IRQHandler                           0x0800028f   Thumb Code     0  startup_stm32f10x_md.o(.text)
    SPI1_IRQHandler                          0x0800028f   Thumb Code     0  startup_stm32f10x_md.o(.text)
    SPI2_IRQHandler                          0x0800028f   Thumb Code     0  startup_stm32f10x_md.o(.text)
    TAMPER_IRQHandler                        0x0800028f   Thumb Code     0  startup_stm32f10x_md.o(.text)
    TIM1_BRK_IRQHandler                      0x0800028f   Thumb Code     0  startup_stm32f10x_md.o(.text)
    TIM1_CC_IRQHandler                       0x0800028f   Thumb Code     0  startup_stm32f10x_md.o(.text)
    TIM1_TRG_COM_IRQHandler                  0x0800028f   Thumb Code     0  startup_stm32f10x_md.o(.text)
    TIM1_UP_IRQHandler                       0x0800028f   Thumb Code     0  startup_stm32f10x_md.o(.text)
    TIM4_IRQHandler                          0x0800028f   Thumb Code     0  startup_stm32f10x_md.o(.text)
    USART1_IRQHandler                        0x0800028f   Thumb Code     0  startup_stm32f10x_md.o(.text)
    USBWakeUp_IRQHandler                     0x0800028f   Thumb Code     0  startup_stm32f10x_md.o(.text)
    USB_HP_CAN1_TX_IRQHandler                0x0800028f   Thumb Code     0  startup_stm32f10x_md.o(.text)
    USB_LP_CAN1_RX0_IRQHandler               0x0800028f   Thumb Code     0  startup_stm32f10x_md.o(.text)
    WWDG_IRQHandler                          0x0800028f   Thumb Code     0  startup_stm32f10x_md.o(.text)
    __user_initial_stackheap                 0x08000291   Thumb Code     0  startup_stm32f10x_md.o(.text)
    vsprintf                                 0x080002b5   Thumb Code    32  vsprintf.o(.text)
    __0sscanf                                0x080002d9   Thumb Code    52  __0sscanf.o(.text)
    _scanf_string                            0x08000315   Thumb Code   224  _scanf_str.o(.text)
    strstr                                   0x080003f5   Thumb Code    36  strstr.o(.text)
    strcat                                   0x08000419   Thumb Code    24  strcat.o(.text)
    __aeabi_memcpy4                          0x08000431   Thumb Code     0  rt_memcpy_w.o(.text)
    __aeabi_memcpy8                          0x08000431   Thumb Code     0  rt_memcpy_w.o(.text)
    __rt_memcpy_w                            0x08000431   Thumb Code   100  rt_memcpy_w.o(.text)
    _memcpy_lastbytes_aligned                0x08000479   Thumb Code     0  rt_memcpy_w.o(.text)
    __use_two_region_memory                  0x08000495   Thumb Code     2  heapauxi.o(.text)
    __rt_heap_escrow$2region                 0x08000497   Thumb Code     2  heapauxi.o(.text)
    __rt_heap_expand$2region                 0x08000499   Thumb Code     2  heapauxi.o(.text)
    _printf_pre_padding                      0x0800049b   Thumb Code    44  _printf_pad.o(.text)
    _printf_post_padding                     0x080004c7   Thumb Code    34  _printf_pad.o(.text)
    _printf_truncate_signed                  0x080004e9   Thumb Code    18  _printf_truncate.o(.text)
    _printf_truncate_unsigned                0x080004fb   Thumb Code    18  _printf_truncate.o(.text)
    _printf_str                              0x0800050d   Thumb Code    82  _printf_str.o(.text)
    _printf_int_dec                          0x08000561   Thumb Code   104  _printf_dec.o(.text)
    _printf_charcount                        0x080005d9   Thumb Code    40  _printf_charcount.o(.text)
    _printf_char_common                      0x0800060b   Thumb Code    32  _printf_char_common.o(.text)
    _sputc                                   0x08000631   Thumb Code    10  _sputc.o(.text)
    _printf_wctomb                           0x0800063d   Thumb Code   182  _printf_wctomb.o(.text)
    _printf_longlong_dec                     0x080006f9   Thumb Code   108  _printf_longlong_dec.o(.text)
    _printf_longlong_oct                     0x08000775   Thumb Code    66  _printf_oct_int_ll.o(.text)
    _printf_int_oct                          0x080007b7   Thumb Code    24  _printf_oct_int_ll.o(.text)
    _printf_ll_oct                           0x080007cf   Thumb Code    12  _printf_oct_int_ll.o(.text)
    _printf_longlong_hex                     0x080007e5   Thumb Code    86  _printf_hex_int_ll_ptr.o(.text)
    _printf_int_hex                          0x0800083b   Thumb Code    28  _printf_hex_int_ll_ptr.o(.text)
    _printf_ll_hex                           0x08000857   Thumb Code    12  _printf_hex_int_ll_ptr.o(.text)
    _printf_hex_ptr                          0x08000863   Thumb Code    18  _printf_hex_int_ll_ptr.o(.text)
    __printf                                 0x08000879   Thumb Code   388  __printf_flags_ss_wp.o(.text)
    __vfscanf_char                           0x08000a0d   Thumb Code    24  scanf_char.o(.text)
    _sgetc                                   0x08000a2d   Thumb Code    30  _sgetc.o(.text)
    _sbackspace                              0x08000a4b   Thumb Code    34  _sgetc.o(.text)
    _ll_udiv10                               0x08000a6d   Thumb Code   138  lludiv10.o(.text)
    isspace                                  0x08000af7   Thumb Code    18  isspace.o(.text)
    _printf_int_common                       0x08000b09   Thumb Code   178  _printf_intcommon.o(.text)
    __lib_sel_fp_printf                      0x08000bbb   Thumb Code     2  _printf_fp_dec.o(.text)
    _printf_fp_dec_real                      0x08000d6d   Thumb Code   620  _printf_fp_dec.o(.text)
    _printf_fp_hex_real                      0x08000fd9   Thumb Code   756  _printf_fp_hex.o(.text)
    _printf_cs_common                        0x080012d5   Thumb Code    20  _printf_char.o(.text)
    _printf_char                             0x080012e9   Thumb Code    16  _printf_char.o(.text)
    _printf_string                           0x080012f9   Thumb Code     8  _printf_char.o(.text)
    _printf_lcs_common                       0x08001301   Thumb Code    20  _printf_wchar.o(.text)
    _printf_wchar                            0x08001315   Thumb Code    16  _printf_wchar.o(.text)
    _printf_wstring                          0x08001325   Thumb Code     8  _printf_wchar.o(.text)
    __vfscanf                                0x0800132d   Thumb Code   878  _scanf.o(.text)
    _wcrtomb                                 0x080016a1   Thumb Code    64  _wcrtomb.o(.text)
    __user_setup_stackheap                   0x080016e1   Thumb Code    74  sys_stackheap_outer.o(.text)
    __rt_ctype_table                         0x0800172d   Thumb Code    16  rt_ctype_table.o(.text)
    __rt_locale                              0x0800173d   Thumb Code     8  rt_locale_intlibspace.o(.text)
    _printf_fp_infnan                        0x08001745   Thumb Code   112  _printf_fp_infnan.o(.text)
    _btod_etento                             0x080017c5   Thumb Code   224  bigflt0.o(.text)
    exit                                     0x080018a9   Thumb Code    18  exit.o(.text)
    __user_libspace                          0x080018bd   Thumb Code     8  libspace.o(.text)
    __user_perproc_libspace                  0x080018bd   Thumb Code     0  libspace.o(.text)
    __user_perthread_libspace                0x080018bd   Thumb Code     0  libspace.o(.text)
    strcmp                                   0x080018c5   Thumb Code   128  strcmpv7m.o(.text)
    _sys_exit                                0x08001945   Thumb Code     8  sys_exit.o(.text)
    __I$use$semihosting                      0x08001951   Thumb Code     0  use_no_semi.o(.text)
    __use_no_semihosting_swi                 0x08001951   Thumb Code     2  use_no_semi.o(.text)
    __semihosting_library_function           0x08001953   Thumb Code     0  indicate_semi.o(.text)
    _btod_d2e                                0x08001953   Thumb Code    62  btod.o(CL$$btod_d2e)
    _d2e_denorm_low                          0x08001991   Thumb Code    70  btod.o(CL$$btod_d2e_denorm_low)
    _d2e_norm_op1                            0x080019d7   Thumb Code    96  btod.o(CL$$btod_d2e_norm_op1)
    __btod_div_common                        0x08001a37   Thumb Code   696  btod.o(CL$$btod_div_common)
    _e2e                                     0x08001d6f   Thumb Code   220  btod.o(CL$$btod_e2e)
    _btod_ediv                               0x08001e4b   Thumb Code    42  btod.o(CL$$btod_ediv)
    _btod_emul                               0x08001e75   Thumb Code    42  btod.o(CL$$btod_emul)
    __btod_mult_common                       0x08001e9f   Thumb Code   580  btod.o(CL$$btod_mult_common)
    BC26CESQCheck                            0x080020e5   Thumb Code    60  bc26cesqchecktask.o(i.BC26CESQCheck)
    BC26CESQCheckErrorOut                    0x08002159   Thumb Code    44  bc26cesqchecktask.o(i.BC26CESQCheckErrorOut)
    BC26CESQCheckResultHandle                0x08002191   Thumb Code   126  bc26cesqchecktask.o(i.BC26CESQCheckResultHandle)
    BC26CSCONSet                             0x0800225d   Thumb Code    60  bc26csconsettask.o(i.BC26CSCONSet)
    BC26CSCONSetErrorOut                     0x080022d5   Thumb Code    46  bc26csconsettask.o(i.BC26CSCONSetErrorOut)
    BC26CSCONSetResultHandle                 0x08002311   Thumb Code    44  bc26csconsettask.o(i.BC26CSCONSetResultHandle)
    BC26CardCheck                            0x0800235d   Thumb Code    60  bc26cardchecktask.o(i.BC26CardCheck)
    BC26CardCheckErrorOut                    0x080023d1   Thumb Code    46  bc26cardchecktask.o(i.BC26CardCheckErrorOut)
    BC26CardCheckResultHandle                0x0800240d   Thumb Code   104  bc26cardchecktask.o(i.BC26CardCheckResultHandle)
    BC26Check                                0x080024b9   Thumb Code    62  bc26checktask.o(i.BC26Check)
    BC26CheckResultHandle                    0x08002515   Thumb Code    18  bc26checktask.o(i.BC26CheckResultHandle)
    BC26Connect                              0x08002541   Thumb Code   100  bc26connecttask.o(i.BC26Connect)
    BC26ConnectErrorOut                      0x0800260d   Thumb Code    44  bc26connecttask.o(i.BC26ConnectErrorOut)
    BC26ConnectResultHandle                  0x08002645   Thumb Code   244  bc26connecttask.o(i.BC26ConnectResultHandle)
    BC26Detach                               0x080027bd   Thumb Code    36  bc26detachtask.o(i.BC26Detach)
    BC26DetachResultHandle                   0x080027fd   Thumb Code    30  bc26detachtask.o(i.BC26DetachResultHandle)
    BC26GpioInit                             0x08002835   Thumb Code    74  bc26.o(i.BC26GpioInit)
    BC26IPCheck                              0x080028a1   Thumb Code    60  bc26ipchecktask.o(i.BC26IPCheck)
    BC26IPCheckErrorOut                      0x08002915   Thumb Code    44  bc26ipchecktask.o(i.BC26IPCheckErrorOut)
    BC26IPCheckResultHandle                  0x0800294d   Thumb Code   104  bc26ipchecktask.o(i.BC26IPCheckResultHandle)
    BC26MQTTInitCheck                        0x080029f1   Thumb Code   124  bc26mqttinittask.o(i.BC26MQTTInitCheck)
    BC26MQTTInitResultHandle                 0x08002b19   Thumb Code    38  bc26mqttinittask.o(i.BC26MQTTInitResultHandle)
    BC26Open                                 0x08002b5d   Thumb Code    92  bc26opentask.o(i.BC26Open)
    BC26OpenErrorOut                         0x08002c11   Thumb Code    44  bc26opentask.o(i.BC26OpenErrorOut)
    BC26OpenResultHandle                     0x08002c49   Thumb Code   216  bc26opentask.o(i.BC26OpenResultHandle)
    BC26PSMSet                               0x08002d89   Thumb Code    42  bc26psmsettask.o(i.BC26PSMSet)
    BC26PSMSetResultHandle                   0x08002dd1   Thumb Code    30  bc26psmsettask.o(i.BC26PSMSetResultHandle)
    BC26Pub                                  0x08002e0d   Thumb Code   182  doing.o(i.BC26Pub)
    BC26PubErrorOut                          0x08002f21   Thumb Code    46  bc26pubtask.o(i.BC26PubErrorOut)
    BC26PubResultHandle                      0x08002f61   Thumb Code   186  bc26pubtask.o(i.BC26PubResultHandle)
    BC26REGSet                               0x08003069   Thumb Code    60  bc26regsettask.o(i.BC26REGSet)
    BC26REGSetErrorOut                       0x080030dd   Thumb Code    46  bc26regsettask.o(i.BC26REGSetErrorOut)
    BC26REGSetResultHandle                   0x08003119   Thumb Code    44  bc26regsettask.o(i.BC26REGSetResultHandle)
    BC26RXPBufferReader                      0x08003161   Thumb Code   430  bc26rx.o(i.BC26RXPBufferReader)
    BC26ResetMission                         0x080033f9   Thumb Code   130  bc26.o(i.BC26ResetMission)
    BC26Sub                                  0x080034b5   Thumb Code   102  doing.o(i.BC26Sub)
    BC26SubErrorOut                          0x08003571   Thumb Code    42  bc26subtask.o(i.BC26SubErrorOut)
    BC26SubResultHandle                      0x080035a9   Thumb Code   152  bc26subtask.o(i.BC26SubResultHandle)
    BC26TXATCommandViaUsart                  0x08003685   Thumb Code    12  bc26tx.o(i.BC26TXATCommandViaUsart)
    BC26TXFinish                             0x08003699   Thumb Code    10  bc26tx.o(i.BC26TXFinish)
    BC26TXRepeat                             0x080036a9   Thumb Code    10  bc26tx.o(i.BC26TXRepeat)
    BC26TXRequest                            0x080036b9   Thumb Code    52  bc26tx.o(i.BC26TXRequest)
    BC26TxAtCommand                          0x080036f1   Thumb Code   144  bc26tx.o(i.BC26TxAtCommand)
    BC26Unsub                                0x080037a1   Thumb Code   128  doing.o(i.BC26Unsub)
    BC26UnsubErrorOut                        0x08003879   Thumb Code    42  bc26unsubtask.o(i.BC26UnsubErrorOut)
    BC26UnsubResultHandle                    0x080038b1   Thumb Code   144  bc26unsubtask.o(i.BC26UnsubResultHandle)
    BC26UsartInit                            0x08003985   Thumb Code   270  bc26rx.o(i.BC26UsartInit)
    BC26eDRXSet                              0x08003aa5   Thumb Code    60  bc26edrxsettask.o(i.BC26eDRXSet)
    BC26eDRXSetErrorOut                      0x08003b1d   Thumb Code    46  bc26edrxsettask.o(i.BC26eDRXSetErrorOut)
    BC26eDRXSetResultHandle                  0x08003b59   Thumb Code    44  bc26edrxsettask.o(i.BC26eDRXSetResultHandle)
    BusFault_Handler                         0x08003ba5   Thumb Code     4  stm32f10x_it.o(i.BusFault_Handler)
    DMA_Cmd                                  0x08003ba9   Thumb Code    24  stm32f10x_dma.o(i.DMA_Cmd)
    DMA_DeInit                               0x08003bc1   Thumb Code   324  stm32f10x_dma.o(i.DMA_DeInit)
    DMA_Init                                 0x08003d0d   Thumb Code    60  stm32f10x_dma.o(i.DMA_Init)
    DMA_SetCurrDataCounter                   0x08003d49   Thumb Code     4  stm32f10x_dma.o(i.DMA_SetCurrDataCounter)
    DebugMon_Handler                         0x08003d4d   Thumb Code     2  stm32f10x_it.o(i.DebugMon_Handler)
    DelayInit                                0x08003d4f   Thumb Code    18  delay.o(i.DelayInit)
    DelayMs                                  0x08003d61   Thumb Code    52  delay.o(i.DelayMs)
    FLASH_ClearFlag                          0x08003d95   Thumb Code     6  stm32f10x_flash.o(i.FLASH_ClearFlag)
    FLASH_ErasePage                          0x08003da1   Thumb Code    72  stm32f10x_flash.o(i.FLASH_ErasePage)
    FLASH_GetBank1Status                     0x08003ded   Thumb Code    48  stm32f10x_flash.o(i.FLASH_GetBank1Status)
    FLASH_GetStatus                          0x08003e21   Thumb Code    48  stm32f10x_flash.o(i.FLASH_GetStatus)
    FLASH_LockBank1                          0x08003e55   Thumb Code    14  stm32f10x_flash.o(i.FLASH_LockBank1)
    FLASH_ProgramHalfWord                    0x08003e69   Thumb Code    60  stm32f10x_flash.o(i.FLASH_ProgramHalfWord)
    FLASH_UnlockBank1                        0x08003ea9   Thumb Code    12  stm32f10x_flash.o(i.FLASH_UnlockBank1)
    FLASH_WaitForLastOperation               0x08003ec1   Thumb Code    38  stm32f10x_flash.o(i.FLASH_WaitForLastOperation)
    FirstRunning                             0x08003ee9   Thumb Code    16  flash.o(i.FirstRunning)
    GETDevicesID                             0x08003f0d   Thumb Code   184  systeminit.o(i.GETDevicesID)
    GPIO_Init                                0x08003fcd   Thumb Code   278  stm32f10x_gpio.o(i.GPIO_Init)
    GPIO_ResetBits                           0x080040e3   Thumb Code     4  stm32f10x_gpio.o(i.GPIO_ResetBits)
    GPIO_SetBits                             0x080040e7   Thumb Code     4  stm32f10x_gpio.o(i.GPIO_SetBits)
    HardFault_Handler                        0x080040ed   Thumb Code    12  stm32f10x_it.o(i.HardFault_Handler)
    InitDevicesDatas                         0x08004109   Thumb Code    78  flash.o(i.InitDevicesDatas)
    MQTTRXHandle                             0x08004169   Thumb Code    46  doing.o(i.MQTTRXHandle)
    MemManage_Handler                        0x080041f9   Thumb Code     4  stm32f10x_it.o(i.MemManage_Handler)
    NMI_Handler                              0x080041fd   Thumb Code     2  stm32f10x_it.o(i.NMI_Handler)
    NVIC_Init                                0x08004201   Thumb Code   100  misc.o(i.NVIC_Init)
    NVIC_PriorityGroupConfig                 0x08004271   Thumb Code    10  misc.o(i.NVIC_PriorityGroupConfig)
    PendSV_Handler                           0x08004285   Thumb Code     2  stm32f10x_it.o(i.PendSV_Handler)
    QueueAdd                                 0x08004287   Thumb Code    54  circularqueue.o(i.QueueAdd)
    QueueSub                                 0x080042bd   Thumb Code    52  circularqueue.o(i.QueueSub)
    RCC_AHBPeriphClockCmd                    0x080042f1   Thumb Code    26  stm32f10x_rcc.o(i.RCC_AHBPeriphClockCmd)
    RCC_APB1PeriphClockCmd                   0x08004311   Thumb Code    26  stm32f10x_rcc.o(i.RCC_APB1PeriphClockCmd)
    RCC_APB1PeriphResetCmd                   0x08004331   Thumb Code    26  stm32f10x_rcc.o(i.RCC_APB1PeriphResetCmd)
    RCC_APB2PeriphClockCmd                   0x08004351   Thumb Code    26  stm32f10x_rcc.o(i.RCC_APB2PeriphClockCmd)
    RCC_APB2PeriphResetCmd                   0x08004371   Thumb Code    26  stm32f10x_rcc.o(i.RCC_APB2PeriphResetCmd)
    RCC_GetClocksFreq                        0x08004391   Thumb Code   192  stm32f10x_rcc.o(i.RCC_GetClocksFreq)
    RXARespondHandle                         0x08004465   Thumb Code   228  bc26rx.o(i.RXARespondHandle)
    RXPRespondHandle                         0x08004551   Thumb Code   134  bc26rx.o(i.RXPRespondHandle)
    ReWriteDatas                             0x080045e1   Thumb Code   110  flash.o(i.ReWriteDatas)
    ReadFlashSeriesStrings                   0x0800465d   Thumb Code    76  flash.o(i.ReadFlashSeriesStrings)
    RunTaskQueue                             0x080046b5   Thumb Code    52  task.o(i.RunTaskQueue)
    SVC_Handler                              0x080046e9   Thumb Code     2  stm32f10x_it.o(i.SVC_Handler)
    SysTick_Handler                          0x080047d5   Thumb Code     2  stm32f10x_it.o(i.SysTick_Handler)
    SystemHardwareInit                       0x080047d9   Thumb Code    56  systeminit.o(i.SystemHardwareInit)
    SystemInit                               0x08004815   Thumb Code    78  system_stm32f10x.o(i.SystemInit)
    SystemTaskInit                           0x08004875   Thumb Code   234  systeminit.o(i.SystemTaskInit)
    SystickStops                             0x080049ed   Thumb Code    12  delay.o(i.SystickStops)
    TIM2_IRQHandler                          0x080049f9   Thumb Code    78  timer.o(i.TIM2_IRQHandler)
    TIM3_IRQHandler                          0x08004a51   Thumb Code   136  pub_timer.o(i.TIM3_IRQHandler)
    TIM_ClearITPendingBit                    0x08004af9   Thumb Code     6  stm32f10x_tim.o(i.TIM_ClearITPendingBit)
    TIM_Cmd                                  0x08004aff   Thumb Code    24  stm32f10x_tim.o(i.TIM_Cmd)
    TIM_GetITStatus                          0x08004b17   Thumb Code    34  stm32f10x_tim.o(i.TIM_GetITStatus)
    TIM_ITConfig                             0x08004b39   Thumb Code    18  stm32f10x_tim.o(i.TIM_ITConfig)
    TIM_SetCounter                           0x08004b4b   Thumb Code     4  stm32f10x_tim.o(i.TIM_SetCounter)
    TIM_TimeBaseInit                         0x08004b51   Thumb Code   122  stm32f10x_tim.o(i.TIM_TimeBaseInit)
    TaskAdd                                  0x08004bf5   Thumb Code    30  task.o(i.TaskAdd)
    TimeInit                                 0x08004c13   Thumb Code   106  timer.o(i.TimeInit)
    TimerAdd                                 0x08004c7d   Thumb Code   116  timer.o(i.TimerAdd)
    TimerLoopTimeOut                         0x08004cf5   Thumb Code   130  timer.o(i.TimerLoopTimeOut)
    TimerSub                                 0x08004d79   Thumb Code    96  timer.o(i.TimerSub)
    USART2_IRQHandler                        0x08004ddd   Thumb Code   296  usart2.o(i.USART2_IRQHandler)
    USART3_IRQHandler                        0x08004f39   Thumb Code   292  bc26rx.o(i.USART3_IRQHandler)
    USART_ClearFlag                          0x08005079   Thumb Code    18  stm32f10x_usart.o(i.USART_ClearFlag)
    USART_ClearITPendingBit                  0x0800508b   Thumb Code    30  stm32f10x_usart.o(i.USART_ClearITPendingBit)
    USART_Cmd                                0x080050a9   Thumb Code    24  stm32f10x_usart.o(i.USART_Cmd)
    USART_DMACmd                             0x080050c1   Thumb Code    18  stm32f10x_usart.o(i.USART_DMACmd)
    USART_DeInit                             0x080050d5   Thumb Code   134  stm32f10x_usart.o(i.USART_DeInit)
    USART_GetFlagStatus                      0x08005171   Thumb Code    26  stm32f10x_usart.o(i.USART_GetFlagStatus)
    USART_GetITStatus                        0x0800518b   Thumb Code    84  stm32f10x_usart.o(i.USART_GetITStatus)
    USART_ITConfig                           0x080051df   Thumb Code    74  stm32f10x_usart.o(i.USART_ITConfig)
    USART_Init                               0x08005229   Thumb Code   210  stm32f10x_usart.o(i.USART_Init)
    USART_ReceiveData                        0x08005301   Thumb Code    10  stm32f10x_usart.o(i.USART_ReceiveData)
    USART_SendData                           0x0800530b   Thumb Code     8  stm32f10x_usart.o(i.USART_SendData)
    UsageFault_Handler                       0x08005313   Thumb Code     4  stm32f10x_it.o(i.UsageFault_Handler)
    Usart1Init                               0x08005319   Thumb Code   124  usart1.o(i.Usart1Init)
    Usart2Init                               0x0800539d   Thumb Code   268  usart2.o(i.Usart2Init)
    UsartSentData                            0x080054b9   Thumb Code    30  usart.o(i.UsartSentData)
    UsartSentDatas                           0x080054d7   Thumb Code    30  usart.o(i.UsartSentDatas)
    UserHardwareInit                         0x080054f5   Thumb Code    28  doing.o(i.UserHardwareInit)
    UserTaskInit                             0x08005511   Thumb Code    16  doing.o(i.UserTaskInit)
    WakeUpNextTask                           0x0800552d   Thumb Code    20  task.o(i.WakeUpNextTask)
    WriteDatas                               0x08005541   Thumb Code   132  flash.o(i.WriteDatas)
    __ARM_fpclassify                         0x080055c5   Thumb Code    40  fpclassify.o(i.__ARM_fpclassify)
    _is_digit                                0x080055ed   Thumb Code    14  __printf_wp.o(i._is_digit)
    all_sensor_init                          0x080055fd   Thumb Code    24  datasum.o(i.all_sensor_init)
    collect_data                             0x08005641   Thumb Code    66  datasum.o(i.collect_data)
    main                                     0x08005691   Thumb Code    18  main.o(i.main)
    pub_timer_init                           0x080056a9   Thumb Code    80  pub_timer.o(i.pub_timer_init)
    setTPC                                   0x080056fd   Thumb Code    42  datasum.o(i.setTPC)
    start_pub                                0x08005739   Thumb Code    24  pub_timer.o(i.start_pub)
    test_func                                0x08005755   Thumb Code    10  test1.o(i.test_func)
    _get_lc_numeric                          0x08005761   Thumb Code    44  lc_numeric_c.o(locale$$code)
    _get_lc_ctype                            0x0800578d   Thumb Code    44  lc_ctype_c.o(locale$$code)
    _printf_fp_dec                           0x080057b9   Thumb Code     4  printf1.o(x$fpl$printf1)
    _printf_fp_hex                           0x080057bd   Thumb Code     4  printf2.o(x$fpl$printf2)
    __I$use$fp                               0x080057c0   Number         0  usenofp.o(x$fpl$usenofp)
    Region$$Table$$Base                      0x08005918   Number         0  anon$$obj.o(Region$$Table)
    Region$$Table$$Limit                     0x08005938   Number         0  anon$$obj.o(Region$$Table)
    __ctype                                  0x08005961   Data           0  lc_ctype_c.o(locale$$data)
    IPAddr                                   0x20000014   Data          16  doing.o(.data)
    Port                                     0x20000024   Data           6  doing.o(.data)
    Password                                 0x2000002a   Data          17  doing.o(.data)
    UserName                                 0x2000003b   Data          17  doing.o(.data)
    TOPIC                                    0x2000004c   Data          20  doing.o(.data)
    BC26CanPub                               0x20000060   Data           1  doing.o(.data)
    BC26Unsubed                              0x20000061   Data           1  doing.o(.data)
    BC26Subed                                0x20000062   Data           1  doing.o(.data)
    PUB_Times                                0x20000063   Data           1  doing.o(.data)
    counter                                  0x20000064   Data           4  doing.o(.data)
    ReceiveNum                               0x2000006c   Data           6  usart2.o(.data)
    ReadStart                                0x20000072   Data           6  usart2.o(.data)
    BC26ReInit                               0x20000084   Data           1  bc26.o(.data)
    BC26CheckResult                          0x20000086   Data           1  bc26checktask.o(.data)
    BC26ConnectIndex                         0x20000087   Data           1  bc26connecttask.o(.data)
    BC26SuccessConnect                       0x20000088   Data           1  bc26connecttask.o(.data)
    BC26PubOK                                0x2000008a   Data           1  bc26pubtask.o(.data)
    BC26PubIndex                             0x2000008b   Data           1  bc26pubtask.o(.data)
    BC26NeedPub                              0x2000008c   Data           1  bc26pubtask.o(.data)
    BC26SubOK                                0x2000008e   Data           1  bc26subtask.o(.data)
    BC26SubIndex                             0x2000008f   Data           1  bc26subtask.o(.data)
    BC26TX                                   0x20000094   Data         180  bc26tx.o(.data)
    BC26UnsubOK                              0x20000148   Data           1  bc26unsubtask.o(.data)
    BC26UnsubIndex                           0x20000149   Data           1  bc26unsubtask.o(.data)
    SystemStartTask                          0x2000014c   Data           4  systeminit.o(.data)
    BC26CardCheckResult                      0x20000150   Data           1  bc26cardchecktask.o(.data)
    BC26CESQCheckResult                      0x20000154   Data           1  bc26cesqchecktask.o(.data)
    BC26CSCONSetResult                       0x20000158   Data           1  bc26csconsettask.o(.data)
    BC26DetachResult                         0x2000015c   Data           1  bc26detachtask.o(.data)
    BC26eDRXSetResult                        0x2000015e   Data           1  bc26edrxsettask.o(.data)
    BC26IPCheckResult                        0x20000162   Data           1  bc26ipchecktask.o(.data)
    BC26MQTTInitIndex                        0x20000164   Data           1  bc26mqttinittask.o(.data)
    MQTTNeedInit                             0x20000165   Data           1  bc26mqttinittask.o(.data)
    BC26OpenIndex                            0x20000166   Data           1  bc26opentask.o(.data)
    BC26SuccessOpen                          0x20000167   Data           1  bc26opentask.o(.data)
    BC26PSMSetResult                         0x20000169   Data           1  bc26psmsettask.o(.data)
    BC26REGSetResult                         0x2000016a   Data           1  bc26regsettask.o(.data)
    BC26RX                                   0x20000170   Data         556  bc26rx.o(.data)
    StartTimer                               0x200003a8   Data           4  timer.o(.data)
    TimerTemp                                0x200003ac   Data           4  timer.o(.data)
    MQTTPublish                              0x200003b0   Data         288  doing.o(.bss)
    ID                                       0x200004d0   Data          10  doing.o(.bss)
    test                                     0x200004dc   Data          28  doing.o(.bss)
    SensorData                               0x200004f8   Data          56  datasum.o(.bss)
    ReceiveBufferTemp                        0x20000530   Data         384  usart2.o(.bss)
    ReceiveBuffer                            0x200006b0   Data        1536  usart2.o(.bss)
    BC26ResetTask                            0x20000cb0   Data          28  bc26.o(.bss)
    BC26CheckTask                            0x20000cf8   Data          28  bc26checktask.o(.bss)
    BC26ConnectTask                          0x20000d14   Data          28  bc26connecttask.o(.bss)
    BC26ConnectTimer                         0x20000d30   Data          44  bc26connecttask.o(.bss)
    BC26PubTask                              0x20000d5c   Data          28  bc26pubtask.o(.bss)
    BC26PubTimer                             0x20000d78   Data          44  bc26pubtask.o(.bss)
    BC26SubTask                              0x20000da4   Data          28  bc26subtask.o(.bss)
    BC26SubTimer                             0x20000dc0   Data          44  bc26subtask.o(.bss)
    BC26UnsubTask                            0x20000e18   Data          28  bc26unsubtask.o(.bss)
    BC26UnsubTimer                           0x20000e34   Data          44  bc26unsubtask.o(.bss)
    StringTemp                               0x20000e60   Data         128  systeminit.o(.bss)
    StringTemp1                              0x20000ee0   Data         128  systeminit.o(.bss)
    StringTemp2                              0x20000f60   Data         128  systeminit.o(.bss)
    DevicesID                                0x20000fe0   Data          25  systeminit.o(.bss)
    BC26CardCheckTask                        0x20000ffc   Data          28  bc26cardchecktask.o(.bss)
    BC26CardCheckTimer                       0x20001018   Data          44  bc26cardchecktask.o(.bss)
    BC26CESQCheckTask                        0x20001044   Data          28  bc26cesqchecktask.o(.bss)
    BC26CESQCheckTimer                       0x20001060   Data          44  bc26cesqchecktask.o(.bss)
    BC26CSCONSetTask                         0x2000108c   Data          28  bc26csconsettask.o(.bss)
    BC26CSCONSetTimer                        0x200010a8   Data          44  bc26csconsettask.o(.bss)
    BC26DetachTask                           0x200010d4   Data          28  bc26detachtask.o(.bss)
    BC26eDRXSetTask                          0x200010f0   Data          28  bc26edrxsettask.o(.bss)
    BC26eDRXSetTimer                         0x2000110c   Data          44  bc26edrxsettask.o(.bss)
    BC26IPCheckTask                          0x20001138   Data          28  bc26ipchecktask.o(.bss)
    BC26IPCheckTimer                         0x20001154   Data          44  bc26ipchecktask.o(.bss)
    BC26MQTTInitTask                         0x20001180   Data          28  bc26mqttinittask.o(.bss)
    BC26OpenTask                             0x2000119c   Data          28  bc26opentask.o(.bss)
    BC26OpenTimer                            0x200011b8   Data          44  bc26opentask.o(.bss)
    BC26PSMSetTask                           0x200011e4   Data          28  bc26psmsettask.o(.bss)
    BC26REGSetTask                           0x20001200   Data          28  bc26regsettask.o(.bss)
    BC26REGSetTimer                          0x2000121c   Data          44  bc26regsettask.o(.bss)
    __libspace_start                         0x20001248   Data          96  libspace.o(.bss)
    __temporary_stack_top$libspace           0x200012a8   Data           0  libspace.o(.bss)



==============================================================================

Memory Map of the image

  Image Entry point : 0x080000ed

  Load Region LR_IROM1 (Base: 0x08000000, Size: 0x00005e14, Max: 0x00010000, ABSOLUTE, COMPRESSED[0x00005ad4])

    Execution Region ER_IROM1 (Exec base: 0x08000000, Load base: 0x08000000, Size: 0x00005a64, Max: 0x00010000, ABSOLUTE)

    Exec Addr    Load Addr    Size         Type   Attr      Idx    E Section Name        Object

    0x08000000   0x08000000   0x000000ec   Data   RO          302    RESET               startup_stm32f10x_md.o
    0x080000ec   0x080000ec   0x00000008   Code   RO         5063  * !!!main             c_w.l(__main.o)
    0x080000f4   0x080000f4   0x00000034   Code   RO         5450    !!!scatter          c_w.l(__scatter.o)
    0x08000128   0x08000128   0x0000005a   Code   RO         5448    !!dczerorl2         c_w.l(__dczerorl2.o)
    0x08000182   0x08000182   0x00000002   PAD
    0x08000184   0x08000184   0x0000001c   Code   RO         5452    !!handler_zi        c_w.l(__scatter_zi.o)
    0x080001a0   0x080001a0   0x00000000   Code   RO         5193    .ARM.Collect$$_printf_percent$$00000000  c_w.l(_printf_percent.o)
    0x080001a0   0x080001a0   0x00000006   Code   RO         5182    .ARM.Collect$$_printf_percent$$00000001  c_w.l(_printf_n.o)
    0x080001a6   0x080001a6   0x00000006   Code   RO         5184    .ARM.Collect$$_printf_percent$$00000002  c_w.l(_printf_p.o)
    0x080001ac   0x080001ac   0x00000006   Code   RO         5189    .ARM.Collect$$_printf_percent$$00000003  c_w.l(_printf_f.o)
    0x080001b2   0x080001b2   0x00000006   Code   RO         5190    .ARM.Collect$$_printf_percent$$00000004  c_w.l(_printf_e.o)
    0x080001b8   0x080001b8   0x00000006   Code   RO         5191    .ARM.Collect$$_printf_percent$$00000005  c_w.l(_printf_g.o)
    0x080001be   0x080001be   0x00000006   Code   RO         5192    .ARM.Collect$$_printf_percent$$00000006  c_w.l(_printf_a.o)
    0x080001c4   0x080001c4   0x0000000a   Code   RO         5197    .ARM.Collect$$_printf_percent$$00000007  c_w.l(_printf_ll.o)
    0x080001ce   0x080001ce   0x00000006   Code   RO         5186    .ARM.Collect$$_printf_percent$$00000008  c_w.l(_printf_i.o)
    0x080001d4   0x080001d4   0x00000006   Code   RO         5187    .ARM.Collect$$_printf_percent$$00000009  c_w.l(_printf_d.o)
    0x080001da   0x080001da   0x00000006   Code   RO         5188    .ARM.Collect$$_printf_percent$$0000000A  c_w.l(_printf_u.o)
    0x080001e0   0x080001e0   0x00000006   Code   RO         5185    .ARM.Collect$$_printf_percent$$0000000B  c_w.l(_printf_o.o)
    0x080001e6   0x080001e6   0x00000006   Code   RO         5183    .ARM.Collect$$_printf_percent$$0000000C  c_w.l(_printf_x.o)
    0x080001ec   0x080001ec   0x00000006   Code   RO         5194    .ARM.Collect$$_printf_percent$$0000000D  c_w.l(_printf_lli.o)
    0x080001f2   0x080001f2   0x00000006   Code   RO         5195    .ARM.Collect$$_printf_percent$$0000000E  c_w.l(_printf_lld.o)
    0x080001f8   0x080001f8   0x00000006   Code   RO         5196    .ARM.Collect$$_printf_percent$$0000000F  c_w.l(_printf_llu.o)
    0x080001fe   0x080001fe   0x00000006   Code   RO         5201    .ARM.Collect$$_printf_percent$$00000010  c_w.l(_printf_llo.o)
    0x08000204   0x08000204   0x00000006   Code   RO         5202    .ARM.Collect$$_printf_percent$$00000011  c_w.l(_printf_llx.o)
    0x0800020a   0x0800020a   0x0000000a   Code   RO         5198    .ARM.Collect$$_printf_percent$$00000012  c_w.l(_printf_l.o)
    0x08000214   0x08000214   0x00000006   Code   RO         5180    .ARM.Collect$$_printf_percent$$00000013  c_w.l(_printf_c.o)
    0x0800021a   0x0800021a   0x00000006   Code   RO         5181    .ARM.Collect$$_printf_percent$$00000014  c_w.l(_printf_s.o)
    0x08000220   0x08000220   0x00000006   Code   RO         5199    .ARM.Collect$$_printf_percent$$00000015  c_w.l(_printf_lc.o)
    0x08000226   0x08000226   0x00000006   Code   RO         5200    .ARM.Collect$$_printf_percent$$00000016  c_w.l(_printf_ls.o)
    0x0800022c   0x0800022c   0x00000004   Code   RO         5258    .ARM.Collect$$_printf_percent$$00000017  c_w.l(_printf_percent_end.o)
    0x08000230   0x08000230   0x00000002   Code   RO         5309    .ARM.Collect$$libinit$$00000000  c_w.l(libinit.o)
    0x08000232   0x08000232   0x00000000   Code   RO         5325    .ARM.Collect$$libinit$$00000002  c_w.l(libinit2.o)
    0x08000232   0x08000232   0x00000000   Code   RO         5327    .ARM.Collect$$libinit$$00000004  c_w.l(libinit2.o)
    0x08000232   0x08000232   0x00000000   Code   RO         5330    .ARM.Collect$$libinit$$0000000A  c_w.l(libinit2.o)
    0x08000232   0x08000232   0x00000000   Code   RO         5332    .ARM.Collect$$libinit$$0000000C  c_w.l(libinit2.o)
    0x08000232   0x08000232   0x00000000   Code   RO         5334    .ARM.Collect$$libinit$$0000000E  c_w.l(libinit2.o)
    0x08000232   0x08000232   0x00000006   Code   RO         5335    .ARM.Collect$$libinit$$0000000F  c_w.l(libinit2.o)
    0x08000238   0x08000238   0x00000000   Code   RO         5337    .ARM.Collect$$libinit$$00000011  c_w.l(libinit2.o)
    0x08000238   0x08000238   0x0000000c   Code   RO         5338    .ARM.Collect$$libinit$$00000012  c_w.l(libinit2.o)
    0x08000244   0x08000244   0x00000000   Code   RO         5339    .ARM.Collect$$libinit$$00000013  c_w.l(libinit2.o)
    0x08000244   0x08000244   0x00000000   Code   RO         5341    .ARM.Collect$$libinit$$00000015  c_w.l(libinit2.o)
    0x08000244   0x08000244   0x0000000a   Code   RO         5342    .ARM.Collect$$libinit$$00000016  c_w.l(libinit2.o)
    0x0800024e   0x0800024e   0x00000000   Code   RO         5343    .ARM.Collect$$libinit$$00000017  c_w.l(libinit2.o)
    0x0800024e   0x0800024e   0x00000000   Code   RO         5345    .ARM.Collect$$libinit$$00000019  c_w.l(libinit2.o)
    0x0800024e   0x0800024e   0x00000000   Code   RO         5347    .ARM.Collect$$libinit$$0000001B  c_w.l(libinit2.o)
    0x0800024e   0x0800024e   0x00000000   Code   RO         5349    .ARM.Collect$$libinit$$0000001D  c_w.l(libinit2.o)
    0x0800024e   0x0800024e   0x00000000   Code   RO         5351    .ARM.Collect$$libinit$$0000001F  c_w.l(libinit2.o)
    0x0800024e   0x0800024e   0x00000000   Code   RO         5353    .ARM.Collect$$libinit$$00000021  c_w.l(libinit2.o)
    0x0800024e   0x0800024e   0x00000000   Code   RO         5355    .ARM.Collect$$libinit$$00000023  c_w.l(libinit2.o)
    0x0800024e   0x0800024e   0x00000000   Code   RO         5357    .ARM.Collect$$libinit$$00000025  c_w.l(libinit2.o)
    0x0800024e   0x0800024e   0x00000000   Code   RO         5361    .ARM.Collect$$libinit$$0000002C  c_w.l(libinit2.o)
    0x0800024e   0x0800024e   0x00000000   Code   RO         5363    .ARM.Collect$$libinit$$0000002E  c_w.l(libinit2.o)
    0x0800024e   0x0800024e   0x00000000   Code   RO         5365    .ARM.Collect$$libinit$$00000030  c_w.l(libinit2.o)
    0x0800024e   0x0800024e   0x00000000   Code   RO         5367    .ARM.Collect$$libinit$$00000032  c_w.l(libinit2.o)
    0x0800024e   0x0800024e   0x00000002   Code   RO         5368    .ARM.Collect$$libinit$$00000033  c_w.l(libinit2.o)
    0x08000250   0x08000250   0x00000002   Code   RO         5388    .ARM.Collect$$libshutdown$$00000000  c_w.l(libshutdown.o)
    0x08000252   0x08000252   0x00000000   Code   RO         5401    .ARM.Collect$$libshutdown$$00000002  c_w.l(libshutdown2.o)
    0x08000252   0x08000252   0x00000000   Code   RO         5403    .ARM.Collect$$libshutdown$$00000004  c_w.l(libshutdown2.o)
    0x08000252   0x08000252   0x00000000   Code   RO         5406    .ARM.Collect$$libshutdown$$00000007  c_w.l(libshutdown2.o)
    0x08000252   0x08000252   0x00000000   Code   RO         5409    .ARM.Collect$$libshutdown$$0000000A  c_w.l(libshutdown2.o)
    0x08000252   0x08000252   0x00000000   Code   RO         5411    .ARM.Collect$$libshutdown$$0000000C  c_w.l(libshutdown2.o)
    0x08000252   0x08000252   0x00000000   Code   RO         5414    .ARM.Collect$$libshutdown$$0000000F  c_w.l(libshutdown2.o)
    0x08000252   0x08000252   0x00000002   Code   RO         5415    .ARM.Collect$$libshutdown$$00000010  c_w.l(libshutdown2.o)
    0x08000254   0x08000254   0x00000000   Code   RO         5111    .ARM.Collect$$rtentry$$00000000  c_w.l(__rtentry.o)
    0x08000254   0x08000254   0x00000000   Code   RO         5227    .ARM.Collect$$rtentry$$00000002  c_w.l(__rtentry2.o)
    0x08000254   0x08000254   0x00000006   Code   RO         5239    .ARM.Collect$$rtentry$$00000004  c_w.l(__rtentry4.o)
    0x0800025a   0x0800025a   0x00000000   Code   RO         5229    .ARM.Collect$$rtentry$$00000009  c_w.l(__rtentry2.o)
    0x0800025a   0x0800025a   0x00000004   Code   RO         5230    .ARM.Collect$$rtentry$$0000000A  c_w.l(__rtentry2.o)
    0x0800025e   0x0800025e   0x00000000   Code   RO         5232    .ARM.Collect$$rtentry$$0000000C  c_w.l(__rtentry2.o)
    0x0800025e   0x0800025e   0x00000008   Code   RO         5233    .ARM.Collect$$rtentry$$0000000D  c_w.l(__rtentry2.o)
    0x08000266   0x08000266   0x00000002   Code   RO         5317    .ARM.Collect$$rtexit$$00000000  c_w.l(rtexit.o)
    0x08000268   0x08000268   0x00000000   Code   RO         5370    .ARM.Collect$$rtexit$$00000002  c_w.l(rtexit2.o)
    0x08000268   0x08000268   0x00000004   Code   RO         5371    .ARM.Collect$$rtexit$$00000003  c_w.l(rtexit2.o)
    0x0800026c   0x0800026c   0x00000006   Code   RO         5372    .ARM.Collect$$rtexit$$00000004  c_w.l(rtexit2.o)
    0x08000272   0x08000272   0x00000002   PAD
    0x08000274   0x08000274   0x00000040   Code   RO          303    .text               startup_stm32f10x_md.o
    0x080002b4   0x080002b4   0x00000024   Code   RO         5049    .text               c_w.l(vsprintf.o)
    0x080002d8   0x080002d8   0x0000003c   Code   RO         5051    .text               c_w.l(__0sscanf.o)
    0x08000314   0x08000314   0x000000e0   Code   RO         5053    .text               c_w.l(_scanf_str.o)
    0x080003f4   0x080003f4   0x00000024   Code   RO         5055    .text               c_w.l(strstr.o)
    0x08000418   0x08000418   0x00000018   Code   RO         5057    .text               c_w.l(strcat.o)
    0x08000430   0x08000430   0x00000064   Code   RO         5059    .text               c_w.l(rt_memcpy_w.o)
    0x08000494   0x08000494   0x00000006   Code   RO         5061    .text               c_w.l(heapauxi.o)
    0x0800049a   0x0800049a   0x0000004e   Code   RO         5114    .text               c_w.l(_printf_pad.o)
    0x080004e8   0x080004e8   0x00000024   Code   RO         5116    .text               c_w.l(_printf_truncate.o)
    0x0800050c   0x0800050c   0x00000052   Code   RO         5118    .text               c_w.l(_printf_str.o)
    0x0800055e   0x0800055e   0x00000002   PAD
    0x08000560   0x08000560   0x00000078   Code   RO         5120    .text               c_w.l(_printf_dec.o)
    0x080005d8   0x080005d8   0x00000028   Code   RO         5122    .text               c_w.l(_printf_charcount.o)
    0x08000600   0x08000600   0x00000030   Code   RO         5124    .text               c_w.l(_printf_char_common.o)
    0x08000630   0x08000630   0x0000000a   Code   RO         5126    .text               c_w.l(_sputc.o)
    0x0800063a   0x0800063a   0x00000002   PAD
    0x0800063c   0x0800063c   0x000000bc   Code   RO         5128    .text               c_w.l(_printf_wctomb.o)
    0x080006f8   0x080006f8   0x0000007c   Code   RO         5131    .text               c_w.l(_printf_longlong_dec.o)
    0x08000774   0x08000774   0x00000070   Code   RO         5137    .text               c_w.l(_printf_oct_int_ll.o)
    0x080007e4   0x080007e4   0x00000094   Code   RO         5157    .text               c_w.l(_printf_hex_int_ll_ptr.o)
    0x08000878   0x08000878   0x00000188   Code   RO         5177    .text               c_w.l(__printf_flags_ss_wp.o)
    0x08000a00   0x08000a00   0x0000002c   Code   RO         5203    .text               c_w.l(scanf_char.o)
    0x08000a2c   0x08000a2c   0x00000040   Code   RO         5205    .text               c_w.l(_sgetc.o)
    0x08000a6c   0x08000a6c   0x0000008a   Code   RO         5241    .text               c_w.l(lludiv10.o)
    0x08000af6   0x08000af6   0x00000012   Code   RO         5243    .text               c_w.l(isspace.o)
    0x08000b08   0x08000b08   0x000000b2   Code   RO         5245    .text               c_w.l(_printf_intcommon.o)
    0x08000bba   0x08000bba   0x0000041e   Code   RO         5247    .text               c_w.l(_printf_fp_dec.o)
    0x08000fd8   0x08000fd8   0x000002fc   Code   RO         5249    .text               c_w.l(_printf_fp_hex.o)
    0x080012d4   0x080012d4   0x0000002c   Code   RO         5254    .text               c_w.l(_printf_char.o)
    0x08001300   0x08001300   0x0000002c   Code   RO         5256    .text               c_w.l(_printf_wchar.o)
    0x0800132c   0x0800132c   0x00000374   Code   RO         5259    .text               c_w.l(_scanf.o)
    0x080016a0   0x080016a0   0x00000040   Code   RO         5261    .text               c_w.l(_wcrtomb.o)
    0x080016e0   0x080016e0   0x0000004a   Code   RO         5263    .text               c_w.l(sys_stackheap_outer.o)
    0x0800172a   0x0800172a   0x00000002   PAD
    0x0800172c   0x0800172c   0x00000010   Code   RO         5265    .text               c_w.l(rt_ctype_table.o)
    0x0800173c   0x0800173c   0x00000008   Code   RO         5270    .text               c_w.l(rt_locale_intlibspace.o)
    0x08001744   0x08001744   0x00000080   Code   RO         5272    .text               c_w.l(_printf_fp_infnan.o)
    0x080017c4   0x080017c4   0x000000e4   Code   RO         5274    .text               c_w.l(bigflt0.o)
    0x080018a8   0x080018a8   0x00000012   Code   RO         5302    .text               c_w.l(exit.o)
    0x080018ba   0x080018ba   0x00000002   PAD
    0x080018bc   0x080018bc   0x00000008   Code   RO         5314    .text               c_w.l(libspace.o)
    0x080018c4   0x080018c4   0x00000080   Code   RO         5322    .text               c_w.l(strcmpv7m.o)
    0x08001944   0x08001944   0x0000000c   Code   RO         5380    .text               c_w.l(sys_exit.o)
    0x08001950   0x08001950   0x00000002   Code   RO         5391    .text               c_w.l(use_no_semi.o)
    0x08001952   0x08001952   0x00000000   Code   RO         5393    .text               c_w.l(indicate_semi.o)
    0x08001952   0x08001952   0x0000003e   Code   RO         5277    CL$$btod_d2e        c_w.l(btod.o)
    0x08001990   0x08001990   0x00000046   Code   RO         5279    CL$$btod_d2e_denorm_low  c_w.l(btod.o)
    0x080019d6   0x080019d6   0x00000060   Code   RO         5278    CL$$btod_d2e_norm_op1  c_w.l(btod.o)
    0x08001a36   0x08001a36   0x00000338   Code   RO         5287    CL$$btod_div_common  c_w.l(btod.o)
    0x08001d6e   0x08001d6e   0x000000dc   Code   RO         5284    CL$$btod_e2e        c_w.l(btod.o)
    0x08001e4a   0x08001e4a   0x0000002a   Code   RO         5281    CL$$btod_ediv       c_w.l(btod.o)
    0x08001e74   0x08001e74   0x0000002a   Code   RO         5280    CL$$btod_emul       c_w.l(btod.o)
    0x08001e9e   0x08001e9e   0x00000244   Code   RO         5286    CL$$btod_mult_common  c_w.l(btod.o)
    0x080020e2   0x080020e2   0x00000002   PAD
    0x080020e4   0x080020e4   0x00000074   Code   RO         4671    i.BC26CESQCheck     Project.lib(bc26cesqchecktask.o)
    0x08002158   0x08002158   0x00000038   Code   RO         4672    i.BC26CESQCheckErrorOut  Project.lib(bc26cesqchecktask.o)
    0x08002190   0x08002190   0x000000cc   Code   RO         4673    i.BC26CESQCheckResultHandle  Project.lib(bc26cesqchecktask.o)
    0x0800225c   0x0800225c   0x00000078   Code   RO         4703    i.BC26CSCONSet      Project.lib(bc26csconsettask.o)
    0x080022d4   0x080022d4   0x0000003c   Code   RO         4704    i.BC26CSCONSetErrorOut  Project.lib(bc26csconsettask.o)
    0x08002310   0x08002310   0x0000004c   Code   RO         4705    i.BC26CSCONSetResultHandle  Project.lib(bc26csconsettask.o)
    0x0800235c   0x0800235c   0x00000074   Code   RO         4639    i.BC26CardCheck     Project.lib(bc26cardchecktask.o)
    0x080023d0   0x080023d0   0x0000003c   Code   RO         4640    i.BC26CardCheckErrorOut  Project.lib(bc26cardchecktask.o)
    0x0800240c   0x0800240c   0x000000ac   Code   RO         4641    i.BC26CardCheckResultHandle  Project.lib(bc26cardchecktask.o)
    0x080024b8   0x080024b8   0x0000005c   Code   RO         4286    i.BC26Check         Project.lib(bc26checktask.o)
    0x08002514   0x08002514   0x0000002c   Code   RO         4287    i.BC26CheckResultHandle  Project.lib(bc26checktask.o)
    0x08002540   0x08002540   0x000000cc   Code   RO         4333    i.BC26Connect       Project.lib(bc26connecttask.o)
    0x0800260c   0x0800260c   0x00000038   Code   RO         4334    i.BC26ConnectErrorOut  Project.lib(bc26connecttask.o)
    0x08002644   0x08002644   0x00000178   Code   RO         4335    i.BC26ConnectResultHandle  Project.lib(bc26connecttask.o)
    0x080027bc   0x080027bc   0x00000040   Code   RO         4735    i.BC26Detach        Project.lib(bc26detachtask.o)
    0x080027fc   0x080027fc   0x00000038   Code   RO         4736    i.BC26DetachResultHandle  Project.lib(bc26detachtask.o)
    0x08002834   0x08002834   0x0000006c   Code   RO         4135    i.BC26GpioInit      Project.lib(bc26.o)
    0x080028a0   0x080028a0   0x00000074   Code   RO         4793    i.BC26IPCheck       Project.lib(bc26ipchecktask.o)
    0x08002914   0x08002914   0x00000038   Code   RO         4794    i.BC26IPCheckErrorOut  Project.lib(bc26ipchecktask.o)
    0x0800294c   0x0800294c   0x000000a4   Code   RO         4795    i.BC26IPCheckResultHandle  Project.lib(bc26ipchecktask.o)
    0x080029f0   0x080029f0   0x00000128   Code   RO         4825    i.BC26MQTTInitCheck  Project.lib(bc26mqttinittask.o)
    0x08002b18   0x08002b18   0x00000044   Code   RO         4826    i.BC26MQTTInitResultHandle  Project.lib(bc26mqttinittask.o)
    0x08002b5c   0x08002b5c   0x000000b4   Code   RO         4851    i.BC26Open          Project.lib(bc26opentask.o)
    0x08002c10   0x08002c10   0x00000038   Code   RO         4852    i.BC26OpenErrorOut  Project.lib(bc26opentask.o)
    0x08002c48   0x08002c48   0x00000140   Code   RO         4853    i.BC26OpenResultHandle  Project.lib(bc26opentask.o)
    0x08002d88   0x08002d88   0x00000048   Code   RO         4883    i.BC26PSMSet        Project.lib(bc26psmsettask.o)
    0x08002dd0   0x08002dd0   0x0000003c   Code   RO         4884    i.BC26PSMSetResultHandle  Project.lib(bc26psmsettask.o)
    0x08002e0c   0x08002e0c   0x00000114   Code   RO         3278    i.BC26Pub           doing.o
    0x08002f20   0x08002f20   0x00000040   Code   RO         4365    i.BC26PubErrorOut   Project.lib(bc26pubtask.o)
    0x08002f60   0x08002f60   0x00000108   Code   RO         4366    i.BC26PubResultHandle  Project.lib(bc26pubtask.o)
    0x08003068   0x08003068   0x00000074   Code   RO         4909    i.BC26REGSet        Project.lib(bc26regsettask.o)
    0x080030dc   0x080030dc   0x0000003c   Code   RO         4910    i.BC26REGSetErrorOut  Project.lib(bc26regsettask.o)
    0x08003118   0x08003118   0x00000048   Code   RO         4911    i.BC26REGSetResultHandle  Project.lib(bc26regsettask.o)
    0x08003160   0x08003160   0x00000298   Code   RO         4941    i.BC26RXPBufferReader  Project.lib(bc26rx.o)
    0x080033f8   0x080033f8   0x000000bc   Code   RO         4136    i.BC26ResetMission  Project.lib(bc26.o)
    0x080034b4   0x080034b4   0x000000bc   Code   RO         3279    i.BC26Sub           doing.o
    0x08003570   0x08003570   0x00000038   Code   RO         4391    i.BC26SubErrorOut   Project.lib(bc26subtask.o)
    0x080035a8   0x080035a8   0x000000dc   Code   RO         4392    i.BC26SubResultHandle  Project.lib(bc26subtask.o)
    0x08003684   0x08003684   0x00000014   Code   RO         4417    i.BC26TXATCommandViaUsart  Project.lib(bc26tx.o)
    0x08003698   0x08003698   0x00000010   Code   RO         4418    i.BC26TXFinish      Project.lib(bc26tx.o)
    0x080036a8   0x080036a8   0x00000010   Code   RO         4419    i.BC26TXRepeat      Project.lib(bc26tx.o)
    0x080036b8   0x080036b8   0x00000038   Code   RO         4420    i.BC26TXRequest     Project.lib(bc26tx.o)
    0x080036f0   0x080036f0   0x000000b0   Code   RO         4421    i.BC26TxAtCommand   Project.lib(bc26tx.o)
    0x080037a0   0x080037a0   0x000000d8   Code   RO         3280    i.BC26Unsub         doing.o
    0x08003878   0x08003878   0x00000038   Code   RO         4467    i.BC26UnsubErrorOut  Project.lib(bc26unsubtask.o)
    0x080038b0   0x080038b0   0x000000d4   Code   RO         4468    i.BC26UnsubResultHandle  Project.lib(bc26unsubtask.o)
    0x08003984   0x08003984   0x00000120   Code   RO         4942    i.BC26UsartInit     Project.lib(bc26rx.o)
    0x08003aa4   0x08003aa4   0x00000078   Code   RO         4761    i.BC26eDRXSet       Project.lib(bc26edrxsettask.o)
    0x08003b1c   0x08003b1c   0x0000003c   Code   RO         4762    i.BC26eDRXSetErrorOut  Project.lib(bc26edrxsettask.o)
    0x08003b58   0x08003b58   0x0000004c   Code   RO         4763    i.BC26eDRXSetResultHandle  Project.lib(bc26edrxsettask.o)
    0x08003ba4   0x08003ba4   0x00000004   Code   RO           17    i.BusFault_Handler  stm32f10x_it.o
    0x08003ba8   0x08003ba8   0x00000018   Code   RO         1038    i.DMA_Cmd           stm32f10x_dma.o
    0x08003bc0   0x08003bc0   0x0000014c   Code   RO         1039    i.DMA_DeInit        stm32f10x_dma.o
    0x08003d0c   0x08003d0c   0x0000003c   Code   RO         1044    i.DMA_Init          stm32f10x_dma.o
    0x08003d48   0x08003d48   0x00000004   Code   RO         1045    i.DMA_SetCurrDataCounter  stm32f10x_dma.o
    0x08003d4c   0x08003d4c   0x00000002   Code   RO           18    i.DebugMon_Handler  stm32f10x_it.o
    0x08003d4e   0x08003d4e   0x00000012   Code   RO         4493    i.DelayInit         Project.lib(delay.o)
    0x08003d60   0x08003d60   0x00000034   Code   RO         4494    i.DelayMs           Project.lib(delay.o)
    0x08003d94   0x08003d94   0x0000000c   Code   RO         1162    i.FLASH_ClearFlag   stm32f10x_flash.o
    0x08003da0   0x08003da0   0x0000004c   Code   RO         1167    i.FLASH_ErasePage   stm32f10x_flash.o
    0x08003dec   0x08003dec   0x00000034   Code   RO         1168    i.FLASH_GetBank1Status  stm32f10x_flash.o
    0x08003e20   0x08003e20   0x00000034   Code   RO         1172    i.FLASH_GetStatus   stm32f10x_flash.o
    0x08003e54   0x08003e54   0x00000014   Code   RO         1178    i.FLASH_LockBank1   stm32f10x_flash.o
    0x08003e68   0x08003e68   0x00000040   Code   RO         1180    i.FLASH_ProgramHalfWord  stm32f10x_flash.o
    0x08003ea8   0x08003ea8   0x00000018   Code   RO         1186    i.FLASH_UnlockBank1  stm32f10x_flash.o
    0x08003ec0   0x08003ec0   0x00000026   Code   RO         1189    i.FLASH_WaitForLastOperation  stm32f10x_flash.o
    0x08003ee6   0x08003ee6   0x00000002   PAD
    0x08003ee8   0x08003ee8   0x00000024   Code   RO         4086    i.FirstRunning      flash.o
    0x08003f0c   0x08003f0c   0x000000c0   Code   RO         4523    i.GETDevicesID      Project.lib(systeminit.o)
    0x08003fcc   0x08003fcc   0x00000116   Code   RO         1462    i.GPIO_Init         stm32f10x_gpio.o
    0x080040e2   0x080040e2   0x00000004   Code   RO         1469    i.GPIO_ResetBits    stm32f10x_gpio.o
    0x080040e6   0x080040e6   0x00000004   Code   RO         1470    i.GPIO_SetBits      stm32f10x_gpio.o
    0x080040ea   0x080040ea   0x00000002   PAD
    0x080040ec   0x080040ec   0x0000001c   Code   RO           19    i.HardFault_Handler  stm32f10x_it.o
    0x08004108   0x08004108   0x00000060   Code   RO         4087    i.InitDevicesDatas  flash.o
    0x08004168   0x08004168   0x00000090   Code   RO         3281    i.MQTTRXHandle      doing.o
    0x080041f8   0x080041f8   0x00000004   Code   RO           20    i.MemManage_Handler  stm32f10x_it.o
    0x080041fc   0x080041fc   0x00000002   Code   RO           21    i.NMI_Handler       stm32f10x_it.o
    0x080041fe   0x080041fe   0x00000002   PAD
    0x08004200   0x08004200   0x00000070   Code   RO          307    i.NVIC_Init         misc.o
    0x08004270   0x08004270   0x00000014   Code   RO          308    i.NVIC_PriorityGroupConfig  misc.o
    0x08004284   0x08004284   0x00000002   Code   RO           22    i.PendSV_Handler    stm32f10x_it.o
    0x08004286   0x08004286   0x00000036   Code   RO         4987    i.QueueAdd          Project.lib(circularqueue.o)
    0x080042bc   0x080042bc   0x00000034   Code   RO         4988    i.QueueSub          Project.lib(circularqueue.o)
    0x080042f0   0x080042f0   0x00000020   Code   RO         1877    i.RCC_AHBPeriphClockCmd  stm32f10x_rcc.o
    0x08004310   0x08004310   0x00000020   Code   RO         1878    i.RCC_APB1PeriphClockCmd  stm32f10x_rcc.o
    0x08004330   0x08004330   0x00000020   Code   RO         1879    i.RCC_APB1PeriphResetCmd  stm32f10x_rcc.o
    0x08004350   0x08004350   0x00000020   Code   RO         1880    i.RCC_APB2PeriphClockCmd  stm32f10x_rcc.o
    0x08004370   0x08004370   0x00000020   Code   RO         1881    i.RCC_APB2PeriphResetCmd  stm32f10x_rcc.o
    0x08004390   0x08004390   0x000000d4   Code   RO         1888    i.RCC_GetClocksFreq  stm32f10x_rcc.o
    0x08004464   0x08004464   0x000000ec   Code   RO         4943    i.RXARespondHandle  Project.lib(bc26rx.o)
    0x08004550   0x08004550   0x00000090   Code   RO         4944    i.RXPRespondHandle  Project.lib(bc26rx.o)
    0x080045e0   0x080045e0   0x0000007c   Code   RO         4088    i.ReWriteDatas      flash.o
    0x0800465c   0x0800465c   0x00000058   Code   RO         4089    i.ReadFlashSeriesStrings  flash.o
    0x080046b4   0x080046b4   0x00000034   Code   RO         4562    i.RunTaskQueue      Project.lib(task.o)
    0x080046e8   0x080046e8   0x00000002   Code   RO           23    i.SVC_Handler       stm32f10x_it.o
    0x080046ea   0x080046ea   0x00000008   Code   RO          187    i.SetSysClock       system_stm32f10x.o
    0x080046f2   0x080046f2   0x00000002   PAD
    0x080046f4   0x080046f4   0x000000e0   Code   RO          188    i.SetSysClockTo72   system_stm32f10x.o
    0x080047d4   0x080047d4   0x00000002   Code   RO           24    i.SysTick_Handler   stm32f10x_it.o
    0x080047d6   0x080047d6   0x00000002   PAD
    0x080047d8   0x080047d8   0x0000003c   Code   RO         4524    i.SystemHardwareInit  Project.lib(systeminit.o)
    0x08004814   0x08004814   0x00000060   Code   RO          190    i.SystemInit        system_stm32f10x.o
    0x08004874   0x08004874   0x00000178   Code   RO         4525    i.SystemTaskInit    Project.lib(systeminit.o)
    0x080049ec   0x080049ec   0x0000000c   Code   RO         4496    i.SystickStops      Project.lib(delay.o)
    0x080049f8   0x080049f8   0x00000058   Code   RO         5005    i.TIM2_IRQHandler   Project.lib(timer.o)
    0x08004a50   0x08004a50   0x000000a8   Code   RO         3899    i.TIM3_IRQHandler   pub_timer.o
    0x08004af8   0x08004af8   0x00000006   Code   RO         2507    i.TIM_ClearITPendingBit  stm32f10x_tim.o
    0x08004afe   0x08004afe   0x00000018   Code   RO         2512    i.TIM_Cmd           stm32f10x_tim.o
    0x08004b16   0x08004b16   0x00000022   Code   RO         2533    i.TIM_GetITStatus   stm32f10x_tim.o
    0x08004b38   0x08004b38   0x00000012   Code   RO         2537    i.TIM_ITConfig      stm32f10x_tim.o
    0x08004b4a   0x08004b4a   0x00000004   Code   RO         2577    i.TIM_SetCounter    stm32f10x_tim.o
    0x08004b4e   0x08004b4e   0x00000002   PAD
    0x08004b50   0x08004b50   0x000000a4   Code   RO         2583    i.TIM_TimeBaseInit  stm32f10x_tim.o
    0x08004bf4   0x08004bf4   0x0000001e   Code   RO         4563    i.TaskAdd           Project.lib(task.o)
    0x08004c12   0x08004c12   0x0000006a   Code   RO         5006    i.TimeInit          Project.lib(timer.o)
    0x08004c7c   0x08004c7c   0x00000078   Code   RO         5007    i.TimerAdd          Project.lib(timer.o)
    0x08004cf4   0x08004cf4   0x00000082   Code   RO         5008    i.TimerLoopTimeOut  Project.lib(timer.o)
    0x08004d76   0x08004d76   0x00000002   PAD
    0x08004d78   0x08004d78   0x00000064   Code   RO         5009    i.TimerSub          Project.lib(timer.o)
    0x08004ddc   0x08004ddc   0x0000015c   Code   RO         4057    i.USART2_IRQHandler  usart2.o
    0x08004f38   0x08004f38   0x00000140   Code   RO         4945    i.USART3_IRQHandler  Project.lib(bc26rx.o)
    0x08005078   0x08005078   0x00000012   Code   RO         3044    i.USART_ClearFlag   stm32f10x_usart.o
    0x0800508a   0x0800508a   0x0000001e   Code   RO         3045    i.USART_ClearITPendingBit  stm32f10x_usart.o
    0x080050a8   0x080050a8   0x00000018   Code   RO         3048    i.USART_Cmd         stm32f10x_usart.o
    0x080050c0   0x080050c0   0x00000012   Code   RO         3049    i.USART_DMACmd      stm32f10x_usart.o
    0x080050d2   0x080050d2   0x00000002   PAD
    0x080050d4   0x080050d4   0x0000009c   Code   RO         3050    i.USART_DeInit      stm32f10x_usart.o
    0x08005170   0x08005170   0x0000001a   Code   RO         3051    i.USART_GetFlagStatus  stm32f10x_usart.o
    0x0800518a   0x0800518a   0x00000054   Code   RO         3052    i.USART_GetITStatus  stm32f10x_usart.o
    0x080051de   0x080051de   0x0000004a   Code   RO         3054    i.USART_ITConfig    stm32f10x_usart.o
    0x08005228   0x08005228   0x000000d8   Code   RO         3055    i.USART_Init        stm32f10x_usart.o
    0x08005300   0x08005300   0x0000000a   Code   RO         3062    i.USART_ReceiveData  stm32f10x_usart.o
    0x0800530a   0x0800530a   0x00000008   Code   RO         3065    i.USART_SendData    stm32f10x_usart.o
    0x08005312   0x08005312   0x00000004   Code   RO           25    i.UsageFault_Handler  stm32f10x_it.o
    0x08005316   0x08005316   0x00000002   PAD
    0x08005318   0x08005318   0x00000084   Code   RO         4616    i.Usart1Init        Project.lib(usart1.o)
    0x0800539c   0x0800539c   0x0000011c   Code   RO         4058    i.Usart2Init        usart2.o
    0x080054b8   0x080054b8   0x0000001e   Code   RO         4598    i.UsartSentData     Project.lib(usart.o)
    0x080054d6   0x080054d6   0x0000001e   Code   RO         4599    i.UsartSentDatas    Project.lib(usart.o)
    0x080054f4   0x080054f4   0x0000001c   Code   RO         3282    i.UserHardwareInit  doing.o
    0x08005510   0x08005510   0x0000001c   Code   RO         3283    i.UserTaskInit      doing.o
    0x0800552c   0x0800552c   0x00000014   Code   RO         4565    i.WakeUpNextTask    Project.lib(task.o)
    0x08005540   0x08005540   0x00000084   Code   RO         4091    i.WriteDatas        flash.o
    0x080055c4   0x080055c4   0x00000028   Code   RO         5312    i.__ARM_fpclassify  m_ws.l(fpclassify.o)
    0x080055ec   0x080055ec   0x0000000e   Code   RO         5170    i._is_digit         c_w.l(__printf_wp.o)
    0x080055fa   0x080055fa   0x00000002   PAD
    0x080055fc   0x080055fc   0x00000044   Code   RO         3971    i.all_sensor_init   datasum.o
    0x08005640   0x08005640   0x00000050   Code   RO         3972    i.collect_data      datasum.o
    0x08005690   0x08005690   0x00000018   Code   RO         3406    i.main              main.o
    0x080056a8   0x080056a8   0x00000054   Code   RO         3900    i.pub_timer_init    pub_timer.o
    0x080056fc   0x080056fc   0x0000003c   Code   RO         3977    i.setTPC            datasum.o
    0x08005738   0x08005738   0x0000001c   Code   RO         3901    i.start_pub         pub_timer.o
    0x08005754   0x08005754   0x0000000a   Code   RO         3824    i.test_func         test1.o
    0x0800575e   0x0800575e   0x00000002   PAD
    0x08005760   0x08005760   0x0000002c   Code   RO         5300    locale$$code        c_w.l(lc_numeric_c.o)
    0x0800578c   0x0800578c   0x0000002c   Code   RO         5320    locale$$code        c_w.l(lc_ctype_c.o)
    0x080057b8   0x080057b8   0x00000004   Code   RO         5217    x$fpl$printf1       fz_ws.l(printf1.o)
    0x080057bc   0x080057bc   0x00000004   Code   RO         5219    x$fpl$printf2       fz_ws.l(printf2.o)
    0x080057c0   0x080057c0   0x00000000   Code   RO         5225    x$fpl$usenofp       fz_ws.l(usenofp.o)
    0x080057c0   0x080057c0   0x00000034   Data   RO         3981    .constdata          datasum.o
    0x080057f4   0x080057f4   0x00000028   Data   RO         4092    .constdata          flash.o
    0x0800581c   0x0800581c   0x00000008   Data   RO         5129    .constdata          c_w.l(_printf_wctomb.o)
    0x08005824   0x08005824   0x00000028   Data   RO         5158    .constdata          c_w.l(_printf_hex_int_ll_ptr.o)
    0x0800584c   0x0800584c   0x00000011   Data   RO         5178    .constdata          c_w.l(__printf_flags_ss_wp.o)
    0x0800585d   0x0800585d   0x00000026   Data   RO         5250    .constdata          c_w.l(_printf_fp_hex.o)
    0x08005883   0x08005883   0x00000001   PAD
    0x08005884   0x08005884   0x00000094   Data   RO         5275    .constdata          c_w.l(bigflt0.o)
    0x08005918   0x08005918   0x00000020   Data   RO         5446    Region$$Table       anon$$obj.o
    0x08005938   0x08005938   0x0000001c   Data   RO         5299    locale$$data        c_w.l(lc_numeric_c.o)
    0x08005954   0x08005954   0x00000110   Data   RO         5319    locale$$data        c_w.l(lc_ctype_c.o)


    Execution Region RW_IRAM1 (Exec base: 0x20000000, Load base: 0x08005a64, Size: 0x000018a8, Max: 0x00005000, ABSOLUTE, COMPRESSED[0x00000070])

    Exec Addr    Load Addr    Size         Type   Attr      Idx    E Section Name        Object

    0x20000000   COMPRESSED   0x00000014   Data   RW         1908    .data               stm32f10x_rcc.o
    0x20000014   COMPRESSED   0x00000054   Data   RW         3285    .data               doing.o
    0x20000068   COMPRESSED   0x00000004   Data   RW         3903    .data               pub_timer.o
    0x2000006c   COMPRESSED   0x00000013   Data   RW         4060    .data               usart2.o
    0x2000007f   COMPRESSED   0x00000001   PAD
    0x20000080   COMPRESSED   0x00000004   Data   RW         4093    .data               flash.o
    0x20000084   COMPRESSED   0x00000002   Data   RW         4138    .data               Project.lib(bc26.o)
    0x20000086   COMPRESSED   0x00000001   Data   RW         4289    .data               Project.lib(bc26checktask.o)
    0x20000087   COMPRESSED   0x00000003   Data   RW         4337    .data               Project.lib(bc26connecttask.o)
    0x2000008a   COMPRESSED   0x00000004   Data   RW         4368    .data               Project.lib(bc26pubtask.o)
    0x2000008e   COMPRESSED   0x00000003   Data   RW         4394    .data               Project.lib(bc26subtask.o)
    0x20000091   COMPRESSED   0x00000003   PAD
    0x20000094   COMPRESSED   0x000000b4   Data   RW         4423    .data               Project.lib(bc26tx.o)
    0x20000148   COMPRESSED   0x00000003   Data   RW         4470    .data               Project.lib(bc26unsubtask.o)
    0x2000014b   COMPRESSED   0x00000001   PAD
    0x2000014c   COMPRESSED   0x00000004   Data   RW         4527    .data               Project.lib(systeminit.o)
    0x20000150   COMPRESSED   0x00000004   Data   RW         4643    .data               Project.lib(bc26cardchecktask.o)
    0x20000154   COMPRESSED   0x00000004   Data   RW         4675    .data               Project.lib(bc26cesqchecktask.o)
    0x20000158   COMPRESSED   0x00000004   Data   RW         4707    .data               Project.lib(bc26csconsettask.o)
    0x2000015c   COMPRESSED   0x00000001   Data   RW         4738    .data               Project.lib(bc26detachtask.o)
    0x2000015d   COMPRESSED   0x00000001   PAD
    0x2000015e   COMPRESSED   0x00000004   Data   RW         4765    .data               Project.lib(bc26edrxsettask.o)
    0x20000162   COMPRESSED   0x00000002   Data   RW         4797    .data               Project.lib(bc26ipchecktask.o)
    0x20000164   COMPRESSED   0x00000002   Data   RW         4828    .data               Project.lib(bc26mqttinittask.o)
    0x20000166   COMPRESSED   0x00000003   Data   RW         4855    .data               Project.lib(bc26opentask.o)
    0x20000169   COMPRESSED   0x00000001   Data   RW         4886    .data               Project.lib(bc26psmsettask.o)
    0x2000016a   COMPRESSED   0x00000004   Data   RW         4913    .data               Project.lib(bc26regsettask.o)
    0x2000016e   COMPRESSED   0x00000002   PAD
    0x20000170   COMPRESSED   0x00000235   Data   RW         4946    .data               Project.lib(bc26rx.o)
    0x200003a5   COMPRESSED   0x00000003   PAD
    0x200003a8   COMPRESSED   0x00000008   Data   RW         5010    .data               Project.lib(timer.o)
    0x200003b0        -       0x00000148   Zero   RW         3284    .bss                doing.o
    0x200004f8        -       0x00000038   Zero   RW         3980    .bss                datasum.o
    0x20000530        -       0x00000780   Zero   RW         4059    .bss                usart2.o
    0x20000cb0        -       0x00000048   Zero   RW         4137    .bss                Project.lib(bc26.o)
    0x20000cf8        -       0x0000001c   Zero   RW         4288    .bss                Project.lib(bc26checktask.o)
    0x20000d14        -       0x00000048   Zero   RW         4336    .bss                Project.lib(bc26connecttask.o)
    0x20000d5c        -       0x00000048   Zero   RW         4367    .bss                Project.lib(bc26pubtask.o)
    0x20000da4        -       0x00000048   Zero   RW         4393    .bss                Project.lib(bc26subtask.o)
    0x20000dec        -       0x0000002c   Zero   RW         4422    .bss                Project.lib(bc26tx.o)
    0x20000e18        -       0x00000048   Zero   RW         4469    .bss                Project.lib(bc26unsubtask.o)
    0x20000e60        -       0x00000199   Zero   RW         4526    .bss                Project.lib(systeminit.o)
    0x20000ff9   COMPRESSED   0x00000003   PAD
    0x20000ffc        -       0x00000048   Zero   RW         4642    .bss                Project.lib(bc26cardchecktask.o)
    0x20001044        -       0x00000048   Zero   RW         4674    .bss                Project.lib(bc26cesqchecktask.o)
    0x2000108c        -       0x00000048   Zero   RW         4706    .bss                Project.lib(bc26csconsettask.o)
    0x200010d4        -       0x0000001c   Zero   RW         4737    .bss                Project.lib(bc26detachtask.o)
    0x200010f0        -       0x00000048   Zero   RW         4764    .bss                Project.lib(bc26edrxsettask.o)
    0x20001138        -       0x00000048   Zero   RW         4796    .bss                Project.lib(bc26ipchecktask.o)
    0x20001180        -       0x0000001c   Zero   RW         4827    .bss                Project.lib(bc26mqttinittask.o)
    0x2000119c        -       0x00000048   Zero   RW         4854    .bss                Project.lib(bc26opentask.o)
    0x200011e4        -       0x0000001c   Zero   RW         4885    .bss                Project.lib(bc26psmsettask.o)
    0x20001200        -       0x00000048   Zero   RW         4912    .bss                Project.lib(bc26regsettask.o)
    0x20001248        -       0x00000060   Zero   RW         5315    .bss                c_w.l(libspace.o)
    0x200012a8        -       0x00000200   Zero   RW          301    HEAP                startup_stm32f10x_md.o
    0x200014a8        -       0x00000400   Zero   RW          300    STACK               startup_stm32f10x_md.o


==============================================================================

Image component sizes


      Code (inc. data)   RO Data    RW Data    ZI Data      Debug   Object Name

         0          0          0          0          0       4540   core_cm3.o
       208         76         52          0         56       2663   datasum.o
       880        378          0         84        328       7335   doing.o
       476         64         40          4          0       3551   flash.o
        24          6          0          0          0        743   main.o
       132         22          0          0          0       1471   misc.o
       280         40          0          4          0       1919   pub_timer.o
        64         26        236          0       1536        788   startup_stm32f10x_md.o
       420          8          0          0          0       3887   stm32f10x_dma.o
       338         40          0          0          0       4372   stm32f10x_flash.o
       286          0          0          0          0       2960   stm32f10x_gpio.o
        50         16          0          0          0     251894   stm32f10x_it.o
       372         50          0         20          0       6008   stm32f10x_rcc.o
       250         42          0          0          0       3963   stm32f10x_tim.o
       664         28          0          0          0       8371   stm32f10x_usart.o
       328         28          0          0          0     264825   system_stm32f10x.o
        10          0          0          0          0       1988   test1.o
       632         68          0         19       1920       2232   usart2.o

    ----------------------------------------------------------------------
      5432        892        360        132       3840     573510   Object Totals
         0          0         32          0          0          0   (incl. Generated)
        18          0          0          1          0          0   (incl. Padding)

    ----------------------------------------------------------------------

      Code (inc. data)   RO Data    RW Data    ZI Data      Debug   Library Member Name

       296         92          0          2         72     254329   bc26.o
       348        138          0          4         72       2459   bc26cardchecktask.o
       376        146          0          4         72       2467   bc26cesqchecktask.o
       136         56          0          1         28       3324   bc26checktask.o
       636        248          0          3         72       2589   bc26connecttask.o
       256        106          0          4         72       2397   bc26csconsettask.o
       120         54          0          1         28       1652   bc26detachtask.o
       256        106          0          4         72       2383   bc26edrxsettask.o
       336        128          0          2         72       2423   bc26ipchecktask.o
       364        208          0          2         28       2025   bc26mqttinittask.o
       556        204          0          3         72       2484   bc26opentask.o
       132         60          0          1         28       1656   bc26psmsettask.o
       328         96          0          4         72       1914   bc26pubtask.o
       248         98          0          4         72       2365   bc26regsettask.o
      1652        298          0        565          0       5053   bc26rx.o
       276         82          0          3         72       1846   bc26subtask.o
       284         56          0        180         44       4571   bc26tx.o
       268         82          0          3         72       1878   bc26unsubtask.o
       106          0          0          0          0       1326   circularqueue.o
        82          0          0          0          0       1353   delay.o
       628        154          0          4        409       2412   systeminit.o
       102          0          0          0          0       3038   task.o
       544         18          0          8          0       4113   timer.o
        60          0          0          0          0       1465   usart.o
       132          8          0          0          0        573   usart1.o
        60          8          0          0          0         84   __0sscanf.o
        90          0          0          0          0          0   __dczerorl2.o
         8          0          0          0          0         68   __main.o
       392          4         17          0          0         92   __printf_flags_ss_wp.o
        14          0          0          0          0         68   __printf_wp.o
         0          0          0          0          0          0   __rtentry.o
        12          0          0          0          0          0   __rtentry2.o
         6          0          0          0          0          0   __rtentry4.o
        52          8          0          0          0          0   __scatter.o
        28          0          0          0          0          0   __scatter_zi.o
         6          0          0          0          0          0   _printf_a.o
         6          0          0          0          0          0   _printf_c.o
        44          0          0          0          0        108   _printf_char.o
        48          6          0          0          0         96   _printf_char_common.o
        40          0          0          0          0         68   _printf_charcount.o
         6          0          0          0          0          0   _printf_d.o
       120         16          0          0          0         92   _printf_dec.o
         6          0          0          0          0          0   _printf_e.o
         6          0          0          0          0          0   _printf_f.o
      1054          0          0          0          0        216   _printf_fp_dec.o
       764          8         38          0          0        100   _printf_fp_hex.o
       128         16          0          0          0         84   _printf_fp_infnan.o
         6          0          0          0          0          0   _printf_g.o
       148          4         40          0          0        160   _printf_hex_int_ll_ptr.o
         6          0          0          0          0          0   _printf_i.o
       178          0          0          0          0         88   _printf_intcommon.o
        10          0          0          0          0          0   _printf_l.o
         6          0          0          0          0          0   _printf_lc.o
        10          0          0          0          0          0   _printf_ll.o
         6          0          0          0          0          0   _printf_lld.o
         6          0          0          0          0          0   _printf_lli.o
         6          0          0          0          0          0   _printf_llo.o
         6          0          0          0          0          0   _printf_llu.o
         6          0          0          0          0          0   _printf_llx.o
       124         16          0          0          0         92   _printf_longlong_dec.o
         6          0          0          0          0          0   _printf_ls.o
         6          0          0          0          0          0   _printf_n.o
         6          0          0          0          0          0   _printf_o.o
       112         10          0          0          0        124   _printf_oct_int_ll.o
         6          0          0          0          0          0   _printf_p.o
        78          0          0          0          0        108   _printf_pad.o
         0          0          0          0          0          0   _printf_percent.o
         4          0          0          0          0          0   _printf_percent_end.o
         6          0          0          0          0          0   _printf_s.o
        82          0          0          0          0         80   _printf_str.o
        36          0          0          0          0         84   _printf_truncate.o
         6          0          0          0          0          0   _printf_u.o
        44          0          0          0          0        108   _printf_wchar.o
       188          6          8          0          0         92   _printf_wctomb.o
         6          0          0          0          0          0   _printf_x.o
       884          6          0          0          0        100   _scanf.o
       224          0          0          0          0         96   _scanf_str.o
        64          0          0          0          0         84   _sgetc.o
        10          0          0          0          0         68   _sputc.o
        64          0          0          0          0         92   _wcrtomb.o
       228          4        148          0          0         96   bigflt0.o
      1936        128          0          0          0        672   btod.o
        18          0          0          0          0         80   exit.o
         6          0          0          0          0        152   heapauxi.o
         0          0          0          0          0          0   indicate_semi.o
        18          0          0          0          0         76   isspace.o
        44         10        272          0          0         76   lc_ctype_c.o
        44         10         28          0          0         76   lc_numeric_c.o
         2          0          0          0          0          0   libinit.o
        30          0          0          0          0          0   libinit2.o
         2          0          0          0          0          0   libshutdown.o
         2          0          0          0          0          0   libshutdown2.o
         8          4          0          0         96         68   libspace.o
       138          0          0          0          0         80   lludiv10.o
        16          4          0          0          0         76   rt_ctype_table.o
         8          4          0          0          0         68   rt_locale_intlibspace.o
       100          0          0          0          0         80   rt_memcpy_w.o
         2          0          0          0          0          0   rtexit.o
        10          0          0          0          0          0   rtexit2.o
        44          8          0          0          0         84   scanf_char.o
        24          0          0          0          0         68   strcat.o
       128          0          0          0          0         68   strcmpv7m.o
        36          0          0          0          0         80   strstr.o
        12          4          0          0          0         68   sys_exit.o
        74          0          0          0          0         80   sys_stackheap_outer.o
         2          0          0          0          0         68   use_no_semi.o
        36          4          0          0          0         76   vsprintf.o
         4          0          0          0          0         68   printf1.o
         4          0          0          0          0         68   printf2.o
         0          0          0          0          0          0   usenofp.o
        40          0          0          0          0         68   fpclassify.o

    ----------------------------------------------------------------------
     16796       2726        552        812       1528     316943   Library Totals
        18          0          1         10          3          0   (incl. Padding)

    ----------------------------------------------------------------------

      Code (inc. data)   RO Data    RW Data    ZI Data      Debug   Library Name

      8522       2438          0        802       1429     312095   Project.lib
      8208        288        551          0         96       4644   c_w.l
         8          0          0          0          0        136   fz_ws.l
        40          0          0          0          0         68   m_ws.l

    ----------------------------------------------------------------------
     16796       2726        552        812       1528     316943   Library Totals

    ----------------------------------------------------------------------

==============================================================================


      Code (inc. data)   RO Data    RW Data    ZI Data      Debug   

     22228       3618        912        944       5368     880569   Grand Totals
     22228       3618        912        112       5368     880569   ELF Image Totals (compressed)
     22228       3618        912        112          0          0   ROM Totals

==============================================================================

    Total RO  Size (Code + RO Data)                23140 (  22.60kB)
    Total RW  Size (RW Data + ZI Data)              6312 (   6.16kB)
    Total ROM Size (Code + RO Data + RW Data)      23252 (  22.71kB)

==============================================================================

