<html>
<body>
<pre>
<h1>礦ision Build Log</h1>
<h2>Tool Versions:</h2>
IDE-Version: μVision V5.25.2.0
Copyright (C) 2018 ARM Ltd and ARM Germany GmbH. All rights reserved.
License Information: W Microsoft, Microsoft, LIC=8VRMM-XASLV-63QMB-22PHV-U8XHS-STFYG
 
Tool Versions:
Toolchain:       MDK-ARM Plus  Version: 5.25.2.0
Toolchain Path:  D:\KEIL\KEIL5\ARM\ARMCC\Bin
C Compiler:      Armcc.exe V5.06 update 6 (build 750)
Assembler:       Armasm.exe V5.06 update 6 (build 750)
Linker/Locator:  ArmLink.exe V5.06 update 6 (build 750)
Library Manager: ArmAr.exe V5.06 update 6 (build 750)
Hex Converter:   FromElf.exe V5.06 update 6 (build 750)
CPU DLL:         SARMCM3.DLL V5.25.2.0
Dialog DLL:      DCM.DLL V1.17.1.0
Target DLL:      STLink\ST-LINKIII-KEIL_SWO.dll V3.0.1.0
Dialog DLL:      TCM.DLL V1.35.1.0
 
<h2>Project:</h2>
E:\高中&大学\毕业设计！\毕业设计\wsx\智能井盖-注释版\Project\Project.uvprojx
Project File Date:  09/21/2019

<h2>Output:</h2>
*** Using Compiler 'V5.06 update 6 (build 750)', folder: 'D:\KEIL\KEIL5\ARM\ARMCC\Bin'
Build target 'Target 1'
compiling stm32f10x_it.c...
..\HARDWARE\showSystem.h(11): warning:  #1-D: last line of file ends without a newline
  #endif
..\Core\stm32f10x_it.c: 1 warning, 0 errors
compiling stm32f10x_can.c...
compiling stm32f10x_bkp.c...
compiling stm32f10x_cec.c...
compiling stm32f10x_adc.c...
compiling misc.c...
compiling system_stm32f10x.c...
compiling stm32f10x_crc.c...
compiling stm32f10x_dac.c...
compiling stm32f10x_dbgmcu.c...
compiling stm32f10x_exti.c...
compiling stm32f10x_fsmc.c...
compiling stm32f10x_flash.c...
compiling stm32f10x_dma.c...
compiling stm32f10x_gpio.c...
compiling stm32f10x_i2c.c...
compiling stm32f10x_iwdg.c...
compiling stm32f10x_pwr.c...
compiling stm32f10x_rtc.c...
compiling stm32f10x_sdio.c...
compiling stm32f10x_rcc.c...
compiling stm32f10x_usart.c...
compiling stm32f10x_spi.c...
compiling hx711.c...
..\HARDWARE\HX711\hx711.c(86): warning:  #186-D: pointless comparison of unsigned integer with zero
          if(data>=0&&data<10){
..\HARDWARE\HX711\hx711.c: 1 warning, 0 errors
compiling stm32f10x_tim.c...
compiling stm32f10x_wwdg.c...
compiling doing.c...
..\HARDWARE\showSystem.h(11): warning:  #1-D: last line of file ends without a newline
  #endif
..\HARDWARE\myitoa.h(12): warning:  #1-D: last line of file ends without a newline
  #endif
..\PersonalLib\doing.c(155): warning:  #167-D: argument of type "char *" is incompatible with parameter of type "unsigned char *"
      DEBUG0(StringTemp2);DEBUG0("!!!");
..\PersonalLib\doing.c: 3 warnings, 0 errors
compiling main.c...
..\HARDWARE\showSystem.h(11): warning:  #1-D: last line of file ends without a newline
  #endif
..\HARDWARE\myitoa.h(12): warning:  #1-D: last line of file ends without a newline
  #endif
main.c: 2 warnings, 0 errors
compiling infrared.c...
compiling key.c...
compiling water.c...
..\HARDWARE\showSystem.h(11): warning:  #1-D: last line of file ends without a newline
  #endif
..\HARDWARE\WATER\water.c: 1 warning, 0 errors
compiling smoke.c...
compiling oled.c...
compiling myiic.c...
compiling test1.c...
..\HARDWARE\showSystem.h(11): warning:  #1-D: last line of file ends without a newline
  #endif
..\HARDWARE\myitoa.h(12): warning:  #1-D: last line of file ends without a newline
  #endif
..\HARDWARE\test1.c: 2 warnings, 0 errors
compiling showSystem.c...
..\HARDWARE\showSystem.h(11): warning:  #1-D: last line of file ends without a newline
  #endif
..\HARDWARE\showSystem.c(28): warning:  #1-D: last line of file ends without a newline
  }
..\HARDWARE\showSystem.c: 2 warnings, 0 errors
compiling myitoa.c...
..\HARDWARE\myitoa.h(12): warning:  #1-D: last line of file ends without a newline
  #endif
..\HARDWARE\myitoa.c: 1 warning, 0 errors
compiling pub_timer.c...
..\HARDWARE\showSystem.h(11): warning:  #1-D: last line of file ends without a newline
  #endif
..\HARDWARE\myitoa.h(12): warning:  #1-D: last line of file ends without a newline
  #endif
..\HARDWARE\pub_timer.c: 2 warnings, 0 errors
compiling Usart2.c...
..\HARDWARE\showSystem.h(11): warning:  #1-D: last line of file ends without a newline
  #endif
..\HARDWARE\BLUETOOTH\Usart2.c(111): warning:  #1-D: last line of file ends without a newline
  }
..\HARDWARE\BLUETOOTH\Usart2.c: 2 warnings, 0 errors
compiling dataSum.c...
..\HARDWARE\showSystem.h(11): warning:  #1-D: last line of file ends without a newline
  #endif
..\HARDWARE\myitoa.h(12): warning:  #1-D: last line of file ends without a newline
  #endif
..\HARDWARE\dataSum.c(129): warning:  #167-D: argument of type "char *" is incompatible with parameter of type "unsigned char *"
      DEBUG0(temp);
..\HARDWARE\dataSum.c: 3 warnings, 0 errors
compiling flash.c...
..\HARDWARE\showSystem.h(11): warning:  #1-D: last line of file ends without a newline
  #endif
..\HARDWARE\BLUETOOTH\flash.c(36): warning:  #167-D: argument of type "char *" is incompatible with parameter of type "unsigned char *"
  	strcat(temp,IPAddr);DEBUG0(temp);//DEBUG("\r\n");
..\HARDWARE\BLUETOOTH\flash.c(37): warning:  #167-D: argument of type "char *" is incompatible with parameter of type "unsigned char *"
  	strcat(temp2,Port);DEBUG0(temp2);//DEBUG("\r\n");
..\HARDWARE\BLUETOOTH\flash.c(108): warning:  #167-D: argument of type "char *" is incompatible with parameter of type "unsigned char *"
          DEBUG0(ID);
..\HARDWARE\BLUETOOTH\flash.c(115): warning:  #940-D: missing return statement at end of non-void function "SetNetInfo" 
  }
..\HARDWARE\BLUETOOTH\flash.c: 5 warnings, 0 errors
linking...
Program Size: Code=28794 RO-data=6962 RW-data=956 ZI-data=6596  
FromELF: creating hex file...
".\Objects\Project.axf" - 0 Error(s), 25 Warning(s).

<h2>Software Packages used:</h2>

Package Vendor: Keil
                http://www.keil.com/pack/Keil.STM32F1xx_DFP.2.3.0.pack
                Keil.STM32F1xx_DFP.2.3.0
                STMicroelectronics STM32F1 Series Device Support, Drivers and Examples

<h2>Collection of Component include folders:</h2>
  .\RTE\_Target_1
  D:\KEIL\KEIL5\ARM\PACK\Keil\STM32F1xx_DFP\2.3.0\Device\Include

<h2>Collection of Component Files used:</h2>
Build Time Elapsed:  00:00:10
</pre>
</body>
</html>
