<html>
<body>
<pre>
<h1>礦ision Build Log</h1>
<h2>Tool Versions:</h2>
IDE-Version: μVision V5.25.2.0
Copyright (C) 2018 ARM Ltd and ARM Germany GmbH. All rights reserved.
License Information: W Microsoft, Microsoft, LIC=8VRMM-XASLV-63QMB-22PHV-U8XHS-STFYG
 
Tool Versions:
Toolchain:       MDK-ARM Plus  Version: 5.25.2.0
Toolchain Path:  D:\KEIL\KEIL5\ARM\ARMCC\Bin
C Compiler:      Armcc.exe V5.06 update 6 (build 750)
Assembler:       Armasm.exe V5.06 update 6 (build 750)
Linker/Locator:  ArmLink.exe V5.06 update 6 (build 750)
Library Manager: ArmAr.exe V5.06 update 6 (build 750)
Hex Converter:   FromElf.exe V5.06 update 6 (build 750)
CPU DLL:         SARMCM3.DLL V5.25.2.0
Dialog DLL:      DCM.DLL V1.17.1.0
Target DLL:      STLink\ST-LINKIII-KEIL_SWO.dll V3.0.1.0
Dialog DLL:      TCM.DLL V1.35.1.0
 
<h2>Project:</h2>
E:\高中&大学\毕业设计！\毕业设计\wsx\Demo\Project\project.uvprojx
Project File Date:  04/27/2019

<h2>Output:</h2>
*** Using Compiler 'V5.06 update 6 (build 750)', folder: 'D:\KEIL\KEIL5\ARM\ARMCC\Bin'
Build target 'Target 1'
assembling startup_stm32f10x_md.s...
compiling CircularQueue.c...
compiling Delay.c...
compiling main.c...
main.c(23): warning:  #111-D: statement is unreachable
  	return 0;
main.c: 1 warning, 0 errors
compiling stm32f10x_it.c...
compiling system_stm32f10x.c...
compiling core_cm3.c...
compiling Task.c...
compiling Usart.c...
..\Lib\Usart.c(125): warning:  #550-D: variable "RXData"  was set but never used
  	static uint8_t RXData;
..\Lib\Usart.c: 1 warning, 0 errors
compiling Timer.c...
compiling BC26RX.c...
compiling BC26Task_Device_Check.c...
..\Lib\BC26Task_Device_Check.c(59): warning:  #1-D: last line of file ends without a newline
  }
..\Lib\BC26Task_Device_Check.c: 1 warning, 0 errors
compiling BC26Task_GetIP_Check.c...
compiling BC26.c...
..\Lib\BC26.c(66): warning:  #1-D: last line of file ends without a newline
  }
..\Lib\BC26.c: 1 warning, 0 errors
compiling BC26TX.c...
compiling BC26Task_MQTT_Open.c...
compiling BC26Task_MQTT_Init.c...
compiling CharNum.c...
compiling BC26Task_MQTT_Sub.c...
compiling BC26Task_MQTT_Conn.c...
compiling BC26Task_MQTT_Unsub.c...
compiling BC26Task_MQTT_Pub.c...
compiling misc.c...
compiling flash.c...
compiling stm32f10x_adc.c...
compiling stm32f10x_bkp.c...
compiling stm32f10x_can.c...
compiling stm32f10x_cec.c...
compiling stm32f10x_crc.c...
compiling stm32f10x_dma.c...
compiling stm32f10x_dac.c...
compiling stm32f10x_dbgmcu.c...
compiling stm32f10x_exti.c...
compiling stm32f10x_flash.c...
compiling stm32f10x_gpio.c...
compiling stm32f10x_fsmc.c...
compiling stm32f10x_i2c.c...
compiling stm32f10x_pwr.c...
compiling stm32f10x_iwdg.c...
compiling stm32f10x_rcc.c...
compiling stm32f10x_rtc.c...
compiling stm32f10x_wwdg.c...
compiling stm32f10x_sdio.c...
compiling stm32f10x_spi.c...
compiling stm32f10x_usart.c...
compiling stm32f10x_tim.c...
linking...
Program Size: Code=7504 RO-data=520 RW-data=144 ZI-data=6384  
".\Objects\project.axf" - 0 Error(s), 4 Warning(s).

<h2>Software Packages used:</h2>

Package Vendor: Keil
                http://www.keil.com/pack/Keil.STM32F1xx_DFP.2.3.0.pack
                Keil.STM32F1xx_DFP.2.3.0
                STMicroelectronics STM32F1 Series Device Support, Drivers and Examples

<h2>Collection of Component include folders:</h2>
  .\RTE\_Target_1
  D:\KEIL\KEIL5\ARM\PACK\Keil\STM32F1xx_DFP\2.3.0\Device\Include

<h2>Collection of Component Files used:</h2>
Build Time Elapsed:  00:00:05
</pre>
</body>
</html>
