Component: ARM Compiler 5.06 update 6 (build 750) Tool: armlink [4d35ed]

==============================================================================

Section Cross References

    main.o(i.InitTheSystem) refers to misc.o(i.NVIC_PriorityGroupConfig) for NVIC_PriorityGroupConfig
    main.o(i.InitTheSystem) refers to delay.o(i.DelayInit) for DelayInit
    main.o(i.InitTheSystem) refers to delay.o(i.DelayMs) for DelayMs
    main.o(i.InitTheSystem) refers to usart.o(i.Usart1Init) for Usart1Init
    main.o(i.InitTheSystem) refers to usart.o(i.Usart3Init) for Usart3Init
    main.o(i.InitTheSystem) refers to timer.o(i.TimeInit) for TimeInit
    main.o(i.InitTheSystem) refers to flash.o(i.GETDevicesID) for GETDevicesID
    main.o(i.InitTheSystem) refers to bc26.o(i.BC26GpioInit) for BC26GpioInit
    main.o(i.InitTheSystem) refers to bc26.o(i.BC26Connect) for BC26Connect
    main.o(i.InitTheSystem) refers to usart.o(i.UsartSentDatas) for UsartSentDatas
    main.o(i.main) refers to main.o(i.InitTheSystem) for InitTheSystem
    main.o(i.main) refers to usart.o(i.UsartSentDatas) for UsartSentDatas
    main.o(i.main) refers to bc26.o(i.BC26TaskInit) for BC26TaskInit
    main.o(i.main) refers to task.o(i.RunTaskQueue) for RunTaskQueue
    main.o(i.main) refers to bc26.o(.data) for BC26StartTask
    system_stm32f10x.o(i.SetSysClock) refers to system_stm32f10x.o(i.SetSysClockTo72) for SetSysClockTo72
    system_stm32f10x.o(i.SystemCoreClockUpdate) refers to system_stm32f10x.o(.data) for SystemCoreClock
    system_stm32f10x.o(i.SystemInit) refers to system_stm32f10x.o(i.SetSysClock) for SetSysClock
    startup_stm32f10x_md.o(STACK) refers (Special) to heapauxi.o(.text) for __use_two_region_memory
    startup_stm32f10x_md.o(HEAP) refers (Special) to heapauxi.o(.text) for __use_two_region_memory
    startup_stm32f10x_md.o(RESET) refers (Special) to heapauxi.o(.text) for __use_two_region_memory
    startup_stm32f10x_md.o(RESET) refers to startup_stm32f10x_md.o(STACK) for __initial_sp
    startup_stm32f10x_md.o(RESET) refers to startup_stm32f10x_md.o(.text) for Reset_Handler
    startup_stm32f10x_md.o(RESET) refers to stm32f10x_it.o(i.NMI_Handler) for NMI_Handler
    startup_stm32f10x_md.o(RESET) refers to stm32f10x_it.o(i.HardFault_Handler) for HardFault_Handler
    startup_stm32f10x_md.o(RESET) refers to stm32f10x_it.o(i.MemManage_Handler) for MemManage_Handler
    startup_stm32f10x_md.o(RESET) refers to stm32f10x_it.o(i.BusFault_Handler) for BusFault_Handler
    startup_stm32f10x_md.o(RESET) refers to stm32f10x_it.o(i.UsageFault_Handler) for UsageFault_Handler
    startup_stm32f10x_md.o(RESET) refers to stm32f10x_it.o(i.SVC_Handler) for SVC_Handler
    startup_stm32f10x_md.o(RESET) refers to stm32f10x_it.o(i.DebugMon_Handler) for DebugMon_Handler
    startup_stm32f10x_md.o(RESET) refers to stm32f10x_it.o(i.PendSV_Handler) for PendSV_Handler
    startup_stm32f10x_md.o(RESET) refers to stm32f10x_it.o(i.SysTick_Handler) for SysTick_Handler
    startup_stm32f10x_md.o(RESET) refers to timer.o(i.TIM2_IRQHandler) for TIM2_IRQHandler
    startup_stm32f10x_md.o(RESET) refers to usart.o(i.USART1_IRQHandler) for USART1_IRQHandler
    startup_stm32f10x_md.o(RESET) refers to usart.o(i.USART3_IRQHandler) for USART3_IRQHandler
    startup_stm32f10x_md.o(.text) refers (Special) to heapauxi.o(.text) for __use_two_region_memory
    startup_stm32f10x_md.o(.text) refers to system_stm32f10x.o(i.SystemInit) for SystemInit
    startup_stm32f10x_md.o(.text) refers to __main.o(!!!main) for __main
    startup_stm32f10x_md.o(.text) refers to startup_stm32f10x_md.o(HEAP) for Heap_Mem
    startup_stm32f10x_md.o(.text) refers to startup_stm32f10x_md.o(STACK) for Stack_Mem
    delay.o(i.DelayMs) refers to delay.o(i.SystickStops) for SystickStops
    delay.o(i.DelayUs) refers to delay.o(i.SystickStops) for SystickStops
    timer.o(i.TIM2_IRQHandler) refers to stm32f10x_tim.o(i.TIM_GetITStatus) for TIM_GetITStatus
    timer.o(i.TIM2_IRQHandler) refers to stm32f10x_tim.o(i.TIM_ClearITPendingBit) for TIM_ClearITPendingBit
    timer.o(i.TIM2_IRQHandler) refers to timer.o(.data) for StartTimer
    timer.o(i.TimeInit) refers to stm32f10x_rcc.o(i.RCC_APB1PeriphClockCmd) for RCC_APB1PeriphClockCmd
    timer.o(i.TimeInit) refers to stm32f10x_tim.o(i.TIM_TimeBaseInit) for TIM_TimeBaseInit
    timer.o(i.TimeInit) refers to stm32f10x_tim.o(i.TIM_ITConfig) for TIM_ITConfig
    timer.o(i.TimeInit) refers to stm32f10x_tim.o(i.TIM_ClearITPendingBit) for TIM_ClearITPendingBit
    timer.o(i.TimeInit) refers to misc.o(i.NVIC_Init) for NVIC_Init
    timer.o(i.TimeInit) refers to stm32f10x_tim.o(i.TIM_Cmd) for TIM_Cmd
    timer.o(i.TimerAdd) refers to circularqueue.o(i.QueueAdd) for QueueAdd
    timer.o(i.TimerAdd) refers to timer.o(.data) for SkipThisinterrupt
    timer.o(i.TimerSub) refers to circularqueue.o(i.QueueSub) for QueueSub
    timer.o(i.TimerSub) refers to timer.o(.data) for SkipThisinterrupt
[...]
    Removing stm32f10x_i2c.o(i.I2C_TransmitPEC), (24 bytes).
    Removing stm32f10x_iwdg.o(i.IWDG_Enable), (16 bytes).
    Removing stm32f10x_iwdg.o(i.IWDG_GetFlagStatus), (24 bytes).
    Removing stm32f10x_iwdg.o(i.IWDG_ReloadCounter), (16 bytes).
    Removing stm32f10x_iwdg.o(i.IWDG_SetPrescaler), (12 bytes).
    Removing stm32f10x_iwdg.o(i.IWDG_SetReload), (12 bytes).
    Removing stm32f10x_iwdg.o(i.IWDG_WriteAccessCmd), (12 bytes).
    Removing stm32f10x_pwr.o(i.PWR_BackupAccessCmd), (12 bytes).
    Removing stm32f10x_pwr.o(i.PWR_ClearFlag), (20 bytes).
    Removing stm32f10x_pwr.o(i.PWR_DeInit), (22 bytes).
    Removing stm32f10x_pwr.o(i.PWR_EnterSTANDBYMode), (52 bytes).
    Removing stm32f10x_pwr.o(i.PWR_EnterSTOPMode), (64 bytes).
    Removing stm32f10x_pwr.o(i.PWR_GetFlagStatus), (24 bytes).
    Removing stm32f10x_pwr.o(i.PWR_PVDCmd), (12 bytes).
    Removing stm32f10x_pwr.o(i.PWR_PVDLevelConfig), (24 bytes).
    Removing stm32f10x_pwr.o(i.PWR_WakeUpPinCmd), (12 bytes).
    Removing stm32f10x_rcc.o(i.RCC_ADCCLKConfig), (24 bytes).
    Removing stm32f10x_rcc.o(i.RCC_AHBPeriphClockCmd), (32 bytes).
    Removing stm32f10x_rcc.o(i.RCC_AdjustHSICalibrationValue), (24 bytes).
    Removing stm32f10x_rcc.o(i.RCC_BackupResetCmd), (12 bytes).
    Removing stm32f10x_rcc.o(i.RCC_ClearFlag), (20 bytes).
    Removing stm32f10x_rcc.o(i.RCC_ClearITPendingBit), (12 bytes).
    Removing stm32f10x_rcc.o(i.RCC_ClockSecuritySystemCmd), (12 bytes).
    Removing stm32f10x_rcc.o(i.RCC_DeInit), (76 bytes).
    Removing stm32f10x_rcc.o(i.RCC_GetFlagStatus), (60 bytes).
    Removing stm32f10x_rcc.o(i.RCC_GetITStatus), (24 bytes).
    Removing stm32f10x_rcc.o(i.RCC_GetSYSCLKSource), (16 bytes).
    Removing stm32f10x_rcc.o(i.RCC_HCLKConfig), (24 bytes).
    Removing stm32f10x_rcc.o(i.RCC_HSEConfig), (76 bytes).
    Removing stm32f10x_rcc.o(i.RCC_HSICmd), (12 bytes).
    Removing stm32f10x_rcc.o(i.RCC_ITConfig), (32 bytes).
    Removing stm32f10x_rcc.o(i.RCC_LSEConfig), (52 bytes).
    Removing stm32f10x_rcc.o(i.RCC_LSICmd), (12 bytes).
    Removing stm32f10x_rcc.o(i.RCC_MCOConfig), (12 bytes).
    Removing stm32f10x_rcc.o(i.RCC_PCLK1Config), (24 bytes).
    Removing stm32f10x_rcc.o(i.RCC_PCLK2Config), (24 bytes).
    Removing stm32f10x_rcc.o(i.RCC_PLLCmd), (12 bytes).
    Removing stm32f10x_rcc.o(i.RCC_PLLConfig), (28 bytes).
    Removing stm32f10x_rcc.o(i.RCC_RTCCLKCmd), (12 bytes).
    Removing stm32f10x_rcc.o(i.RCC_RTCCLKConfig), (16 bytes).
    Removing stm32f10x_rcc.o(i.RCC_SYSCLKConfig), (24 bytes).
    Removing stm32f10x_rcc.o(i.RCC_USBCLKConfig), (12 bytes).
    Removing stm32f10x_rcc.o(i.RCC_WaitForHSEStartUp), (56 bytes).
    Removing stm32f10x_rtc.o(i.RTC_ClearFlag), (16 bytes).
    Removing stm32f10x_rtc.o(i.RTC_ClearITPendingBit), (16 bytes).
    Removing stm32f10x_rtc.o(i.RTC_EnterConfigMode), (20 bytes).
    Removing stm32f10x_rtc.o(i.RTC_ExitConfigMode), (20 bytes).
    Removing stm32f10x_rtc.o(i.RTC_GetCounter), (20 bytes).
    Removing stm32f10x_rtc.o(i.RTC_GetDivider), (24 bytes).
    Removing stm32f10x_rtc.o(i.RTC_GetFlagStatus), (24 bytes).
    Removing stm32f10x_rtc.o(i.RTC_GetITStatus), (36 bytes).
    Removing stm32f10x_rtc.o(i.RTC_ITConfig), (32 bytes).
    Removing stm32f10x_rtc.o(i.RTC_SetAlarm), (28 bytes).
    Removing stm32f10x_rtc.o(i.RTC_SetCounter), (28 bytes).
    Removing stm32f10x_rtc.o(i.RTC_SetPrescaler), (32 bytes).
    Removing stm32f10x_rtc.o(i.RTC_WaitForLastTask), (20 bytes).
    Removing stm32f10x_rtc.o(i.RTC_WaitForSynchro), (36 bytes).
    Removing stm32f10x_sdio.o(i.SDIO_CEATAITCmd), (16 bytes).
    Removing stm32f10x_sdio.o(i.SDIO_ClearFlag), (12 bytes).
    Removing stm32f10x_sdio.o(i.SDIO_ClearITPendingBit), (12 bytes).
    Removing stm32f10x_sdio.o(i.SDIO_ClockCmd), (12 bytes).
    Removing stm32f10x_sdio.o(i.SDIO_CmdStructInit), (14 bytes).
    Removing stm32f10x_sdio.o(i.SDIO_CommandCompletionCmd), (12 bytes).
    Removing stm32f10x_sdio.o(i.SDIO_DMACmd), (12 bytes).
    Removing stm32f10x_sdio.o(i.SDIO_DataConfig), (48 bytes).
    Removing stm32f10x_sdio.o(i.SDIO_DataStructInit), (20 bytes).
    Removing stm32f10x_sdio.o(i.SDIO_DeInit), (36 bytes).
    Removing stm32f10x_sdio.o(i.SDIO_GetCommandResponse), (12 bytes).
    Removing stm32f10x_sdio.o(i.SDIO_GetDataCounter), (12 bytes).
    Removing stm32f10x_sdio.o(i.SDIO_GetFIFOCount), (12 bytes).
    Removing stm32f10x_sdio.o(i.SDIO_GetFlagStatus), (24 bytes).
    Removing stm32f10x_sdio.o(i.SDIO_GetITStatus), (24 bytes).
    Removing stm32f10x_sdio.o(i.SDIO_GetPowerState), (16 bytes).
    Removing stm32f10x_sdio.o(i.SDIO_GetResponse), (24 bytes).
    Removing stm32f10x_sdio.o(i.SDIO_ITConfig), (32 bytes).
    Removing stm32f10x_sdio.o(i.SDIO_Init), (48 bytes).
    Removing stm32f10x_sdio.o(i.SDIO_ReadData), (12 bytes).
    Removing stm32f10x_sdio.o(i.SDIO_SendCEATACmd), (12 bytes).
    Removing stm32f10x_sdio.o(i.SDIO_SendCommand), (44 bytes).
    Removing stm32f10x_sdio.o(i.SDIO_SendSDIOSuspendCmd), (12 bytes).
    Removing stm32f10x_sdio.o(i.SDIO_SetPowerState), (28 bytes).
    Removing stm32f10x_sdio.o(i.SDIO_SetSDIOOperation), (12 bytes).
    Removing stm32f10x_sdio.o(i.SDIO_SetSDIOReadWaitMode), (12 bytes).
    Removing stm32f10x_sdio.o(i.SDIO_StartSDIOReadWait), (12 bytes).
    Removing stm32f10x_sdio.o(i.SDIO_StopSDIOReadWait), (12 bytes).
    Removing stm32f10x_sdio.o(i.SDIO_StructInit), (16 bytes).
    Removing stm32f10x_sdio.o(i.SDIO_WriteData), (12 bytes).
    Removing stm32f10x_spi.o(i.I2S_Cmd), (24 bytes).
    Removing stm32f10x_spi.o(i.I2S_Init), (232 bytes).
    Removing stm32f10x_spi.o(i.I2S_StructInit), (20 bytes).
    Removing stm32f10x_spi.o(i.SPI_BiDirectionalLineConfig), (28 bytes).
    Removing stm32f10x_spi.o(i.SPI_CalculateCRC), (24 bytes).
    Removing stm32f10x_spi.o(i.SPI_Cmd), (24 bytes).
    Removing stm32f10x_spi.o(i.SPI_DataSizeConfig), (18 bytes).
    Removing stm32f10x_spi.o(i.SPI_GetCRC), (16 bytes).
    Removing stm32f10x_spi.o(i.SPI_GetCRCPolynomial), (6 bytes).
    Removing stm32f10x_spi.o(i.SPI_I2S_ClearFlag), (6 bytes).
    Removing stm32f10x_spi.o(i.SPI_I2S_ClearITPendingBit), (20 bytes).
    Removing stm32f10x_spi.o(i.SPI_I2S_DMACmd), (18 bytes).
    Removing stm32f10x_spi.o(i.SPI_I2S_DeInit), (88 bytes).
    Removing stm32f10x_spi.o(i.SPI_I2S_GetFlagStatus), (18 bytes).
    Removing stm32f10x_spi.o(i.SPI_I2S_GetITStatus), (52 bytes).
    Removing stm32f10x_spi.o(i.SPI_I2S_ITConfig), (32 bytes).
    Removing stm32f10x_spi.o(i.SPI_I2S_ReceiveData), (6 bytes).
    Removing stm32f10x_spi.o(i.SPI_I2S_SendData), (4 bytes).
    Removing stm32f10x_spi.o(i.SPI_Init), (60 bytes).
    Removing stm32f10x_spi.o(i.SPI_NSSInternalSoftwareConfig), (30 bytes).
    Removing stm32f10x_spi.o(i.SPI_SSOutputCmd), (24 bytes).
    Removing stm32f10x_spi.o(i.SPI_StructInit), (24 bytes).
    Removing stm32f10x_spi.o(i.SPI_TransmitCRC), (10 bytes).
    Removing stm32f10x_tim.o(i.TI1_Config), (128 bytes).
    Removing stm32f10x_tim.o(i.TI2_Config), (152 bytes).
    Removing stm32f10x_tim.o(i.TI3_Config), (144 bytes).
    Removing stm32f10x_tim.o(i.TI4_Config), (152 bytes).
    Removing stm32f10x_tim.o(i.TIM_ARRPreloadConfig), (24 bytes).
    Removing stm32f10x_tim.o(i.TIM_BDTRConfig), (32 bytes).
    Removing stm32f10x_tim.o(i.TIM_BDTRStructInit), (18 bytes).
    Removing stm32f10x_tim.o(i.TIM_CCPreloadControl), (24 bytes).
    Removing stm32f10x_tim.o(i.TIM_CCxCmd), (30 bytes).
    Removing stm32f10x_tim.o(i.TIM_CCxNCmd), (30 bytes).
    Removing stm32f10x_tim.o(i.TIM_ClearFlag), (6 bytes).
    Removing stm32f10x_tim.o(i.TIM_ClearOC1Ref), (18 bytes).
    Removing stm32f10x_tim.o(i.TIM_ClearOC2Ref), (24 bytes).
    Removing stm32f10x_tim.o(i.TIM_ClearOC3Ref), (18 bytes).
    Removing stm32f10x_tim.o(i.TIM_ClearOC4Ref), (24 bytes).
    Removing stm32f10x_tim.o(i.TIM_CounterModeConfig), (18 bytes).
    Removing stm32f10x_tim.o(i.TIM_CtrlPWMOutputs), (30 bytes).
    Removing stm32f10x_tim.o(i.TIM_DMACmd), (18 bytes).
    Removing stm32f10x_tim.o(i.TIM_DMAConfig), (10 bytes).
    Removing stm32f10x_tim.o(i.TIM_DeInit), (488 bytes).
    Removing stm32f10x_tim.o(i.TIM_ETRClockMode1Config), (54 bytes).
    Removing stm32f10x_tim.o(i.TIM_ETRClockMode2Config), (32 bytes).
    Removing stm32f10x_tim.o(i.TIM_ETRConfig), (28 bytes).
    Removing stm32f10x_tim.o(i.TIM_EncoderInterfaceConfig), (66 bytes).
    Removing stm32f10x_tim.o(i.TIM_ForcedOC1Config), (18 bytes).
    Removing stm32f10x_tim.o(i.TIM_ForcedOC2Config), (26 bytes).
    Removing stm32f10x_tim.o(i.TIM_ForcedOC3Config), (18 bytes).
    Removing stm32f10x_tim.o(i.TIM_ForcedOC4Config), (26 bytes).
    Removing stm32f10x_tim.o(i.TIM_GenerateEvent), (4 bytes).
    Removing stm32f10x_tim.o(i.TIM_GetCapture1), (6 bytes).
    Removing stm32f10x_tim.o(i.TIM_GetCapture2), (6 bytes).
    Removing stm32f10x_tim.o(i.TIM_GetCapture3), (6 bytes).
    Removing stm32f10x_tim.o(i.TIM_GetCapture4), (8 bytes).
    Removing stm32f10x_tim.o(i.TIM_GetCounter), (6 bytes).
    Removing stm32f10x_tim.o(i.TIM_GetFlagStatus), (18 bytes).
    Removing stm32f10x_tim.o(i.TIM_GetPrescaler), (6 bytes).
    Removing stm32f10x_tim.o(i.TIM_ICInit), (172 bytes).
    Removing stm32f10x_tim.o(i.TIM_ICStructInit), (18 bytes).
    Removing stm32f10x_tim.o(i.TIM_ITRxExternalClockConfig), (24 bytes).
    Removing stm32f10x_tim.o(i.TIM_InternalClockConfig), (12 bytes).
    Removing stm32f10x_tim.o(i.TIM_OC1FastConfig), (18 bytes).
    Removing stm32f10x_tim.o(i.TIM_OC1Init), (152 bytes).
    Removing stm32f10x_tim.o(i.TIM_OC1NPolarityConfig), (18 bytes).
    Removing stm32f10x_tim.o(i.TIM_OC1PolarityConfig), (18 bytes).
    Removing stm32f10x_tim.o(i.TIM_OC1PreloadConfig), (18 bytes).
    Removing stm32f10x_tim.o(i.TIM_OC2FastConfig), (26 bytes).
    Removing stm32f10x_tim.o(i.TIM_OC2Init), (164 bytes).
    Removing stm32f10x_tim.o(i.TIM_OC2NPolarityConfig), (26 bytes).
    Removing stm32f10x_tim.o(i.TIM_OC2PolarityConfig), (26 bytes).
    Removing stm32f10x_tim.o(i.TIM_OC2PreloadConfig), (26 bytes).
    Removing stm32f10x_tim.o(i.TIM_OC3FastConfig), (18 bytes).
    Removing stm32f10x_tim.o(i.TIM_OC3Init), (160 bytes).
    Removing stm32f10x_tim.o(i.TIM_OC3NPolarityConfig), (26 bytes).
    Removing stm32f10x_tim.o(i.TIM_OC3PolarityConfig), (26 bytes).
    Removing stm32f10x_tim.o(i.TIM_OC3PreloadConfig), (18 bytes).
    Removing stm32f10x_tim.o(i.TIM_OC4FastConfig), (26 bytes).
    Removing stm32f10x_tim.o(i.TIM_OC4Init), (124 bytes).
    Removing stm32f10x_tim.o(i.TIM_OC4PolarityConfig), (26 bytes).
    Removing stm32f10x_tim.o(i.TIM_OC4PreloadConfig), (26 bytes).
    Removing stm32f10x_tim.o(i.TIM_OCStructInit), (20 bytes).
    Removing stm32f10x_tim.o(i.TIM_PWMIConfig), (124 bytes).
    Removing stm32f10x_tim.o(i.TIM_PrescalerConfig), (6 bytes).
    Removing stm32f10x_tim.o(i.TIM_SelectCCDMA), (24 bytes).
    Removing stm32f10x_tim.o(i.TIM_SelectCOM), (24 bytes).
    Removing stm32f10x_tim.o(i.TIM_SelectHallSensor), (24 bytes).
    Removing stm32f10x_tim.o(i.TIM_SelectInputTrigger), (18 bytes).
    Removing stm32f10x_tim.o(i.TIM_SelectMasterSlaveMode), (18 bytes).
    Removing stm32f10x_tim.o(i.TIM_SelectOCxM), (82 bytes).
    Removing stm32f10x_tim.o(i.TIM_SelectOnePulseMode), (18 bytes).
    Removing stm32f10x_tim.o(i.TIM_SelectOutputTrigger), (18 bytes).
    Removing stm32f10x_tim.o(i.TIM_SelectSlaveMode), (18 bytes).
    Removing stm32f10x_tim.o(i.TIM_SetAutoreload), (4 bytes).
    Removing stm32f10x_tim.o(i.TIM_SetClockDivision), (18 bytes).
    Removing stm32f10x_tim.o(i.TIM_SetCompare1), (4 bytes).
    Removing stm32f10x_tim.o(i.TIM_SetCompare2), (4 bytes).
    Removing stm32f10x_tim.o(i.TIM_SetCompare3), (4 bytes).
    Removing stm32f10x_tim.o(i.TIM_SetCompare4), (6 bytes).
    Removing stm32f10x_tim.o(i.TIM_SetCounter), (4 bytes).
    Removing stm32f10x_tim.o(i.TIM_SetIC1Prescaler), (18 bytes).
    Removing stm32f10x_tim.o(i.TIM_SetIC2Prescaler), (26 bytes).
    Removing stm32f10x_tim.o(i.TIM_SetIC3Prescaler), (18 bytes).
    Removing stm32f10x_tim.o(i.TIM_SetIC4Prescaler), (26 bytes).
    Removing stm32f10x_tim.o(i.TIM_TIxExternalClockConfig), (62 bytes).
    Removing stm32f10x_tim.o(i.TIM_TimeBaseStructInit), (18 bytes).
    Removing stm32f10x_tim.o(i.TIM_UpdateDisableConfig), (24 bytes).
    Removing stm32f10x_tim.o(i.TIM_UpdateRequestConfig), (24 bytes).
    Removing stm32f10x_usart.o(i.USART_ClockInit), (34 bytes).
    Removing stm32f10x_usart.o(i.USART_ClockStructInit), (12 bytes).
    Removing stm32f10x_usart.o(i.USART_DMACmd), (18 bytes).
    Removing stm32f10x_usart.o(i.USART_HalfDuplexCmd), (24 bytes).
    Removing stm32f10x_usart.o(i.USART_IrDACmd), (24 bytes).
    Removing stm32f10x_usart.o(i.USART_IrDAConfig), (18 bytes).
    Removing stm32f10x_usart.o(i.USART_LINBreakDetectLengthConfig), (18 bytes).
    Removing stm32f10x_usart.o(i.USART_LINCmd), (24 bytes).
    Removing stm32f10x_usart.o(i.USART_OneBitMethodCmd), (24 bytes).
    Removing stm32f10x_usart.o(i.USART_OverSampling8Cmd), (22 bytes).
    Removing stm32f10x_usart.o(i.USART_ReceiverWakeUpCmd), (24 bytes).
    Removing stm32f10x_usart.o(i.USART_SendBreak), (10 bytes).
    Removing stm32f10x_usart.o(i.USART_SetAddress), (18 bytes).
    Removing stm32f10x_usart.o(i.USART_SetGuardTime), (16 bytes).
    Removing stm32f10x_usart.o(i.USART_SetPrescaler), (16 bytes).
    Removing stm32f10x_usart.o(i.USART_SmartCardCmd), (24 bytes).
    Removing stm32f10x_usart.o(i.USART_SmartCardNACKCmd), (24 bytes).
    Removing stm32f10x_usart.o(i.USART_StructInit), (24 bytes).
    Removing stm32f10x_usart.o(i.USART_WakeUpConfig), (18 bytes).
    Removing stm32f10x_wwdg.o(i.WWDG_ClearFlag), (12 bytes).
    Removing stm32f10x_wwdg.o(i.WWDG_DeInit), (22 bytes).
    Removing stm32f10x_wwdg.o(i.WWDG_Enable), (16 bytes).
    Removing stm32f10x_wwdg.o(i.WWDG_EnableIT), (12 bytes).
    Removing stm32f10x_wwdg.o(i.WWDG_GetFlagStatus), (12 bytes).
    Removing stm32f10x_wwdg.o(i.WWDG_SetCounter), (16 bytes).
    Removing stm32f10x_wwdg.o(i.WWDG_SetPrescaler), (24 bytes).
    Removing stm32f10x_wwdg.o(i.WWDG_SetWindowValue), (40 bytes).

481 unused section(s) (total 22600 bytes) removed from the image.

==============================================================================

Image Symbol Table

    Local Symbols

    Symbol Name                              Value     Ov Type        Size  Object(Section)

    ../clib/angel/boardlib.s                 0x00000000   Number         0  boardshut.o ABSOLUTE
    ../clib/angel/boardlib.s                 0x00000000   Number         0  boardinit1.o ABSOLUTE
    ../clib/angel/boardlib.s                 0x00000000   Number         0  boardinit2.o ABSOLUTE
    ../clib/angel/boardlib.s                 0x00000000   Number         0  boardinit3.o ABSOLUTE
    ../clib/angel/handlers.s                 0x00000000   Number         0  __scatter_zi.o ABSOLUTE
    ../clib/angel/handlers.s                 0x00000000   Number         0  __scatter_copy.o ABSOLUTE
    ../clib/angel/kernel.s                   0x00000000   Number         0  rtexit.o ABSOLUTE
    ../clib/angel/kernel.s                   0x00000000   Number         0  __rtentry.o ABSOLUTE
    ../clib/angel/kernel.s                   0x00000000   Number         0  __rtentry2.o ABSOLUTE
    ../clib/angel/kernel.s                   0x00000000   Number         0  __rtentry4.o ABSOLUTE
    ../clib/angel/kernel.s                   0x00000000   Number         0  rtexit2.o ABSOLUTE
    ../clib/angel/rt.s                       0x00000000   Number         0  rt_raise.o ABSOLUTE
    ../clib/angel/scatter.s                  0x00000000   Number         0  __scatter.o ABSOLUTE
    ../clib/angel/startup.s                  0x00000000   Number         0  __main.o ABSOLUTE
    ../clib/angel/sys.s                      0x00000000   Number         0  use_no_semi.o ABSOLUTE
    ../clib/angel/sys.s                      0x00000000   Number         0  sys_stackheap_outer.o ABSOLUTE
    ../clib/angel/sys.s                      0x00000000   Number         0  libspace.o ABSOLUTE
    ../clib/angel/sys.s                      0x00000000   Number         0  indicate_semi.o ABSOLUTE
    ../clib/angel/sysapp.c                   0x00000000   Number         0  sys_exit.o ABSOLUTE
    ../clib/angel/sysapp.c                   0x00000000   Number         0  sys_command.o ABSOLUTE
    ../clib/angel/sysapp.c                   0x00000000   Number         0  sys_wrch.o ABSOLUTE
    ../clib/armsys.c                         0x00000000   Number         0  no_argv.o ABSOLUTE
    ../clib/armsys.c                         0x00000000   Number         0  _get_argv_nomalloc.o ABSOLUTE
    ../clib/armsys.c                         0x00000000   Number         0  argv_veneer.o ABSOLUTE
    ../clib/armsys.c                         0x00000000   Number         0  argv_veneer.o ABSOLUTE
    ../clib/heapalloc.c                      0x00000000   Number         0  hrguard.o ABSOLUTE
    ../clib/heapaux.c                        0x00000000   Number         0  heapauxi.o ABSOLUTE
    ../clib/libinit.s                        0x00000000   Number         0  libinit2.o ABSOLUTE
    ../clib/libinit.s                        0x00000000   Number         0  libinit.o ABSOLUTE
    ../clib/libinit.s                        0x00000000   Number         0  libshutdown.o ABSOLUTE
    ../clib/libinit.s                        0x00000000   Number         0  libshutdown2.o ABSOLUTE
    ../clib/signal.c                         0x00000000   Number         0  defsig_rtmem_formal.o ABSOLUTE
    ../clib/signal.c                         0x00000000   Number         0  defsig_cppl_inner.o ABSOLUTE
    ../clib/signal.c                         0x00000000   Number         0  defsig_pvfn_inner.o ABSOLUTE
    ../clib/signal.c                         0x00000000   Number         0  defsig_rtmem_inner.o ABSOLUTE
    ../clib/signal.c                         0x00000000   Number         0  __raise.o ABSOLUTE
    ../clib/signal.c                         0x00000000   Number         0  defsig_general.o ABSOLUTE
    ../clib/signal.c                         0x00000000   Number         0  defsig_fpe_inner.o ABSOLUTE
    ../clib/signal.c                         0x00000000   Number         0  defsig_stak_inner.o ABSOLUTE
    ../clib/signal.c                         0x00000000   Number         0  defsig_exit.o ABSOLUTE
    ../clib/signal.c                         0x00000000   Number         0  defsig_rtred_inner.o ABSOLUTE
    ../clib/signal.c                         0x00000000   Number         0  defsig_abrt_inner.o ABSOLUTE
    ../clib/signal.c                         0x00000000   Number         0  defsig_rtmem_outer.o ABSOLUTE
    ../clib/signal.c                         0x00000000   Number         0  defsig_other.o ABSOLUTE
    ../clib/signal.c                         0x00000000   Number         0  defsig_segv_inner.o ABSOLUTE
    ../clib/signal.s                         0x00000000   Number         0  defsig.o ABSOLUTE
    ../clib/stdlib.c                         0x00000000   Number         0  exit.o ABSOLUTE
    ../fplib/daddsub.s                       0x00000000   Number         0  daddsub_clz.o ABSOLUTE
    ../fplib/dcmpi.s                         0x00000000   Number         0  dcmpi.o ABSOLUTE
    ../fplib/ddiv.s                          0x00000000   Number         0  ddiv.o ABSOLUTE
    ../fplib/dfix.s                          0x00000000   Number         0  dfix.o ABSOLUTE
    ../fplib/dflt.s                          0x00000000   Number         0  dflt_clz.o ABSOLUTE
    ../fplib/dleqf.s                         0x00000000   Number         0  dleqf.o ABSOLUTE
    ../fplib/dmul.s                          0x00000000   Number         0  dmul.o ABSOLUTE
    ../fplib/dnaninf.s                       0x00000000   Number         0  dnaninf.o ABSOLUTE
    ../fplib/dretinf.s                       0x00000000   Number         0  dretinf.o ABSOLUTE
    ../fplib/drleqf.s                        0x00000000   Number         0  drleqf.o ABSOLUTE
    ../fplib/fpinit.s                        0x00000000   Number         0  fpinit.o ABSOLUTE
    ../fplib/usenofp.s                       0x00000000   Number         0  usenofp.o ABSOLUTE
    ..\Core\core_cm3.c                       0x00000000   Number         0  core_cm3.o ABSOLUTE
    ..\Core\startup_stm32f10x_md.s           0x00000000   Number         0  startup_stm32f10x_md.o ABSOLUTE
    ..\Core\stm32f10x_it.c                   0x00000000   Number         0  stm32f10x_it.o ABSOLUTE
    ..\Core\system_stm32f10x.c               0x00000000   Number         0  system_stm32f10x.o ABSOLUTE
    ..\Lib\BC26.c                            0x00000000   Number         0  bc26.o ABSOLUTE
    ..\Lib\BC26RX.c                          0x00000000   Number         0  bc26rx.o ABSOLUTE
    ..\Lib\BC26TX.c                          0x00000000   Number         0  bc26tx.o ABSOLUTE
    ..\Lib\BC26Task_Device_Check.c           0x00000000   Number         0  bc26task_device_check.o ABSOLUTE
    ..\Lib\BC26Task_GetIP_Check.c            0x00000000   Number         0  bc26task_getip_check.o ABSOLUTE
    ..\Lib\BC26Task_MQTT_Conn.c              0x00000000   Number         0  bc26task_mqtt_conn.o ABSOLUTE
    ..\Lib\BC26Task_MQTT_Init.c              0x00000000   Number         0  bc26task_mqtt_init.o ABSOLUTE
    ..\Lib\BC26Task_MQTT_Open.c              0x00000000   Number         0  bc26task_mqtt_open.o ABSOLUTE
    ..\Lib\BC26Task_MQTT_Pub.c               0x00000000   Number         0  bc26task_mqtt_pub.o ABSOLUTE
    ..\Lib\BC26Task_MQTT_Sub.c               0x00000000   Number         0  bc26task_mqtt_sub.o ABSOLUTE
    ..\Lib\BC26Task_MQTT_Unsub.c             0x00000000   Number         0  bc26task_mqtt_unsub.o ABSOLUTE
    ..\Lib\CharNum.c                         0x00000000   Number         0  charnum.o ABSOLUTE
    ..\Lib\CircularQueue.c                   0x00000000   Number         0  circularqueue.o ABSOLUTE
    ..\Lib\Delay.c                           0x00000000   Number         0  delay.o ABSOLUTE
    ..\Lib\Task.c                            0x00000000   Number         0  task.o ABSOLUTE
    ..\Lib\Timer.c                           0x00000000   Number         0  timer.o ABSOLUTE
    ..\Lib\Usart.c                           0x00000000   Number         0  usart.o ABSOLUTE
    ..\Lib\flash.c                           0x00000000   Number         0  flash.o ABSOLUTE
    ..\OfficialLib\misc.c                    0x00000000   Number         0  misc.o ABSOLUTE
    ..\OfficialLib\stm32f10x_adc.c           0x00000000   Number         0  stm32f10x_adc.o ABSOLUTE
    ..\OfficialLib\stm32f10x_bkp.c           0x00000000   Number         0  stm32f10x_bkp.o ABSOLUTE
    ..\OfficialLib\stm32f10x_can.c           0x00000000   Number         0  stm32f10x_can.o ABSOLUTE
    ..\OfficialLib\stm32f10x_cec.c           0x00000000   Number         0  stm32f10x_cec.o ABSOLUTE
    ..\OfficialLib\stm32f10x_crc.c           0x00000000   Number         0  stm32f10x_crc.o ABSOLUTE
    ..\OfficialLib\stm32f10x_dac.c           0x00000000   Number         0  stm32f10x_dac.o ABSOLUTE
    ..\OfficialLib\stm32f10x_dbgmcu.c        0x00000000   Number         0  stm32f10x_dbgmcu.o ABSOLUTE
    ..\OfficialLib\stm32f10x_dma.c           0x00000000   Number         0  stm32f10x_dma.o ABSOLUTE
    ..\OfficialLib\stm32f10x_exti.c          0x00000000   Number         0  stm32f10x_exti.o ABSOLUTE
    ..\OfficialLib\stm32f10x_flash.c         0x00000000   Number         0  stm32f10x_flash.o ABSOLUTE
    ..\OfficialLib\stm32f10x_fsmc.c          0x00000000   Number         0  stm32f10x_fsmc.o ABSOLUTE
    ..\OfficialLib\stm32f10x_gpio.c          0x00000000   Number         0  stm32f10x_gpio.o ABSOLUTE
    ..\OfficialLib\stm32f10x_i2c.c           0x00000000   Number         0  stm32f10x_i2c.o ABSOLUTE
    ..\OfficialLib\stm32f10x_iwdg.c          0x00000000   Number         0  stm32f10x_iwdg.o ABSOLUTE
    ..\OfficialLib\stm32f10x_pwr.c           0x00000000   Number         0  stm32f10x_pwr.o ABSOLUTE
    ..\OfficialLib\stm32f10x_rcc.c           0x00000000   Number         0  stm32f10x_rcc.o ABSOLUTE
    ..\OfficialLib\stm32f10x_rtc.c           0x00000000   Number         0  stm32f10x_rtc.o ABSOLUTE
    ..\OfficialLib\stm32f10x_sdio.c          0x00000000   Number         0  stm32f10x_sdio.o ABSOLUTE
    ..\OfficialLib\stm32f10x_spi.c           0x00000000   Number         0  stm32f10x_spi.o ABSOLUTE
    ..\OfficialLib\stm32f10x_tim.c           0x00000000   Number         0  stm32f10x_tim.o ABSOLUTE
    ..\OfficialLib\stm32f10x_usart.c         0x00000000   Number         0  stm32f10x_usart.o ABSOLUTE
    ..\OfficialLib\stm32f10x_wwdg.c          0x00000000   Number         0  stm32f10x_wwdg.o ABSOLUTE
    ..\\Core\\core_cm3.c                     0x00000000   Number         0  core_cm3.o ABSOLUTE
    dc.s                                     0x00000000   Number         0  dc.o ABSOLUTE
    main.c                                   0x00000000   Number         0  main.o ABSOLUTE
    RESET                                    0x08000000   Section      236  startup_stm32f10x_md.o(RESET)
    !!!main                                  0x080000ec   Section        8  __main.o(!!!main)
    !!!scatter                               0x080000f4   Section       52  __scatter.o(!!!scatter)
    !!handler_copy                           0x08000128   Section       26  __scatter_copy.o(!!handler_copy)
    !!handler_zi                             0x08000144   Section       28  __scatter_zi.o(!!handler_zi)
    .ARM.Collect$$libinit$$00000000          0x08000160   Section        2  libinit.o(.ARM.Collect$$libinit$$00000000)
    .ARM.Collect$$libinit$$00000002          0x08000162   Section        0  libinit2.o(.ARM.Collect$$libinit$$00000002)
    .ARM.Collect$$libinit$$00000004          0x08000162   Section        0  libinit2.o(.ARM.Collect$$libinit$$00000004)
    .ARM.Collect$$libinit$$0000000A          0x08000162   Section        0  libinit2.o(.ARM.Collect$$libinit$$0000000A)
    .ARM.Collect$$libinit$$0000000C          0x08000162   Section        0  libinit2.o(.ARM.Collect$$libinit$$0000000C)
    .ARM.Collect$$libinit$$0000000E          0x08000162   Section        0  libinit2.o(.ARM.Collect$$libinit$$0000000E)
    .ARM.Collect$$libinit$$00000011          0x08000162   Section        0  libinit2.o(.ARM.Collect$$libinit$$00000011)
    .ARM.Collect$$libinit$$00000013          0x08000162   Section        0  libinit2.o(.ARM.Collect$$libinit$$00000013)
    .ARM.Collect$$libinit$$00000015          0x08000162   Section        0  libinit2.o(.ARM.Collect$$libinit$$00000015)
    .ARM.Collect$$libinit$$00000017          0x08000162   Section        0  libinit2.o(.ARM.Collect$$libinit$$00000017)
    .ARM.Collect$$libinit$$00000019          0x08000162   Section        0  libinit2.o(.ARM.Collect$$libinit$$00000019)
    .ARM.Collect$$libinit$$0000001B          0x08000162   Section        0  libinit2.o(.ARM.Collect$$libinit$$0000001B)
    .ARM.Collect$$libinit$$0000001D          0x08000162   Section        0  libinit2.o(.ARM.Collect$$libinit$$0000001D)
    .ARM.Collect$$libinit$$0000001F          0x08000162   Section        0  libinit2.o(.ARM.Collect$$libinit$$0000001F)
    .ARM.Collect$$libinit$$00000021          0x08000162   Section        0  libinit2.o(.ARM.Collect$$libinit$$00000021)
    .ARM.Collect$$libinit$$00000023          0x08000162   Section        0  libinit2.o(.ARM.Collect$$libinit$$00000023)
    .ARM.Collect$$libinit$$00000025          0x08000162   Section        0  libinit2.o(.ARM.Collect$$libinit$$00000025)
    .ARM.Collect$$libinit$$0000002C          0x08000162   Section        0  libinit2.o(.ARM.Collect$$libinit$$0000002C)
    .ARM.Collect$$libinit$$0000002E          0x08000162   Section        0  libinit2.o(.ARM.Collect$$libinit$$0000002E)
    .ARM.Collect$$libinit$$00000030          0x08000162   Section        0  libinit2.o(.ARM.Collect$$libinit$$00000030)
    .ARM.Collect$$libinit$$00000032          0x08000162   Section        0  libinit2.o(.ARM.Collect$$libinit$$00000032)
    .ARM.Collect$$libinit$$00000033          0x08000162   Section        2  libinit2.o(.ARM.Collect$$libinit$$00000033)
    .ARM.Collect$$libshutdown$$00000000      0x08000164   Section        2  libshutdown.o(.ARM.Collect$$libshutdown$$00000000)
    .ARM.Collect$$libshutdown$$00000002      0x08000166   Section        0  libshutdown2.o(.ARM.Collect$$libshutdown$$00000002)
    .ARM.Collect$$libshutdown$$00000004      0x08000166   Section        0  libshutdown2.o(.ARM.Collect$$libshutdown$$00000004)
    .ARM.Collect$$libshutdown$$00000007      0x08000166   Section        0  libshutdown2.o(.ARM.Collect$$libshutdown$$00000007)
    .ARM.Collect$$libshutdown$$0000000A      0x08000166   Section        0  libshutdown2.o(.ARM.Collect$$libshutdown$$0000000A)
    .ARM.Collect$$libshutdown$$0000000C      0x08000166   Section        0  libshutdown2.o(.ARM.Collect$$libshutdown$$0000000C)
    .ARM.Collect$$libshutdown$$0000000F      0x08000166   Section        0  libshutdown2.o(.ARM.Collect$$libshutdown$$0000000F)
    .ARM.Collect$$libshutdown$$00000010      0x08000166   Section        2  libshutdown2.o(.ARM.Collect$$libshutdown$$00000010)
    .ARM.Collect$$rtentry$$00000000          0x08000168   Section        0  __rtentry.o(.ARM.Collect$$rtentry$$00000000)
    .ARM.Collect$$rtentry$$00000002          0x08000168   Section        0  __rtentry2.o(.ARM.Collect$$rtentry$$00000002)
    .ARM.Collect$$rtentry$$00000004          0x08000168   Section        6  __rtentry4.o(.ARM.Collect$$rtentry$$00000004)
    .ARM.Collect$$rtentry$$00000009          0x0800016e   Section        0  __rtentry2.o(.ARM.Collect$$rtentry$$00000009)
    .ARM.Collect$$rtentry$$0000000A          0x0800016e   Section        4  __rtentry2.o(.ARM.Collect$$rtentry$$0000000A)
    .ARM.Collect$$rtentry$$0000000C          0x08000172   Section        0  __rtentry2.o(.ARM.Collect$$rtentry$$0000000C)
    .ARM.Collect$$rtentry$$0000000D          0x08000172   Section        8  __rtentry2.o(.ARM.Collect$$rtentry$$0000000D)
    .ARM.Collect$$rtexit$$00000000           0x0800017a   Section        2  rtexit.o(.ARM.Collect$$rtexit$$00000000)
    .ARM.Collect$$rtexit$$00000002           0x0800017c   Section        0  rtexit2.o(.ARM.Collect$$rtexit$$00000002)
    .ARM.Collect$$rtexit$$00000003           0x0800017c   Section        4  rtexit2.o(.ARM.Collect$$rtexit$$00000003)
    .ARM.Collect$$rtexit$$00000004           0x08000180   Section        6  rtexit2.o(.ARM.Collect$$rtexit$$00000004)
    .text                                    0x08000188   Section       64  startup_stm32f10x_md.o(.text)
    .text                                    0x080001c8   Section        0  heapauxi.o(.text)
    .text                                    0x080001ce   Section       74  sys_stackheap_outer.o(.text)
    .text                                    0x08000218   Section        0  exit.o(.text)
    .text                                    0x0800022c   Section        8  libspace.o(.text)
    .text                                    0x08000234   Section        0  sys_exit.o(.text)
    .text                                    0x08000240   Section        2  use_no_semi.o(.text)
    .text                                    0x08000242   Section        0  indicate_semi.o(.text)
    i.BC26Connect                            0x08000244   Section        0  bc26.o(i.BC26Connect)
    i.BC26DataHandle                         0x08000250   Section        0  bc26rx.o(i.BC26DataHandle)
    i.BC26GetIPCheck                         0x080004a0   Section        0  bc26task_getip_check.o(i.BC26GetIPCheck)
    i.BC26GpioInit                           0x080006f0   Section        0  bc26.o(i.BC26GpioInit)
    i.BC26MQTTConn                           0x08000728   Section        0  bc26task_mqtt_conn.o(i.BC26MQTTConn)
    i.BC26MQTTInit                           0x08000a1c   Section        0  bc26task_mqtt_init.o(i.BC26MQTTInit)
    i.BC26MQTTOpen                           0x08000c84   Section        0  bc26task_mqtt_open.o(i.BC26MQTTOpen)
    i.BC26TaskInit                           0x08000fb8   Section        0  bc26.o(i.BC26TaskInit)
    i.BC26TxAtCommand                        0x08001028   Section        0  bc26tx.o(i.BC26TxAtCommand)
    i.BusFault_Handler                       0x08001070   Section        0  stm32f10x_it.o(i.BusFault_Handler)
    i.DebugMon_Handler                       0x08001074   Section        0  stm32f10x_it.o(i.DebugMon_Handler)
    i.DelayInit                              0x08001076   Section        0  delay.o(i.DelayInit)
    i.DelayMs                                0x08001088   Section        0  delay.o(i.DelayMs)
    i.GETDevicesID                           0x080010bc   Section        0  flash.o(i.GETDevicesID)
    i.GPIO_Init                              0x0800117c   Section        0  stm32f10x_gpio.o(i.GPIO_Init)
    i.GPIO_SetBits                           0x08001292   Section        0  stm32f10x_gpio.o(i.GPIO_SetBits)
    i.HardFault_Handler                      0x08001296   Section        0  stm32f10x_it.o(i.HardFault_Handler)
    i.InitTheSystem                          0x0800129c   Section        0  main.o(i.InitTheSystem)
    i.MemManage_Handler                      0x080012ec   Section        0  stm32f10x_it.o(i.MemManage_Handler)
    i.NMI_Handler                            0x080012f0   Section        0  stm32f10x_it.o(i.NMI_Handler)
    i.NVIC_Init                              0x080012f4   Section        0  misc.o(i.NVIC_Init)
    i.NVIC_PriorityGroupConfig               0x08001364   Section        0  misc.o(i.NVIC_PriorityGroupConfig)
    i.PendSV_Handler                         0x08001378   Section        0  stm32f10x_it.o(i.PendSV_Handler)
    i.QueueAdd                               0x0800137a   Section        0  circularqueue.o(i.QueueAdd)
    i.QueueSub                               0x080013b0   Section        0  circularqueue.o(i.QueueSub)
    i.RCC_APB1PeriphClockCmd                 0x080013e4   Section        0  stm32f10x_rcc.o(i.RCC_APB1PeriphClockCmd)
    i.RCC_APB1PeriphResetCmd                 0x08001404   Section        0  stm32f10x_rcc.o(i.RCC_APB1PeriphResetCmd)
    i.RCC_APB2PeriphClockCmd                 0x08001424   Section        0  stm32f10x_rcc.o(i.RCC_APB2PeriphClockCmd)
    i.RCC_APB2PeriphResetCmd                 0x08001444   Section        0  stm32f10x_rcc.o(i.RCC_APB2PeriphResetCmd)
    i.RCC_GetClocksFreq                      0x08001464   Section        0  stm32f10x_rcc.o(i.RCC_GetClocksFreq)
    i.RunTaskQueue                           0x08001538   Section        0  task.o(i.RunTaskQueue)
    i.SVC_Handler                            0x0800156c   Section        0  stm32f10x_it.o(i.SVC_Handler)
    i.SetSysClock                            0x0800156e   Section        0  system_stm32f10x.o(i.SetSysClock)
    SetSysClock                              0x0800156f   Thumb Code     8  system_stm32f10x.o(i.SetSysClock)
    i.SetSysClockTo72                        0x08001578   Section        0  system_stm32f10x.o(i.SetSysClockTo72)
    SetSysClockTo72                          0x08001579   Thumb Code   214  system_stm32f10x.o(i.SetSysClockTo72)
    i.StringEqual                            0x08001658   Section        0  flash.o(i.StringEqual)
    i.StringLength                           0x08001696   Section        0  flash.o(i.StringLength)
    i.SysTick_Handler                        0x080016a8   Section        0  stm32f10x_it.o(i.SysTick_Handler)
    i.SystemInit                             0x080016ac   Section        0  system_stm32f10x.o(i.SystemInit)
    i.SystickStops                           0x0800170c   Section        0  delay.o(i.SystickStops)
    i.TIM2_IRQHandler                        0x08001718   Section        0  timer.o(i.TIM2_IRQHandler)
    i.TIM_ClearITPendingBit                  0x08001778   Section        0  stm32f10x_tim.o(i.TIM_ClearITPendingBit)
    i.TIM_Cmd                                0x0800177e   Section        0  stm32f10x_tim.o(i.TIM_Cmd)
    i.TIM_GetITStatus                        0x08001796   Section        0  stm32f10x_tim.o(i.TIM_GetITStatus)
    i.TIM_ITConfig                           0x080017b8   Section        0  stm32f10x_tim.o(i.TIM_ITConfig)
    i.TIM_TimeBaseInit                       0x080017cc   Section        0  stm32f10x_tim.o(i.TIM_TimeBaseInit)
    i.TaskAdd                                0x08001870   Section        0  task.o(i.TaskAdd)
    i.TimeInit                               0x0800188e   Section        0  timer.o(i.TimeInit)
    i.TimerAdd                               0x080018f4   Section        0  timer.o(i.TimerAdd)
    i.TimerLoopTimeOut                       0x0800192c   Section        0  timer.o(i.TimerLoopTimeOut)
    i.TimerSub                               0x08001954   Section        0  timer.o(i.TimerSub)
    i.USART1_IRQHandler                      0x08001978   Section        0  usart.o(i.USART1_IRQHandler)
    i.USART3_IRQHandler                      0x080019a4   Section        0  usart.o(i.USART3_IRQHandler)
    i.USART_ClearFlag                        0x080019d8   Section        0  stm32f10x_usart.o(i.USART_ClearFlag)
    i.USART_ClearITPendingBit                0x080019ea   Section        0  stm32f10x_usart.o(i.USART_ClearITPendingBit)
    i.USART_Cmd                              0x08001a08   Section        0  stm32f10x_usart.o(i.USART_Cmd)
    i.USART_DeInit                           0x08001a20   Section        0  stm32f10x_usart.o(i.USART_DeInit)
    i.USART_GetFlagStatus                    0x08001abc   Section        0  stm32f10x_usart.o(i.USART_GetFlagStatus)
    i.USART_GetITStatus                      0x08001ad6   Section        0  stm32f10x_usart.o(i.USART_GetITStatus)
    i.USART_ITConfig                         0x08001b2a   Section        0  stm32f10x_usart.o(i.USART_ITConfig)
    i.USART_Init                             0x08001b74   Section        0  stm32f10x_usart.o(i.USART_Init)
    i.USART_ReceiveData                      0x08001c4c   Section        0  stm32f10x_usart.o(i.USART_ReceiveData)
    i.USART_SendData                         0x08001c56   Section        0  stm32f10x_usart.o(i.USART_SendData)
    i.UsageFault_Handler                     0x08001c5e   Section        0  stm32f10x_it.o(i.UsageFault_Handler)
    i.Usart1Init                             0x08001c64   Section        0  usart.o(i.Usart1Init)
    i.Usart3Init                             0x08001d14   Section        0  usart.o(i.Usart3Init)
    i.UsartSentData                          0x08001dc8   Section        0  usart.o(i.UsartSentData)
    i.UsartSentDatas                         0x08001de6   Section        0  usart.o(i.UsartSentDatas)
    i.main                                   0x08001e04   Section        0  main.o(i.main)
    .constdata                               0x08001e3c   Section       38  bc26task_getip_check.o(.constdata)
    .constdata                               0x08001e62   Section      139  bc26task_mqtt_init.o(.constdata)
    .constdata                               0x08001eed   Section       37  bc26task_mqtt_open.o(.constdata)
    .constdata                               0x08001f12   Section       37  bc26task_mqtt_conn.o(.constdata)
    .data                                    0x20000000   Section        9  timer.o(.data)
    .data                                    0x20000009   Section        2  usart.o(.data)
    RXData                                   0x20000009   Data           1  usart.o(.data)
    RXData                                   0x2000000a   Data           1  usart.o(.data)
    .data                                    0x2000000b   Section        6  bc26rx.o(.data)
    .data                                    0x20000011   Section        1  bc26tx.o(.data)
    .data                                    0x20000014   Section        4  bc26.o(.data)
    .data                                    0x20000018   Section        1  bc26task_device_check.o(.data)
    .data                                    0x20000019   Section        4  bc26task_getip_check.o(.data)
    CommandAsk                               0x2000001a   Data           1  bc26task_getip_check.o(.data)
    Index                                    0x2000001b   Data           1  bc26task_getip_check.o(.data)
    FailTimes                                0x2000001c   Data           1  bc26task_getip_check.o(.data)
    .data                                    0x2000001d   Section        3  bc26task_mqtt_init.o(.data)
    CommandAsk                               0x2000001e   Data           1  bc26task_mqtt_init.o(.data)
    Index                                    0x2000001f   Data           1  bc26task_mqtt_init.o(.data)
    .data                                    0x20000020   Section        4  bc26task_mqtt_open.o(.data)
    CommandAsk                               0x20000021   Data           1  bc26task_mqtt_open.o(.data)
    Index                                    0x20000022   Data           1  bc26task_mqtt_open.o(.data)
    FailTimes                                0x20000023   Data           1  bc26task_mqtt_open.o(.data)
    .data                                    0x20000024   Section        3  bc26task_mqtt_conn.o(.data)
    CommandAsk                               0x20000025   Data           1  bc26task_mqtt_conn.o(.data)
    Index                                    0x20000026   Data           1  bc26task_mqtt_conn.o(.data)
    .data                                    0x20000027   Section        3  bc26task_mqtt_sub.o(.data)
    CommandAsk                               0x20000028   Data           1  bc26task_mqtt_sub.o(.data)
    Index                                    0x20000029   Data           1  bc26task_mqtt_sub.o(.data)
    .data                                    0x2000002c   Section       80  flash.o(.data)
    FlashAddress                             0x20000078   Data           4  flash.o(.data)
    .data                                    0x2000007c   Section       20  stm32f10x_rcc.o(.data)
    APBAHBPrescTable                         0x2000007c   Data          16  stm32f10x_rcc.o(.data)
    ADCPrescTable                            0x2000008c   Data           4  stm32f10x_rcc.o(.data)
    .bss                                     0x20000090   Section     4204  bc26rx.o(.bss)
    .bss                                     0x200010fc   Section      160  bc26tx.o(.bss)
    .bss                                     0x2000119c   Section       60  bc26task_getip_check.o(.bss)
    CheckTimer                               0x200011b8   Data          32  bc26task_getip_check.o(.bss)
    .bss                                     0x200011d8   Section       60  bc26task_mqtt_init.o(.bss)
    CheckTimer                               0x200011f4   Data          32  bc26task_mqtt_init.o(.bss)
    .bss                                     0x20001214   Section       60  bc26task_mqtt_open.o(.bss)
    CheckTimer                               0x20001230   Data          32  bc26task_mqtt_open.o(.bss)
    .bss                                     0x20001250   Section       60  bc26task_mqtt_conn.o(.bss)
    CheckTimer                               0x2000126c   Data          32  bc26task_mqtt_conn.o(.bss)
    .bss                                     0x2000128c   Section       60  bc26task_mqtt_sub.o(.bss)
    CheckTimer                               0x200012a8   Data          32  bc26task_mqtt_sub.o(.bss)
    .bss                                     0x200012c8   Section       60  bc26task_mqtt_pub.o(.bss)
    CheckTimer                               0x200012e4   Data          32  bc26task_mqtt_pub.o(.bss)
    .bss                                     0x20001304   Section       25  flash.o(.bss)
    .bss                                     0x20001320   Section       96  libspace.o(.bss)
    HEAP                                     0x20001380   Section      512  startup_stm32f10x_md.o(HEAP)
    Heap_Mem                                 0x20001380   Data         512  startup_stm32f10x_md.o(HEAP)
    STACK                                    0x20001580   Section     1024  startup_stm32f10x_md.o(STACK)
    Stack_Mem                                0x20001580   Data        1024  startup_stm32f10x_md.o(STACK)
    __initial_sp                             0x20001980   Data           0  startup_stm32f10x_md.o(STACK)

    Global Symbols

    Symbol Name                              Value     Ov Type        Size  Object(Section)

    BuildAttributes$$THM_ISAv4$P$D$K$B$S$PE$A:L22UL41UL21$X:L11$S22US41US21$IEEE1$IW$USESV6$~STKCKD$USESV7$~SHL$OSPACE$ROPI$EBA8$UX$STANDARDLIB$REQ8$PRES8$EABIv2 0x00000000   Number         0  anon$$obj.o ABSOLUTE
    __ARM_use_no_argv                        0x00000000   Number         0  main.o ABSOLUTE
    __ARM_exceptions_init                     - Undefined Weak Reference
    __alloca_initialize                       - Undefined Weak Reference
    __arm_preinit_                            - Undefined Weak Reference
    __cpp_initialize__aeabi_                  - Undefined Weak Reference
    __cxa_finalize                            - Undefined Weak Reference
    __rt_locale                               - Undefined Weak Reference
    __sigvec_lookup                           - Undefined Weak Reference
    _atexit_init                              - Undefined Weak Reference
    _call_atexit_fns                          - Undefined Weak Reference
    _clock_init                               - Undefined Weak Reference
    _fp_trap_init                             - Undefined Weak Reference
    _fp_trap_shutdown                         - Undefined Weak Reference
    _get_lc_collate                           - Undefined Weak Reference
    _get_lc_ctype                             - Undefined Weak Reference
    _get_lc_monetary                          - Undefined Weak Reference
    _get_lc_numeric                           - Undefined Weak Reference
    _get_lc_time                              - Undefined Weak Reference
    _getenv_init                              - Undefined Weak Reference
    _handle_redirection                       - Undefined Weak Reference
    _init_alloc                               - Undefined Weak Reference
    _init_user_alloc                          - Undefined Weak Reference
    _initio                                   - Undefined Weak Reference
    _rand_init                                - Undefined Weak Reference
    _signal_finish                            - Undefined Weak Reference
    _signal_init                              - Undefined Weak Reference
    _terminate_alloc                          - Undefined Weak Reference
    _terminate_user_alloc                     - Undefined Weak Reference
    _terminateio                              - Undefined Weak Reference
    __Vectors_Size                           0x000000ec   Number         0  startup_stm32f10x_md.o ABSOLUTE
    __Vectors                                0x08000000   Data           4  startup_stm32f10x_md.o(RESET)
    __Vectors_End                            0x080000ec   Data           0  startup_stm32f10x_md.o(RESET)
    __main                                   0x080000ed   Thumb Code     8  __main.o(!!!main)
    __scatterload                            0x080000f5   Thumb Code     0  __scatter.o(!!!scatter)
    __scatterload_rt2                        0x080000f5   Thumb Code    44  __scatter.o(!!!scatter)
    __scatterload_rt2_thumb_only             0x080000f5   Thumb Code     0  __scatter.o(!!!scatter)
    __scatterload_null                       0x08000103   Thumb Code     0  __scatter.o(!!!scatter)
    __scatterload_copy                       0x08000129   Thumb Code    26  __scatter_copy.o(!!handler_copy)
    __scatterload_zeroinit                   0x08000145   Thumb Code    28  __scatter_zi.o(!!handler_zi)
    __rt_lib_init                            0x08000161   Thumb Code     0  libinit.o(.ARM.Collect$$libinit$$00000000)
    __rt_lib_init_alloca_1                   0x08000163   Thumb Code     0  libinit2.o(.ARM.Collect$$libinit$$0000002E)
    __rt_lib_init_argv_1                     0x08000163   Thumb Code     0  libinit2.o(.ARM.Collect$$libinit$$0000002C)
    __rt_lib_init_atexit_1                   0x08000163   Thumb Code     0  libinit2.o(.ARM.Collect$$libinit$$0000001B)
    __rt_lib_init_clock_1                    0x08000163   Thumb Code     0  libinit2.o(.ARM.Collect$$libinit$$00000021)
    __rt_lib_init_cpp_1                      0x08000163   Thumb Code     0  libinit2.o(.ARM.Collect$$libinit$$00000032)
    __rt_lib_init_exceptions_1               0x08000163   Thumb Code     0  libinit2.o(.ARM.Collect$$libinit$$00000030)
    __rt_lib_init_fp_1                       0x08000163   Thumb Code     0  libinit2.o(.ARM.Collect$$libinit$$00000002)
    __rt_lib_init_fp_trap_1                  0x08000163   Thumb Code     0  libinit2.o(.ARM.Collect$$libinit$$0000001F)
    __rt_lib_init_getenv_1                   0x08000163   Thumb Code     0  libinit2.o(.ARM.Collect$$libinit$$00000023)
    __rt_lib_init_heap_1                     0x08000163   Thumb Code     0  libinit2.o(.ARM.Collect$$libinit$$0000000A)
    __rt_lib_init_lc_collate_1               0x08000163   Thumb Code     0  libinit2.o(.ARM.Collect$$libinit$$00000011)
    __rt_lib_init_lc_ctype_1                 0x08000163   Thumb Code     0  libinit2.o(.ARM.Collect$$libinit$$00000013)
    __rt_lib_init_lc_monetary_1              0x08000163   Thumb Code     0  libinit2.o(.ARM.Collect$$libinit$$00000015)
    __rt_lib_init_lc_numeric_1               0x08000163   Thumb Code     0  libinit2.o(.ARM.Collect$$libinit$$00000017)
    __rt_lib_init_lc_time_1                  0x08000163   Thumb Code     0  libinit2.o(.ARM.Collect$$libinit$$00000019)
    __rt_lib_init_preinit_1                  0x08000163   Thumb Code     0  libinit2.o(.ARM.Collect$$libinit$$00000004)
    __rt_lib_init_rand_1                     0x08000163   Thumb Code     0  libinit2.o(.ARM.Collect$$libinit$$0000000E)
    __rt_lib_init_return                     0x08000163   Thumb Code     0  libinit2.o(.ARM.Collect$$libinit$$00000033)
    __rt_lib_init_signal_1                   0x08000163   Thumb Code     0  libinit2.o(.ARM.Collect$$libinit$$0000001D)
    __rt_lib_init_stdio_1                    0x08000163   Thumb Code     0  libinit2.o(.ARM.Collect$$libinit$$00000025)
    __rt_lib_init_user_alloc_1               0x08000163   Thumb Code     0  libinit2.o(.ARM.Collect$$libinit$$0000000C)
    __rt_lib_shutdown                        0x08000165   Thumb Code     0  libshutdown.o(.ARM.Collect$$libshutdown$$00000000)
    __rt_lib_shutdown_cpp_1                  0x08000167   Thumb Code     0  libshutdown2.o(.ARM.Collect$$libshutdown$$00000002)
    __rt_lib_shutdown_fp_trap_1              0x08000167   Thumb Code     0  libshutdown2.o(.ARM.Collect$$libshutdown$$00000007)
    __rt_lib_shutdown_heap_1                 0x08000167   Thumb Code     0  libshutdown2.o(.ARM.Collect$$libshutdown$$0000000F)
    __rt_lib_shutdown_return                 0x08000167   Thumb Code     0  libshutdown2.o(.ARM.Collect$$libshutdown$$00000010)
    __rt_lib_shutdown_signal_1               0x08000167   Thumb Code     0  libshutdown2.o(.ARM.Collect$$libshutdown$$0000000A)
    __rt_lib_shutdown_stdio_1                0x08000167   Thumb Code     0  libshutdown2.o(.ARM.Collect$$libshutdown$$00000004)
    __rt_lib_shutdown_user_alloc_1           0x08000167   Thumb Code     0  libshutdown2.o(.ARM.Collect$$libshutdown$$0000000C)
    __rt_entry                               0x08000169   Thumb Code     0  __rtentry.o(.ARM.Collect$$rtentry$$00000000)
    __rt_entry_presh_1                       0x08000169   Thumb Code     0  __rtentry2.o(.ARM.Collect$$rtentry$$00000002)
    __rt_entry_sh                            0x08000169   Thumb Code     0  __rtentry4.o(.ARM.Collect$$rtentry$$00000004)
    __rt_entry_li                            0x0800016f   Thumb Code     0  __rtentry2.o(.ARM.Collect$$rtentry$$0000000A)
    __rt_entry_postsh_1                      0x0800016f   Thumb Code     0  __rtentry2.o(.ARM.Collect$$rtentry$$00000009)
    __rt_entry_main                          0x08000173   Thumb Code     0  __rtentry2.o(.ARM.Collect$$rtentry$$0000000D)
    __rt_entry_postli_1                      0x08000173   Thumb Code     0  __rtentry2.o(.ARM.Collect$$rtentry$$0000000C)
    __rt_exit                                0x0800017b   Thumb Code     0  rtexit.o(.ARM.Collect$$rtexit$$00000000)
    __rt_exit_ls                             0x0800017d   Thumb Code     0  rtexit2.o(.ARM.Collect$$rtexit$$00000003)
    __rt_exit_prels_1                        0x0800017d   Thumb Code     0  rtexit2.o(.ARM.Collect$$rtexit$$00000002)
    __rt_exit_exit                           0x08000181   Thumb Code     0  rtexit2.o(.ARM.Collect$$rtexit$$00000004)
    Reset_Handler                            0x08000189   Thumb Code     8  startup_stm32f10x_md.o(.text)
    ADC1_2_IRQHandler                        0x080001a3   Thumb Code     0  startup_stm32f10x_md.o(.text)
    CAN1_RX1_IRQHandler                      0x080001a3   Thumb Code     0  startup_stm32f10x_md.o(.text)
    CAN1_SCE_IRQHandler                      0x080001a3   Thumb Code     0  startup_stm32f10x_md.o(.text)
    DMA1_Channel1_IRQHandler                 0x080001a3   Thumb Code     0  startup_stm32f10x_md.o(.text)
    DMA1_Channel2_IRQHandler                 0x080001a3   Thumb Code     0  startup_stm32f10x_md.o(.text)
    DMA1_Channel3_IRQHandler                 0x080001a3   Thumb Code     0  startup_stm32f10x_md.o(.text)
    DMA1_Channel4_IRQHandler                 0x080001a3   Thumb Code     0  startup_stm32f10x_md.o(.text)
    DMA1_Channel5_IRQHandler                 0x080001a3   Thumb Code     0  startup_stm32f10x_md.o(.text)
    DMA1_Channel6_IRQHandler                 0x080001a3   Thumb Code     0  startup_stm32f10x_md.o(.text)
    DMA1_Channel7_IRQHandler                 0x080001a3   Thumb Code     0  startup_stm32f10x_md.o(.text)
    EXTI0_IRQHandler                         0x080001a3   Thumb Code     0  startup_stm32f10x_md.o(.text)
    EXTI15_10_IRQHandler                     0x080001a3   Thumb Code     0  startup_stm32f10x_md.o(.text)
    EXTI1_IRQHandler                         0x080001a3   Thumb Code     0  startup_stm32f10x_md.o(.text)
    EXTI2_IRQHandler                         0x080001a3   Thumb Code     0  startup_stm32f10x_md.o(.text)
    EXTI3_IRQHandler                         0x080001a3   Thumb Code     0  startup_stm32f10x_md.o(.text)
    EXTI4_IRQHandler                         0x080001a3   Thumb Code     0  startup_stm32f10x_md.o(.text)
    EXTI9_5_IRQHandler                       0x080001a3   Thumb Code     0  startup_stm32f10x_md.o(.text)
    FLASH_IRQHandler                         0x080001a3   Thumb Code     0  startup_stm32f10x_md.o(.text)
    I2C1_ER_IRQHandler                       0x080001a3   Thumb Code     0  startup_stm32f10x_md.o(.text)
    I2C1_EV_IRQHandler                       0x080001a3   Thumb Code     0  startup_stm32f10x_md.o(.text)
    I2C2_ER_IRQHandler                       0x080001a3   Thumb Code     0  startup_stm32f10x_md.o(.text)
    I2C2_EV_IRQHandler                       0x080001a3   Thumb Code     0  startup_stm32f10x_md.o(.text)
    PVD_IRQHandler                           0x080001a3   Thumb Code     0  startup_stm32f10x_md.o(.text)
    RCC_IRQHandler                           0x080001a3   Thumb Code     0  startup_stm32f10x_md.o(.text)
    RTCAlarm_IRQHandler                      0x080001a3   Thumb Code     0  startup_stm32f10x_md.o(.text)
    RTC_IRQHandler                           0x080001a3   Thumb Code     0  startup_stm32f10x_md.o(.text)
    SPI1_IRQHandler                          0x080001a3   Thumb Code     0  startup_stm32f10x_md.o(.text)
    SPI2_IRQHandler                          0x080001a3   Thumb Code     0  startup_stm32f10x_md.o(.text)
    TAMPER_IRQHandler                        0x080001a3   Thumb Code     0  startup_stm32f10x_md.o(.text)
    TIM1_BRK_IRQHandler                      0x080001a3   Thumb Code     0  startup_stm32f10x_md.o(.text)
    TIM1_CC_IRQHandler                       0x080001a3   Thumb Code     0  startup_stm32f10x_md.o(.text)
    TIM1_TRG_COM_IRQHandler                  0x080001a3   Thumb Code     0  startup_stm32f10x_md.o(.text)
    TIM1_UP_IRQHandler                       0x080001a3   Thumb Code     0  startup_stm32f10x_md.o(.text)
    TIM3_IRQHandler                          0x080001a3   Thumb Code     0  startup_stm32f10x_md.o(.text)
    TIM4_IRQHandler                          0x080001a3   Thumb Code     0  startup_stm32f10x_md.o(.text)
    USART2_IRQHandler                        0x080001a3   Thumb Code     0  startup_stm32f10x_md.o(.text)
    USBWakeUp_IRQHandler                     0x080001a3   Thumb Code     0  startup_stm32f10x_md.o(.text)
    USB_HP_CAN1_TX_IRQHandler                0x080001a3   Thumb Code     0  startup_stm32f10x_md.o(.text)
    USB_LP_CAN1_RX0_IRQHandler               0x080001a3   Thumb Code     0  startup_stm32f10x_md.o(.text)
    WWDG_IRQHandler                          0x080001a3   Thumb Code     0  startup_stm32f10x_md.o(.text)
    __user_initial_stackheap                 0x080001a5   Thumb Code     0  startup_stm32f10x_md.o(.text)
    __use_two_region_memory                  0x080001c9   Thumb Code     2  heapauxi.o(.text)
    __rt_heap_escrow$2region                 0x080001cb   Thumb Code     2  heapauxi.o(.text)
    __rt_heap_expand$2region                 0x080001cd   Thumb Code     2  heapauxi.o(.text)
    __user_setup_stackheap                   0x080001cf   Thumb Code    74  sys_stackheap_outer.o(.text)
    exit                                     0x08000219   Thumb Code    18  exit.o(.text)
    __user_libspace                          0x0800022d   Thumb Code     8  libspace.o(.text)
    __user_perproc_libspace                  0x0800022d   Thumb Code     0  libspace.o(.text)
    __user_perthread_libspace                0x0800022d   Thumb Code     0  libspace.o(.text)
    _sys_exit                                0x08000235   Thumb Code     8  sys_exit.o(.text)
    __I$use$semihosting                      0x08000241   Thumb Code     0  use_no_semi.o(.text)
    __use_no_semihosting_swi                 0x08000241   Thumb Code     2  use_no_semi.o(.text)
    __semihosting_library_function           0x08000243   Thumb Code     0  indicate_semi.o(.text)
    BC26Connect                              0x08000245   Thumb Code     8  bc26.o(i.BC26Connect)
    BC26DataHandle                           0x08000251   Thumb Code   536  bc26rx.o(i.BC26DataHandle)
    BC26GetIPCheck                           0x080004a1   Thumb Code   500  bc26task_getip_check.o(i.BC26GetIPCheck)
    BC26GpioInit                             0x080006f1   Thumb Code    50  bc26.o(i.BC26GpioInit)
    BC26MQTTConn                             0x08000729   Thumb Code   628  bc26task_mqtt_conn.o(i.BC26MQTTConn)
    BC26MQTTInit                             0x08000a1d   Thumb Code   476  bc26task_mqtt_init.o(i.BC26MQTTInit)
    BC26MQTTOpen                             0x08000c85   Thumb Code   702  bc26task_mqtt_open.o(i.BC26MQTTOpen)
    BC26TaskInit                             0x08000fb9   Thumb Code    68  bc26.o(i.BC26TaskInit)
    BC26TxAtCommand                          0x08001029   Thumb Code    56  bc26tx.o(i.BC26TxAtCommand)
    BusFault_Handler                         0x08001071   Thumb Code     4  stm32f10x_it.o(i.BusFault_Handler)
    DebugMon_Handler                         0x08001075   Thumb Code     2  stm32f10x_it.o(i.DebugMon_Handler)
    DelayInit                                0x08001077   Thumb Code    18  delay.o(i.DelayInit)
    DelayMs                                  0x08001089   Thumb Code    52  delay.o(i.DelayMs)
    GETDevicesID                             0x080010bd   Thumb Code   184  flash.o(i.GETDevicesID)
    GPIO_Init                                0x0800117d   Thumb Code   278  stm32f10x_gpio.o(i.GPIO_Init)
    GPIO_SetBits                             0x08001293   Thumb Code     4  stm32f10x_gpio.o(i.GPIO_SetBits)
    HardFault_Handler                        0x08001297   Thumb Code     4  stm32f10x_it.o(i.HardFault_Handler)
    InitTheSystem                            0x0800129d   Thumb Code    56  main.o(i.InitTheSystem)
    MemManage_Handler                        0x080012ed   Thumb Code     4  stm32f10x_it.o(i.MemManage_Handler)
    NMI_Handler                              0x080012f1   Thumb Code     2  stm32f10x_it.o(i.NMI_Handler)
    NVIC_Init                                0x080012f5   Thumb Code   100  misc.o(i.NVIC_Init)
    NVIC_PriorityGroupConfig                 0x08001365   Thumb Code    10  misc.o(i.NVIC_PriorityGroupConfig)
    PendSV_Handler                           0x08001379   Thumb Code     2  stm32f10x_it.o(i.PendSV_Handler)
    QueueAdd                                 0x0800137b   Thumb Code    54  circularqueue.o(i.QueueAdd)
    QueueSub                                 0x080013b1   Thumb Code    52  circularqueue.o(i.QueueSub)
    RCC_APB1PeriphClockCmd                   0x080013e5   Thumb Code    26  stm32f10x_rcc.o(i.RCC_APB1PeriphClockCmd)
    RCC_APB1PeriphResetCmd                   0x08001405   Thumb Code    26  stm32f10x_rcc.o(i.RCC_APB1PeriphResetCmd)
    RCC_APB2PeriphClockCmd                   0x08001425   Thumb Code    26  stm32f10x_rcc.o(i.RCC_APB2PeriphClockCmd)
    RCC_APB2PeriphResetCmd                   0x08001445   Thumb Code    26  stm32f10x_rcc.o(i.RCC_APB2PeriphResetCmd)
    RCC_GetClocksFreq                        0x08001465   Thumb Code   192  stm32f10x_rcc.o(i.RCC_GetClocksFreq)
    RunTaskQueue                             0x08001539   Thumb Code    52  task.o(i.RunTaskQueue)
    SVC_Handler                              0x0800156d   Thumb Code     2  stm32f10x_it.o(i.SVC_Handler)
    StringEqual                              0x08001659   Thumb Code    62  flash.o(i.StringEqual)
    StringLength                             0x08001697   Thumb Code    18  flash.o(i.StringLength)
    SysTick_Handler                          0x080016a9   Thumb Code     2  stm32f10x_it.o(i.SysTick_Handler)
    SystemInit                               0x080016ad   Thumb Code    78  system_stm32f10x.o(i.SystemInit)
    SystickStops                             0x0800170d   Thumb Code    12  delay.o(i.SystickStops)
    TIM2_IRQHandler                          0x08001719   Thumb Code    84  timer.o(i.TIM2_IRQHandler)
    TIM_ClearITPendingBit                    0x08001779   Thumb Code     6  stm32f10x_tim.o(i.TIM_ClearITPendingBit)
    TIM_Cmd                                  0x0800177f   Thumb Code    24  stm32f10x_tim.o(i.TIM_Cmd)
    TIM_GetITStatus                          0x08001797   Thumb Code    34  stm32f10x_tim.o(i.TIM_GetITStatus)
    TIM_ITConfig                             0x080017b9   Thumb Code    18  stm32f10x_tim.o(i.TIM_ITConfig)
    TIM_TimeBaseInit                         0x080017cd   Thumb Code   122  stm32f10x_tim.o(i.TIM_TimeBaseInit)
    TaskAdd                                  0x08001871   Thumb Code    30  task.o(i.TaskAdd)
    TimeInit                                 0x0800188f   Thumb Code   102  timer.o(i.TimeInit)
    TimerAdd                                 0x080018f5   Thumb Code    48  timer.o(i.TimerAdd)
    TimerLoopTimeOut                         0x0800192d   Thumb Code    40  timer.o(i.TimerLoopTimeOut)
    TimerSub                                 0x08001955   Thumb Code    32  timer.o(i.TimerSub)
    USART1_IRQHandler                        0x08001979   Thumb Code    36  usart.o(i.USART1_IRQHandler)
    USART3_IRQHandler                        0x080019a5   Thumb Code    44  usart.o(i.USART3_IRQHandler)
    USART_ClearFlag                          0x080019d9   Thumb Code    18  stm32f10x_usart.o(i.USART_ClearFlag)
    USART_ClearITPendingBit                  0x080019eb   Thumb Code    30  stm32f10x_usart.o(i.USART_ClearITPendingBit)
    USART_Cmd                                0x08001a09   Thumb Code    24  stm32f10x_usart.o(i.USART_Cmd)
    USART_DeInit                             0x08001a21   Thumb Code   134  stm32f10x_usart.o(i.USART_DeInit)
    USART_GetFlagStatus                      0x08001abd   Thumb Code    26  stm32f10x_usart.o(i.USART_GetFlagStatus)
    USART_GetITStatus                        0x08001ad7   Thumb Code    84  stm32f10x_usart.o(i.USART_GetITStatus)
    USART_ITConfig                           0x08001b2b   Thumb Code    74  stm32f10x_usart.o(i.USART_ITConfig)
    USART_Init                               0x08001b75   Thumb Code   210  stm32f10x_usart.o(i.USART_Init)
    USART_ReceiveData                        0x08001c4d   Thumb Code    10  stm32f10x_usart.o(i.USART_ReceiveData)
    USART_SendData                           0x08001c57   Thumb Code     8  stm32f10x_usart.o(i.USART_SendData)
    UsageFault_Handler                       0x08001c5f   Thumb Code     4  stm32f10x_it.o(i.UsageFault_Handler)
    Usart1Init                               0x08001c65   Thumb Code   168  usart.o(i.Usart1Init)
    Usart3Init                               0x08001d15   Thumb Code   172  usart.o(i.Usart3Init)
    UsartSentData                            0x08001dc9   Thumb Code    30  usart.o(i.UsartSentData)
    UsartSentDatas                           0x08001de7   Thumb Code    30  usart.o(i.UsartSentDatas)
    main                                     0x08001e05   Thumb Code    30  main.o(i.main)
    COMMAND_IP_CHECK                         0x08001e3c   Data          12  bc26task_getip_check.o(.constdata)
    COMMAND_IP_ACT                           0x08001e48   Data          13  bc26task_getip_check.o(.constdata)
    COMMAND_IP_DEACT                         0x08001e55   Data          13  bc26task_getip_check.o(.constdata)
    COMMAND_MQTT_INIT_KEEPALIVE              0x08001e62   Data          29  bc26task_mqtt_init.o(.constdata)
    COMMAND_MQTT_INIT_SESSION                0x08001e7f   Data          26  bc26task_mqtt_init.o(.constdata)
    COMMAND_MQTT_INIT_TIMEOUT                0x08001e99   Data          32  bc26task_mqtt_init.o(.constdata)
    COMMAND_MQTT_INIT_WILL                   0x08001eb9   Data          52  bc26task_mqtt_init.o(.constdata)
    COMMAND_MQTT_OPEN_CHECK                  0x08001eed   Data          14  bc26task_mqtt_open.o(.constdata)
    COMMAND_MQTT_OPEN_SET1                   0x08001efb   Data          15  bc26task_mqtt_open.o(.constdata)
    COMMAND_MQTT_OPEN_SET2                   0x08001f0a   Data           4  bc26task_mqtt_open.o(.constdata)
    COMMAND_MQTT_OPEN_SET3                   0x08001f0e   Data           4  bc26task_mqtt_open.o(.constdata)
    COMMAND_MQTT_CONN_CHECK                  0x08001f12   Data          14  bc26task_mqtt_conn.o(.constdata)
    COMMAND_MQTT_CONN_SET1                   0x08001f20   Data          15  bc26task_mqtt_conn.o(.constdata)
    COMMAND_MQTT_CONN_SET2                   0x08001f2f   Data           4  bc26task_mqtt_conn.o(.constdata)
    COMMAND_MQTT_CONN_SET3                   0x08001f33   Data           4  bc26task_mqtt_conn.o(.constdata)
    Region$$Table$$Base                      0x08001f38   Number         0  anon$$obj.o(Region$$Table)
    Region$$Table$$Limit                     0x08001f58   Number         0  anon$$obj.o(Region$$Table)
    StartTimer                               0x20000000   Data           4  timer.o(.data)
    TimerTemp                                0x20000004   Data           4  timer.o(.data)
    SkipThisinterrupt                        0x20000008   Data           1  timer.o(.data)
    BC26RxCommStartFlag                      0x2000000b   Data           1  bc26rx.o(.data)
    BC26RxRow                                0x2000000c   Data           1  bc26rx.o(.data)
    BC26RxSpecialRXRow                       0x2000000d   Data           1  bc26rx.o(.data)
    BC26RxATStartRow                         0x2000000e   Data           1  bc26rx.o(.data)
    BC26RxATEndRow                           0x2000000f   Data           1  bc26rx.o(.data)
    BC26RxATStatus                           0x20000010   Data           1  bc26rx.o(.data)
    BC26TxBuffersStatus                      0x20000011   Data           1  bc26tx.o(.data)
    BC26StartTask                            0x20000014   Data           4  bc26.o(.data)
    BC26ConnectStatus                        0x20000018   Data           1  bc26task_device_check.o(.data)
    BC26GetIP                                0x20000019   Data           1  bc26task_getip_check.o(.data)
    BC26MQTTInited                           0x2000001d   Data           1  bc26task_mqtt_init.o(.data)
    BC26MQTTOpened                           0x20000020   Data           1  bc26task_mqtt_open.o(.data)
    BC26MQTTConned                           0x20000024   Data           1  bc26task_mqtt_conn.o(.data)
    BC26MQTTSubed                            0x20000027   Data           1  bc26task_mqtt_sub.o(.data)
    IPAddr                                   0x2000002c   Data          16  flash.o(.data)
    Port                                     0x2000003c   Data           6  flash.o(.data)
    ClientID                                 0x20000042   Data          17  flash.o(.data)
    Username                                 0x20000053   Data          17  flash.o(.data)
    Password                                 0x20000064   Data          17  flash.o(.data)
    BC26RxBuffer                             0x20000090   Data        2048  bc26rx.o(.bss)
    BC26RxLength                             0x20000890   Data          16  bc26rx.o(.bss)
    BC26RxError                              0x200008a0   Data          16  bc26rx.o(.bss)
    BC26RxSpecialRX                          0x200008b0   Data        2048  bc26rx.o(.bss)
    BC26RxSpecialRXLength                    0x200010b0   Data          16  bc26rx.o(.bss)
    BC26RxSpecialRXError                     0x200010c0   Data          16  bc26rx.o(.bss)
    BC26RxSpecialRXNew                       0x200010d0   Data          16  bc26rx.o(.bss)
    BC26ResponseCheckTask                    0x200010e0   Data          28  bc26rx.o(.bss)
    BC26TxBuffers                            0x200010fc   Data         129  bc26tx.o(.bss)
    BC26TxAtCommandTask                      0x20001180   Data          28  bc26tx.o(.bss)
    BC26GetIPCheckTask                       0x2000119c   Data          28  bc26task_getip_check.o(.bss)
    BC26MQTTInitTask                         0x200011d8   Data          28  bc26task_mqtt_init.o(.bss)
    BC26MQTTOpenTask                         0x20001214   Data          28  bc26task_mqtt_open.o(.bss)
    BC26MQTTConnTask                         0x20001250   Data          28  bc26task_mqtt_conn.o(.bss)
    BC26MQTTSubTask                          0x2000128c   Data          28  bc26task_mqtt_sub.o(.bss)
    BC26MQTTSPubTask                         0x200012c8   Data          28  bc26task_mqtt_pub.o(.bss)
    DevicesID                                0x20001304   Data          25  flash.o(.bss)
    __libspace_start                         0x20001320   Data          96  libspace.o(.bss)
    __temporary_stack_top$libspace           0x20001380   Data           0  libspace.o(.bss)



==============================================================================

Memory Map of the image

  Image Entry point : 0x080000ed

  Load Region LR_IROM1 (Base: 0x08000000, Size: 0x00001fe8, Max: 0x00010000, ABSOLUTE)

    Execution Region ER_IROM1 (Exec base: 0x08000000, Load base: 0x08000000, Size: 0x00001f58, Max: 0x00010000, ABSOLUTE)

    Exec Addr    Load Addr    Size         Type   Attr      Idx    E Section Name        Object

    0x08000000   0x08000000   0x000000ec   Data   RO          246    RESET               startup_stm32f10x_md.o
    0x080000ec   0x080000ec   0x00000008   Code   RO         4004  * !!!main             c_w.l(__main.o)
    0x080000f4   0x080000f4   0x00000034   Code   RO         4194    !!!scatter          c_w.l(__scatter.o)
    0x08000128   0x08000128   0x0000001a   Code   RO         4196    !!handler_copy      c_w.l(__scatter_copy.o)
    0x08000142   0x08000142   0x00000002   PAD
    0x08000144   0x08000144   0x0000001c   Code   RO         4198    !!handler_zi        c_w.l(__scatter_zi.o)
    0x08000160   0x08000160   0x00000002   Code   RO         4064    .ARM.Collect$$libinit$$00000000  c_w.l(libinit.o)
    0x08000162   0x08000162   0x00000000   Code   RO         4071    .ARM.Collect$$libinit$$00000002  c_w.l(libinit2.o)
    0x08000162   0x08000162   0x00000000   Code   RO         4073    .ARM.Collect$$libinit$$00000004  c_w.l(libinit2.o)
    0x08000162   0x08000162   0x00000000   Code   RO         4076    .ARM.Collect$$libinit$$0000000A  c_w.l(libinit2.o)
    0x08000162   0x08000162   0x00000000   Code   RO         4078    .ARM.Collect$$libinit$$0000000C  c_w.l(libinit2.o)
    0x08000162   0x08000162   0x00000000   Code   RO         4080    .ARM.Collect$$libinit$$0000000E  c_w.l(libinit2.o)
    0x08000162   0x08000162   0x00000000   Code   RO         4083    .ARM.Collect$$libinit$$00000011  c_w.l(libinit2.o)
    0x08000162   0x08000162   0x00000000   Code   RO         4085    .ARM.Collect$$libinit$$00000013  c_w.l(libinit2.o)
    0x08000162   0x08000162   0x00000000   Code   RO         4087    .ARM.Collect$$libinit$$00000015  c_w.l(libinit2.o)
    0x08000162   0x08000162   0x00000000   Code   RO         4089    .ARM.Collect$$libinit$$00000017  c_w.l(libinit2.o)
    0x08000162   0x08000162   0x00000000   Code   RO         4091    .ARM.Collect$$libinit$$00000019  c_w.l(libinit2.o)
    0x08000162   0x08000162   0x00000000   Code   RO         4093    .ARM.Collect$$libinit$$0000001B  c_w.l(libinit2.o)
    0x08000162   0x08000162   0x00000000   Code   RO         4095    .ARM.Collect$$libinit$$0000001D  c_w.l(libinit2.o)
    0x08000162   0x08000162   0x00000000   Code   RO         4097    .ARM.Collect$$libinit$$0000001F  c_w.l(libinit2.o)
    0x08000162   0x08000162   0x00000000   Code   RO         4099    .ARM.Collect$$libinit$$00000021  c_w.l(libinit2.o)
    0x08000162   0x08000162   0x00000000   Code   RO         4101    .ARM.Collect$$libinit$$00000023  c_w.l(libinit2.o)
    0x08000162   0x08000162   0x00000000   Code   RO         4103    .ARM.Collect$$libinit$$00000025  c_w.l(libinit2.o)
    0x08000162   0x08000162   0x00000000   Code   RO         4107    .ARM.Collect$$libinit$$0000002C  c_w.l(libinit2.o)
    0x08000162   0x08000162   0x00000000   Code   RO         4109    .ARM.Collect$$libinit$$0000002E  c_w.l(libinit2.o)
    0x08000162   0x08000162   0x00000000   Code   RO         4111    .ARM.Collect$$libinit$$00000030  c_w.l(libinit2.o)
    0x08000162   0x08000162   0x00000000   Code   RO         4113    .ARM.Collect$$libinit$$00000032  c_w.l(libinit2.o)
    0x08000162   0x08000162   0x00000002   Code   RO         4114    .ARM.Collect$$libinit$$00000033  c_w.l(libinit2.o)
    0x08000164   0x08000164   0x00000002   Code   RO         4134    .ARM.Collect$$libshutdown$$00000000  c_w.l(libshutdown.o)
    0x08000166   0x08000166   0x00000000   Code   RO         4147    .ARM.Collect$$libshutdown$$00000002  c_w.l(libshutdown2.o)
    0x08000166   0x08000166   0x00000000   Code   RO         4149    .ARM.Collect$$libshutdown$$00000004  c_w.l(libshutdown2.o)
    0x08000166   0x08000166   0x00000000   Code   RO         4152    .ARM.Collect$$libshutdown$$00000007  c_w.l(libshutdown2.o)
    0x08000166   0x08000166   0x00000000   Code   RO         4155    .ARM.Collect$$libshutdown$$0000000A  c_w.l(libshutdown2.o)
    0x08000166   0x08000166   0x00000000   Code   RO         4157    .ARM.Collect$$libshutdown$$0000000C  c_w.l(libshutdown2.o)
    0x08000166   0x08000166   0x00000000   Code   RO         4160    .ARM.Collect$$libshutdown$$0000000F  c_w.l(libshutdown2.o)
    0x08000166   0x08000166   0x00000002   Code   RO         4161    .ARM.Collect$$libshutdown$$00000010  c_w.l(libshutdown2.o)
    0x08000168   0x08000168   0x00000000   Code   RO         4032    .ARM.Collect$$rtentry$$00000000  c_w.l(__rtentry.o)
    0x08000168   0x08000168   0x00000000   Code   RO         4041    .ARM.Collect$$rtentry$$00000002  c_w.l(__rtentry2.o)
    0x08000168   0x08000168   0x00000006   Code   RO         4053    .ARM.Collect$$rtentry$$00000004  c_w.l(__rtentry4.o)
    0x0800016e   0x0800016e   0x00000000   Code   RO         4043    .ARM.Collect$$rtentry$$00000009  c_w.l(__rtentry2.o)
    0x0800016e   0x0800016e   0x00000004   Code   RO         4044    .ARM.Collect$$rtentry$$0000000A  c_w.l(__rtentry2.o)
    0x08000172   0x08000172   0x00000000   Code   RO         4046    .ARM.Collect$$rtentry$$0000000C  c_w.l(__rtentry2.o)
    0x08000172   0x08000172   0x00000008   Code   RO         4047    .ARM.Collect$$rtentry$$0000000D  c_w.l(__rtentry2.o)
    0x0800017a   0x0800017a   0x00000002   Code   RO         4068    .ARM.Collect$$rtexit$$00000000  c_w.l(rtexit.o)
    0x0800017c   0x0800017c   0x00000000   Code   RO         4116    .ARM.Collect$$rtexit$$00000002  c_w.l(rtexit2.o)
    0x0800017c   0x0800017c   0x00000004   Code   RO         4117    .ARM.Collect$$rtexit$$00000003  c_w.l(rtexit2.o)
    0x08000180   0x08000180   0x00000006   Code   RO         4118    .ARM.Collect$$rtexit$$00000004  c_w.l(rtexit2.o)
    0x08000186   0x08000186   0x00000002   PAD
    0x08000188   0x08000188   0x00000040   Code   RO          247    .text               startup_stm32f10x_md.o
    0x080001c8   0x080001c8   0x00000006   Code   RO         4002    .text               c_w.l(heapauxi.o)
    0x080001ce   0x080001ce   0x0000004a   Code   RO         4055    .text               c_w.l(sys_stackheap_outer.o)
    0x08000218   0x08000218   0x00000012   Code   RO         4057    .text               c_w.l(exit.o)
    0x0800022a   0x0800022a   0x00000002   PAD
    0x0800022c   0x0800022c   0x00000008   Code   RO         4065    .text               c_w.l(libspace.o)
    0x08000234   0x08000234   0x0000000c   Code   RO         4126    .text               c_w.l(sys_exit.o)
    0x08000240   0x08000240   0x00000002   Code   RO         4137    .text               c_w.l(use_no_semi.o)
    0x08000242   0x08000242   0x00000000   Code   RO         4139    .text               c_w.l(indicate_semi.o)
    0x08000242   0x08000242   0x00000002   PAD
    0x08000244   0x08000244   0x0000000c   Code   RO          535    i.BC26Connect       bc26.o
    0x08000250   0x08000250   0x00000250   Code   RO          430    i.BC26DataHandle    bc26rx.o
    0x080004a0   0x080004a0   0x00000250   Code   RO          661    i.BC26GetIPCheck    bc26task_getip_check.o
    0x080006f0   0x080006f0   0x00000038   Code   RO          536    i.BC26GpioInit      bc26.o
    0x08000728   0x08000728   0x000002f4   Code   RO          820    i.BC26MQTTConn      bc26task_mqtt_conn.o
    0x08000a1c   0x08000a1c   0x00000268   Code   RO          710    i.BC26MQTTInit      bc26task_mqtt_init.o
    0x08000c84   0x08000c84   0x00000334   Code   RO          763    i.BC26MQTTOpen      bc26task_mqtt_open.o
    0x08000fb8   0x08000fb8   0x00000070   Code   RO          538    i.BC26TaskInit      bc26.o
    0x08001028   0x08001028   0x00000048   Code   RO          512    i.BC26TxAtCommand   bc26tx.o
    0x08001070   0x08001070   0x00000004   Code   RO          147    i.BusFault_Handler  stm32f10x_it.o
    0x08001074   0x08001074   0x00000002   Code   RO          148    i.DebugMon_Handler  stm32f10x_it.o
    0x08001076   0x08001076   0x00000012   Code   RO          272    i.DelayInit         delay.o
    0x08001088   0x08001088   0x00000034   Code   RO          273    i.DelayMs           delay.o
    0x080010bc   0x080010bc   0x000000c0   Code   RO          977    i.GETDevicesID      flash.o
    0x0800117c   0x0800117c   0x00000116   Code   RO         2184    i.GPIO_Init         stm32f10x_gpio.o
    0x08001292   0x08001292   0x00000004   Code   RO         2192    i.GPIO_SetBits      stm32f10x_gpio.o
    0x08001296   0x08001296   0x00000004   Code   RO          149    i.HardFault_Handler  stm32f10x_it.o
    0x0800129a   0x0800129a   0x00000002   PAD
    0x0800129c   0x0800129c   0x00000050   Code   RO            1    i.InitTheSystem     main.o
    0x080012ec   0x080012ec   0x00000004   Code   RO          150    i.MemManage_Handler  stm32f10x_it.o
    0x080012f0   0x080012f0   0x00000002   Code   RO          151    i.NMI_Handler       stm32f10x_it.o
    0x080012f2   0x080012f2   0x00000002   PAD
    0x080012f4   0x080012f4   0x00000070   Code   RO         1033    i.NVIC_Init         misc.o
    0x08001364   0x08001364   0x00000014   Code   RO         1034    i.NVIC_PriorityGroupConfig  misc.o
    0x08001378   0x08001378   0x00000002   Code   RO          152    i.PendSV_Handler    stm32f10x_it.o
    0x0800137a   0x0800137a   0x00000036   Code   RO          251    i.QueueAdd          circularqueue.o
    0x080013b0   0x080013b0   0x00000034   Code   RO          252    i.QueueSub          circularqueue.o
    0x080013e4   0x080013e4   0x00000020   Code   RO         2600    i.RCC_APB1PeriphClockCmd  stm32f10x_rcc.o
    0x08001404   0x08001404   0x00000020   Code   RO         2601    i.RCC_APB1PeriphResetCmd  stm32f10x_rcc.o
    0x08001424   0x08001424   0x00000020   Code   RO         2602    i.RCC_APB2PeriphClockCmd  stm32f10x_rcc.o
    0x08001444   0x08001444   0x00000020   Code   RO         2603    i.RCC_APB2PeriphResetCmd  stm32f10x_rcc.o
    0x08001464   0x08001464   0x000000d4   Code   RO         2610    i.RCC_GetClocksFreq  stm32f10x_rcc.o
    0x08001538   0x08001538   0x00000034   Code   RO          403    i.RunTaskQueue      task.o
    0x0800156c   0x0800156c   0x00000002   Code   RO          153    i.SVC_Handler       stm32f10x_it.o
    0x0800156e   0x0800156e   0x00000008   Code   RO          210    i.SetSysClock       system_stm32f10x.o
    0x08001576   0x08001576   0x00000002   PAD
    0x08001578   0x08001578   0x000000e0   Code   RO          211    i.SetSysClockTo72   system_stm32f10x.o
    0x08001658   0x08001658   0x0000003e   Code   RO          981    i.StringEqual       flash.o
    0x08001696   0x08001696   0x00000012   Code   RO          982    i.StringLength      flash.o
    0x080016a8   0x080016a8   0x00000002   Code   RO          154    i.SysTick_Handler   stm32f10x_it.o
    0x080016aa   0x080016aa   0x00000002   PAD
    0x080016ac   0x080016ac   0x00000060   Code   RO          213    i.SystemInit        system_stm32f10x.o
    0x0800170c   0x0800170c   0x0000000c   Code   RO          275    i.SystickStops      delay.o
    0x08001718   0x08001718   0x00000060   Code   RO          302    i.TIM2_IRQHandler   timer.o
    0x08001778   0x08001778   0x00000006   Code   RO         3229    i.TIM_ClearITPendingBit  stm32f10x_tim.o
    0x0800177e   0x0800177e   0x00000018   Code   RO         3234    i.TIM_Cmd           stm32f10x_tim.o
    0x08001796   0x08001796   0x00000022   Code   RO         3255    i.TIM_GetITStatus   stm32f10x_tim.o
    0x080017b8   0x080017b8   0x00000012   Code   RO         3259    i.TIM_ITConfig      stm32f10x_tim.o
    0x080017ca   0x080017ca   0x00000002   PAD
    0x080017cc   0x080017cc   0x000000a4   Code   RO         3305    i.TIM_TimeBaseInit  stm32f10x_tim.o
    0x08001870   0x08001870   0x0000001e   Code   RO          404    i.TaskAdd           task.o
    0x0800188e   0x0800188e   0x00000066   Code   RO          303    i.TimeInit          timer.o
    0x080018f4   0x080018f4   0x00000038   Code   RO          304    i.TimerAdd          timer.o
    0x0800192c   0x0800192c   0x00000028   Code   RO          305    i.TimerLoopTimeOut  timer.o
    0x08001954   0x08001954   0x00000024   Code   RO          306    i.TimerSub          timer.o
    0x08001978   0x08001978   0x0000002c   Code   RO          344    i.USART1_IRQHandler  usart.o
    0x080019a4   0x080019a4   0x00000034   Code   RO          345    i.USART3_IRQHandler  usart.o
    0x080019d8   0x080019d8   0x00000012   Code   RO         3766    i.USART_ClearFlag   stm32f10x_usart.o
    0x080019ea   0x080019ea   0x0000001e   Code   RO         3767    i.USART_ClearITPendingBit  stm32f10x_usart.o
    0x08001a08   0x08001a08   0x00000018   Code   RO         3770    i.USART_Cmd         stm32f10x_usart.o
    0x08001a20   0x08001a20   0x0000009c   Code   RO         3772    i.USART_DeInit      stm32f10x_usart.o
    0x08001abc   0x08001abc   0x0000001a   Code   RO         3773    i.USART_GetFlagStatus  stm32f10x_usart.o
    0x08001ad6   0x08001ad6   0x00000054   Code   RO         3774    i.USART_GetITStatus  stm32f10x_usart.o
    0x08001b2a   0x08001b2a   0x0000004a   Code   RO         3776    i.USART_ITConfig    stm32f10x_usart.o
    0x08001b74   0x08001b74   0x000000d8   Code   RO         3777    i.USART_Init        stm32f10x_usart.o
    0x08001c4c   0x08001c4c   0x0000000a   Code   RO         3784    i.USART_ReceiveData  stm32f10x_usart.o
    0x08001c56   0x08001c56   0x00000008   Code   RO         3787    i.USART_SendData    stm32f10x_usart.o
    0x08001c5e   0x08001c5e   0x00000004   Code   RO          155    i.UsageFault_Handler  stm32f10x_it.o
    0x08001c62   0x08001c62   0x00000002   PAD
    0x08001c64   0x08001c64   0x000000b0   Code   RO          346    i.Usart1Init        usart.o
    0x08001d14   0x08001d14   0x000000b4   Code   RO          347    i.Usart3Init        usart.o
    0x08001dc8   0x08001dc8   0x0000001e   Code   RO          348    i.UsartSentData     usart.o
    0x08001de6   0x08001de6   0x0000001e   Code   RO          349    i.UsartSentDatas    usart.o
    0x08001e04   0x08001e04   0x00000038   Code   RO            2    i.main              main.o
    0x08001e3c   0x08001e3c   0x00000026   Data   RO          663    .constdata          bc26task_getip_check.o
    0x08001e62   0x08001e62   0x0000008b   Data   RO          712    .constdata          bc26task_mqtt_init.o
    0x08001eed   0x08001eed   0x00000025   Data   RO          765    .constdata          bc26task_mqtt_open.o
    0x08001f12   0x08001f12   0x00000025   Data   RO          822    .constdata          bc26task_mqtt_conn.o
    0x08001f37   0x08001f37   0x00000001   PAD
    0x08001f38   0x08001f38   0x00000020   Data   RO         4192    Region$$Table       anon$$obj.o


    Execution Region RW_IRAM1 (Exec base: 0x20000000, Load base: 0x08001f58, Size: 0x00001980, Max: 0x00005000, ABSOLUTE)

    Exec Addr    Load Addr    Size         Type   Attr      Idx    E Section Name        Object

    0x20000000   0x08001f58   0x00000009   Data   RW          307    .data               timer.o
    0x20000009   0x08001f61   0x00000002   Data   RW          350    .data               usart.o
    0x2000000b   0x08001f63   0x00000006   Data   RW          436    .data               bc26rx.o
    0x20000011   0x08001f69   0x00000001   Data   RW          514    .data               bc26tx.o
    0x20000012   0x08001f6a   0x00000002   PAD
    0x20000014   0x08001f6c   0x00000004   Data   RW          539    .data               bc26.o
    0x20000018   0x08001f70   0x00000001   Data   RW          622    .data               bc26task_device_check.o
    0x20000019   0x08001f71   0x00000004   Data   RW          664    .data               bc26task_getip_check.o
    0x2000001d   0x08001f75   0x00000003   Data   RW          713    .data               bc26task_mqtt_init.o
    0x20000020   0x08001f78   0x00000004   Data   RW          766    .data               bc26task_mqtt_open.o
    0x20000024   0x08001f7c   0x00000003   Data   RW          823    .data               bc26task_mqtt_conn.o
    0x20000027   0x08001f7f   0x00000003   Data   RW          856    .data               bc26task_mqtt_sub.o
    0x2000002a   0x08001f82   0x00000002   PAD
    0x2000002c   0x08001f84   0x00000050   Data   RW          985    .data               flash.o
    0x2000007c   0x08001fd4   0x00000014   Data   RW         2630    .data               stm32f10x_rcc.o
    0x20000090        -       0x0000106c   Zero   RW          435    .bss                bc26rx.o
    0x200010fc        -       0x000000a0   Zero   RW          513    .bss                bc26tx.o
    0x2000119c        -       0x0000003c   Zero   RW          662    .bss                bc26task_getip_check.o
    0x200011d8        -       0x0000003c   Zero   RW          711    .bss                bc26task_mqtt_init.o
    0x20001214        -       0x0000003c   Zero   RW          764    .bss                bc26task_mqtt_open.o
    0x20001250        -       0x0000003c   Zero   RW          821    .bss                bc26task_mqtt_conn.o
    0x2000128c        -       0x0000003c   Zero   RW          854    .bss                bc26task_mqtt_sub.o
    0x200012c8        -       0x0000003c   Zero   RW          888    .bss                bc26task_mqtt_pub.o
    0x20001304        -       0x00000019   Zero   RW          984    .bss                flash.o
    0x2000131d   0x08001fe8   0x00000003   PAD
    0x20001320        -       0x00000060   Zero   RW         4066    .bss                c_w.l(libspace.o)
    0x20001380        -       0x00000200   Zero   RW          245    HEAP                startup_stm32f10x_md.o
    0x20001580        -       0x00000400   Zero   RW          244    STACK               startup_stm32f10x_md.o


==============================================================================

Image component sizes


      Code (inc. data)   RO Data    RW Data    ZI Data      Debug   Object Name

       180         54          0          4          0       2876   bc26.o
       592         56          0          6       4204       3449   bc26rx.o
         0          0          0          1          0        809   bc26task_device_check.o
       592         92         38          4         60       3949   bc26task_getip_check.o
       756        128         37          3         60       2438   bc26task_mqtt_conn.o
       616        146        139          3         60       4544   bc26task_mqtt_init.o
       820        118         37          4         60       4342   bc26task_mqtt_open.o
         0          0          0          0         60       2447   bc26task_mqtt_pub.o
         0          0          0          3         60       1920   bc26task_mqtt_sub.o
        72         16          0          1        160       1318   bc26tx.o
       106          0          0          0          0       2014   circularqueue.o
         0          0          0          0          0         32   core_cm3.o
        82          0          0          0          0       1329   delay.o
       272          8          0         80         25       3376   flash.o
       136         50          0          0          0     253799   main.o
       132         22          0          0          0       1591   misc.o
        64         26        236          0       1536        788   startup_stm32f10x_md.o
       282          0          0          0          0       2555   stm32f10x_gpio.o
        26          0          0          0          0       3838   stm32f10x_it.o
       340         44          0         20          0       5572   stm32f10x_rcc.o
       246         42          0          0          0       3554   stm32f10x_tim.o
       646         28          0          0          0       7892   stm32f10x_usart.o
       328         28          0          0          0       1989   system_stm32f10x.o
        82          0          0          0          0       2065   task.o
       330         24          0          9          0       4023   timer.o
       512         32          0          2          0       3679   usart.o

    ----------------------------------------------------------------------
      7224        914        520        144       6288     326188   Object Totals
         0          0         32          0          0          0   (incl. Generated)
        12          0          1          4          3          0   (incl. Padding)

    ----------------------------------------------------------------------

      Code (inc. data)   RO Data    RW Data    ZI Data      Debug   Library Member Name

         8          0          0          0          0         68   __main.o
         0          0          0          0          0          0   __rtentry.o
        12          0          0          0          0          0   __rtentry2.o
         6          0          0          0          0          0   __rtentry4.o
        52          8          0          0          0          0   __scatter.o
        26          0          0          0          0          0   __scatter_copy.o
        28          0          0          0          0          0   __scatter_zi.o
        18          0          0          0          0         80   exit.o
         6          0          0          0          0        152   heapauxi.o
         0          0          0          0          0          0   indicate_semi.o
         2          0          0          0          0          0   libinit.o
         2          0          0          0          0          0   libinit2.o
         2          0          0          0          0          0   libshutdown.o
         2          0          0          0          0          0   libshutdown2.o
         8          4          0          0         96         68   libspace.o
         2          0          0          0          0          0   rtexit.o
        10          0          0          0          0          0   rtexit2.o
        12          4          0          0          0         68   sys_exit.o
        74          0          0          0          0         80   sys_stackheap_outer.o
         2          0          0          0          0         68   use_no_semi.o

    ----------------------------------------------------------------------
       280         16          0          0         96        584   Library Totals
         8          0          0          0          0          0   (incl. Padding)

    ----------------------------------------------------------------------

      Code (inc. data)   RO Data    RW Data    ZI Data      Debug   Library Name

       272         16          0          0         96        584   c_w.l

    ----------------------------------------------------------------------
       280         16          0          0         96        584   Library Totals

    ----------------------------------------------------------------------

==============================================================================


      Code (inc. data)   RO Data    RW Data    ZI Data      Debug   

      7504        930        520        144       6384     323284   Grand Totals
      7504        930        520        144       6384     323284   ELF Image Totals
      7504        930        520        144          0          0   ROM Totals

==============================================================================

    Total RO  Size (Code + RO Data)                 8024 (   7.84kB)
    Total RW  Size (RW Data + ZI Data)              6528 (   6.38kB)
    Total ROM Size (Code + RO Data + RW Data)       8168 (   7.98kB)

==============================================================================

